Component: ARM Compiler 5.06 update 6 (build 750) Tool: armlink [4d35ed]

==============================================================================

Section Cross References

    main.o(i.main) refers to system_lpc17xx.o(i.SystemCoreClockUpdate) for SystemCoreClockUpdate
    main.o(i.main) refers to led.o(i.LED_Initialize) for LED_Initialize
    main.o(i.main) refers to adc.o(i.init_adc) for init_adc
    main.o(i.main) refers to rtx_kernel.o(.text.osKernelInitialize) for osKernelInitialize
    main.o(i.main) refers to rtx_thread.o(.text.osThreadNew) for osThreadNew
    main.o(i.main) refers to rtx_kernel.o(.text.osKernelStart) for osKernelStart
    main.o(i.main) refers to http_server.o(.constdata) for app_main_attr
    main.o(i.main) refers to http_server.o(i.app_main) for app_main
    http_server.o(i.AD_in) refers to adc.o(i.medida_adc) for medida_adc
    http_server.o(i.BlinkLed) refers to led.o(i.LED_SetOut) for LED_SetOut
    http_server.o(i.BlinkLed) refers to rtx_delay.o(.text.osDelay) for osDelay
    http_server.o(i.BlinkLed) refers to http_server.o(.data) for .data
    http_server.o(i.Rtc) refers to rtc.o(i.initRTC) for initRTC
    http_server.o(i.Rtc) refers to lcd.o(i.init_lcd) for init_lcd
    http_server.o(i.Rtc) refers to lcd.o(i.LCD_reset) for LCD_reset
    http_server.o(i.Rtc) refers to lcd.o(i.lcd_clean) for lcd_clean
    http_server.o(i.Rtc) refers to rtc.o(i.getSeg) for getSeg
    http_server.o(i.Rtc) refers to rtc.o(i.getMin) for getMin
    http_server.o(i.Rtc) refers to rtc.o(i.getHora) for getHora
    http_server.o(i.Rtc) refers to printfa.o(i.__0sprintf) for __2sprintf
    http_server.o(i.Rtc) refers to rtc.o(i.getAnio) for getAnio
    http_server.o(i.Rtc) refers to rtc.o(i.getMes) for getMes
    http_server.o(i.Rtc) refers to rtc.o(i.getDia) for getDia
    http_server.o(i.Rtc) refers to lcd.o(i.actualizar) for actualizar
    http_server.o(i.Rtc) refers to http_server.o(.data) for .data
    http_server.o(i.app_main) refers to net_sys.o(i.netInitialize) for netInitialize
    http_server.o(i.app_main) refers to rtx_thread.o(.text.osThreadNew) for osThreadNew
    http_server.o(i.app_main) refers to rtx_thread.o(.text.osThreadExit) for osThreadExit
    http_server.o(i.app_main) refers to http_server.o(i.BlinkLed) for BlinkLed
    http_server.o(i.app_main) refers to http_server.o(.data) for .data
    http_server.o(i.app_main) refers to http_server.o(i.Rtc) for Rtc
    http_server.o(i.netDHCP_Notify) refers to printfa.o(i.__0sprintf) for __2sprintf
    http_server.o(i.netDHCP_Notify) refers to rtx_thread.o(.text.osThreadFlagsSet) for osThreadFlagsSet
    http_server.o(i.netDHCP_Notify) refers to http_server.o(.data) for .data
    http_server.o(.constdata) refers to http_server.o(.bss) for app_main_stk
    http_server_cgi.o(i.netCGI_ProcessData) refers to net_http_server.o(i.netCGI_GetEnvVar) for netCGI_GetEnvVar
    http_server_cgi.o(i.netCGI_ProcessData) refers to strcmp.o(.text) for strcmp
    http_server_cgi.o(i.netCGI_ProcessData) refers to strncmp.o(.text) for strncmp
    http_server_cgi.o(i.netCGI_ProcessData) refers to led.o(i.LED_SetOut) for LED_SetOut
    http_server_cgi.o(i.netCGI_ProcessData) refers to net_http_server.o(i.netHTTPs_LoginActive) for netHTTPs_LoginActive
    http_server_cgi.o(i.netCGI_ProcessData) refers to strcpy.o(.text) for strcpy
    http_server_cgi.o(i.netCGI_ProcessData) refers to net_http_server.o(i.netHTTPs_SetPassword) for netHTTPs_SetPassword
    http_server_cgi.o(i.netCGI_ProcessData) refers to rtx_thread.o(.text.osThreadFlagsSet) for osThreadFlagsSet
    http_server_cgi.o(i.netCGI_ProcessData) refers to http_server_cgi.o(.data) for .data
    http_server_cgi.o(i.netCGI_ProcessData) refers to http_server.o(.data) for LEDrun
    http_server_cgi.o(i.netCGI_ProcessQuery) refers to net_http_server.o(i.netCGI_GetEnvVar) for netCGI_GetEnvVar
    http_server_cgi.o(i.netCGI_ProcessQuery) refers to net_addr.o(i.netIP_aton) for netIP_aton
    http_server_cgi.o(i.netCGI_ProcessQuery) refers to net_sys.o(i.netIF_SetOption) for netIF_SetOption
    http_server_cgi.o(i.netCGI_ProcessQuery) refers to http_server_cgi.o(.bss) for .bss
    http_server_cgi.o(i.netCGI_Script) refers to net_sys.o(i.netIF_GetOption) for netIF_GetOption
    http_server_cgi.o(i.netCGI_Script) refers to net_addr.o(i.netIP_ntoa) for netIP_ntoa
    http_server_cgi.o(i.netCGI_Script) refers to printfa.o(i.__0sprintf) for __2sprintf
    http_server_cgi.o(i.netCGI_Script) refers to net_tcp.o(i.netTCP_GetState) for netTCP_GetState
    http_server_cgi.o(i.netCGI_Script) refers to net_tcp.o(i.netTCP_GetPeer) for netTCP_GetPeer
    http_server_cgi.o(i.netCGI_Script) refers to net_tcp.o(i.netTCP_GetTimer) for netTCP_GetTimer
    http_server_cgi.o(i.netCGI_Script) refers to net_tcp.o(i.netTCP_GetLocalPort) for netTCP_GetLocalPort
    http_server_cgi.o(i.netCGI_Script) refers to net_http_server.o(i.netHTTPs_LoginActive) for netHTTPs_LoginActive
[...]
    net_tcp_get_peer                         0x0000ae45   Thumb Code    80  net_tcp.o(i.net_tcp_get_peer)
    net_tcp_get_socket                       0x0000ae99   Thumb Code    64  net_tcp.o(i.net_tcp_get_socket)
    net_tcp_get_state                        0x0000aedd   Thumb Code    40  net_tcp.o(i.net_tcp_get_state)
    net_tcp_get_timer                        0x0000af09   Thumb Code    48  net_tcp.o(i.net_tcp_get_timer)
    net_tcp_listen                           0x0000af3d   Thumb Code   120  net_tcp.o(i.net_tcp_listen)
    net_tcp_process                          0x0000afb9   Thumb Code  1298  net_tcp.o(i.net_tcp_process)
    net_tcp_send                             0x0000b4cd   Thumb Code   222  net_tcp.o(i.net_tcp_send)
    net_tcp_set_option                       0x0000b5b5   Thumb Code   158  net_tcp.o(i.net_tcp_set_option)
    net_tcp_socket_init                      0x0000b659   Thumb Code    14  net_tcp.o(i.net_tcp_socket_init)
    net_tcp_socket_run                       0x0000b66d   Thumb Code   766  net_tcp.o(i.net_tcp_socket_run)
    net_udp_get_buf                          0x0000b979   Thumb Code    30  net_udp.o(i.net_udp_get_buf)
    net_udp_get_socket                       0x0000b999   Thumb Code    64  net_udp.o(i.net_udp_get_socket)
    net_udp_open                             0x0000b9dd   Thumb Code   104  net_udp.o(i.net_udp_open)
    net_udp_process                          0x0000ba4d   Thumb Code   256  net_udp.o(i.net_udp_process)
    net_udp_send                             0x0000bb59   Thumb Code   372  net_udp.o(i.net_udp_send)
    net_udp_socket_init                      0x0000bcd1   Thumb Code    16  net_udp.o(i.net_udp_socket_init)
    netif_create                             0x0000bce5   Thumb Code    38  net_config.o(i.netif_create)
    netif_lock                               0x0000bd15   Thumb Code     8  net_config.o(i.netif_lock)
    netif_unlock                             0x0000bd1d   Thumb Code     4  net_config.o(i.netif_unlock)
    netos_delay                              0x0000bd21   Thumb Code     4  net_config.o(i.netos_delay)
    netos_flag_clear                         0x0000bd25   Thumb Code     6  net_config.o(i.netos_flag_clear)
    netos_flag_set                           0x0000bd2b   Thumb Code     4  net_config.o(i.netos_flag_set)
    netos_flag_wait                          0x0000bd2f   Thumb Code     8  net_config.o(i.netos_flag_wait)
    netos_lock                               0x0000bd37   Thumb Code     8  net_config.o(i.netos_lock)
    netos_mutex_create                       0x0000bd41   Thumb Code    14  net_config.o(i.netos_mutex_create)
    netos_thread_create                      0x0000bd55   Thumb Code    10  net_config.o(i.netos_thread_create)
    netos_thread_pass                        0x0000bd69   Thumb Code     4  net_config.o(i.netos_thread_pass)
    netos_timer_create                       0x0000bd6d   Thumb Code    12  net_config.o(i.netos_timer_create)
    netos_timer_start                        0x0000bd81   Thumb Code     4  net_config.o(i.netos_timer_start)
    netos_unlock                             0x0000bd85   Thumb Code     4  net_config.o(i.netos_unlock)
    osRtxErrorNotify                         0x0000bd89   Thumb Code     2  rtx_config.o(i.osRtxErrorNotify)
    osRtxIdleThread                          0x0000bd8b   Thumb Code     2  rtx_config.o(i.osRtxIdleThread)
    wr_cmd                                   0x0000c6f1   Thumb Code    46  lcd.o(i.wr_cmd)
    wr_data                                  0x0000c725   Thumb Code    46  lcd.o(i.wr_data)
    app_main_attr                            0x0000c758   Data          36  http_server.o(.constdata)
    imageLastModified                        0x0000c77c   Data           4  web.o(.constdata)
    Arial12x12                               0x0001360c   Data        2400  lcd.o(.constdata)
    valores                                  0x00013f6c   Data          44  lcd.o(.constdata)
    LED_PIN                                  0x00013f98   Data           8  led.o(.constdata)
    osRtxUserSVC                             0x00014000   Data           4  rtx_lib.o(.constdata)
    Driver_ETH_PHY0                          0x00014008   Data          32  phy_dp83848c.o(.constdata)
    Driver_ETH_MAC0                          0x00014030   Data          68  emac_lpc17xx.o(.constdata)
    Driver_SPI1                              0x000140c8   Data          44  ssp_lpc17xx.o(.constdata)
    net_sys_config                           0x0001417c   Data          32  net_config.o(.constdata)
    net_eth0_config                          0x000141f8   Data          20  net_config.o(.constdata)
    netif_eth_config                         0x0001420c   Data          36  net_config.o(.constdata)
    net_localm                               0x00014230   Data          16  net_config.o(.constdata)
    net_localm6                              0x00014240   Data          16  net_config.o(.constdata)
    net_ip4_frag_config                      0x00014250   Data           8  net_config.o(.constdata)
    net_udp_config                           0x00014258   Data          12  net_config.o(.constdata)
    net_tcp_config                           0x00014264   Data          24  net_config.o(.constdata)
    net_http_config                          0x0001427c   Data          52  net_config.o(.constdata)
    netif_getopt_func                        0x000142f0   Data          16  net_config.o(.constdata)
    netif_setopt_func                        0x00014300   Data          16  net_config.o(.constdata)
    netif_send_func                          0x00014310   Data          16  net_config.o(.constdata)
    net_http_auth_basic_func                 0x00014424   Data          20  net_http_server_auth.o(.constdata)
    net_ping_payload                         0x00014438   Data          18  net_ping_core.o(.constdata)
    net_addr_unspec                          0x0001444a   Data          16  net_addr.o(.constdata)
    net_addr_bcast                           0x0001445a   Data           6  net_addr.o(.constdata)
    net_addr4_loopback                       0x00014460   Data           4  net_ip4.o(.constdata)
    net_addr6_all_nodes                      0x00014464   Data          16  net_ip6.o(.constdata)
    net_addr6_loopback                       0x00014474   Data          16  net_ip6.o(.constdata)
    net_addr6_all_routers                    0x00014484   Data          16  net_ip6.o(.constdata)
    net_http_error                           0x00014494   Data          24  net_http_server_err.o(.constdata)
    net_lib_version                          0x0001453c   Data           4  net_version.o(.constdata)
    network_ip4ip6_release_v7.12.0           0x0001453c   Data           4  net_version.o(.constdata)
    __ctype_table                            0x00014540   Data         129  ctype_o.o(.constdata)
    osRtxConfig                              0x000149c0   Data         104  rtx_lib.o(.rodata)
    os_cb_sections                           0x00014a28   Data          56  rtx_lib.o(.rodata)
    Region$$Table$$Base                      0x00014a6c   Number         0  anon$$obj.o(Region$$Table)
    Region$$Table$$Limit                     0x00014aac   Number         0  anon$$obj.o(Region$$Table)
    .bss.os.mutex.cb$$Base                   0x10000090   Number         0  net_config.o(.bss.os.mutex.cb)
    .bss.os.mutex.cb$$Limit                  0x100000c8   Number         0  net_config.o(.bss.os.mutex.cb)
    .bss.os.timer.cb$$Base                   0x100007c8   Number         0  net_config.o(.bss.os.timer.cb)
    .bss.os.timer.cb$$Limit                  0x100007e8   Number         0  net_config.o(.bss.os.timer.cb)
    LEDrun                                   0x100007e8   Data           1  http_server.o(.data)
    TID_Display                              0x100007ec   Data           4  http_server.o(.data)
    TID_Led                                  0x100007f0   Data           4  http_server.o(.data)
    TID_Rtc                                  0x100007f4   Data           4  http_server.o(.data)
    lcd_text                                 0x100007f8   Data          42  http_server.o(.data)
    adc_result                               0x1000082c   Data           2  adc.o(.data)
    SystemCoreClock                          0x10000838   Data           4  system_lpc17xx.o(.data)
    osRtxInfo                                0x10000868   Data         164  rtx_kernel.o(.data.os)
    buffer                                   0x10000d10   Data         512  lcd.o(.bss)
    L1                                       0x10000f10   Data         128  lcd.o(.bss)
    L2                                       0x10000f90   Data         128  lcd.o(.bss)
    net_http_control                         0x10004298   Data          20  net_http_server.o(.bss)
    net_sys_control                          0x100042bc   Data          40  net_sys.o(.bss)
    .bss.os.msgqueue.cb$$Base                0x2007d000   Number         0  rtx_lib.o(.bss.os.msgqueue.cb)
    .bss.os.msgqueue.cb$$Limit               0x2007d034   Number         0  rtx_lib.o(.bss.os.msgqueue.cb)
    .bss.os.semaphore.cb$$Base               0x2007d034   Number         0  net_config.o(.bss.os.semaphore.cb)
    .bss.os.semaphore.cb$$Limit              0x2007d044   Number         0  net_config.o(.bss.os.semaphore.cb)
    .bss.os.thread.cb$$Base                  0x2007d044   Number         0  rtx_lib.o(.bss.os.thread.cb)
    .bss.os.thread.cb$$Limit                 0x2007d154   Number         0  net_config.o(.bss.os.thread.cb)
    posicionL1                               0x2007d258   Data           1  lcd.o(.data)
    recoger1                                 0x2007d259   Data           1  lcd.o(.data)
    posicionL2                               0x2007d25a   Data           2  lcd.o(.data)
    comienzo                                 0x2007d25c   Data           2  lcd.o(.data)
    recoger2                                 0x2007d25e   Data           2  lcd.o(.data)
    SPIdrv                                   0x2007d260   Data           4  lcd.o(.data)
    j                                        0x2007d264   Data           4  lcd.o(.data)
    contador                                 0x2007d268   Data           4  rtc.o(.data)
    iap_entry                                0x2007d26c   Data           4  emac_lpc17xx.o(.data)
    net_eth_control                          0x200800c4   Data         152  net_eth.o(.bss)
    net_ping_control                         0x20080174   Data          40  net_ping_core.o(.bss)
    __initial_sp                             0x200803a0   Data           0  startup_lpc17xx.o(STACK)



==============================================================================

Memory Map of the image

  Image Entry point : 0x000000cd

  Load Region LR_IROM1 (Base: 0x00000000, Size: 0x00016670, Max: 0x00080000, ABSOLUTE, COMPRESSED[0x00014b28])

    Execution Region ER_IROM1 (Exec base: 0x00000000, Load base: 0x00000000, Size: 0x00014aac, Max: 0x00080000, ABSOLUTE)

    Exec Addr    Load Addr    Size         Type   Attr      Idx    E Section Name        Object

    0x00000000   0x00000000   0x000000cc   Data   RO         1147    RESET               startup_lpc17xx.o
    0x000000cc   0x000000cc   0x00000000   Code   RO         2843  * .ARM.Collect$$$$00000000  mc_w.l(entry.o)
    0x000000cc   0x000000cc   0x00000004   Code   RO         3143    .ARM.Collect$$$$00000001  mc_w.l(entry2.o)
    0x000000d0   0x000000d0   0x00000004   Code   RO         3146    .ARM.Collect$$$$00000004  mc_w.l(entry5.o)
    0x000000d4   0x000000d4   0x00000000   Code   RO         3148    .ARM.Collect$$$$00000008  mc_w.l(entry7b.o)
    0x000000d4   0x000000d4   0x00000000   Code   RO         3150    .ARM.Collect$$$$0000000A  mc_w.l(entry8b.o)
    0x000000d4   0x000000d4   0x00000008   Code   RO         3151    .ARM.Collect$$$$0000000B  mc_w.l(entry9a.o)
    0x000000dc   0x000000dc   0x00000000   Code   RO         3153    .ARM.Collect$$$$0000000D  mc_w.l(entry10a.o)
    0x000000dc   0x000000dc   0x00000000   Code   RO         3155    .ARM.Collect$$$$0000000F  mc_w.l(entry11a.o)
    0x000000dc   0x000000dc   0x00000004   Code   RO         3144    .ARM.Collect$$$$00002712  mc_w.l(entry2.o)
    0x000000e0   0x000000e0   0x00000024   Code   RO         1149    .text               startup_lpc17xx.o
    0x00000104   0x00000104   0x00000094   Code   RO         1812    .text               RTX_CM3.lib(irq_cm3.o)
    0x00000198   0x00000198   0x00000062   Code   RO         2846    .text               mc_w.l(uldiv.o)
    0x000001fa   0x000001fa   0x00000024   Code   RO         2848    .text               mc_w.l(memcpya.o)
    0x0000021e   0x0000021e   0x00000024   Code   RO         2850    .text               mc_w.l(memseta.o)
    0x00000242   0x00000242   0x0000000e   Code   RO         2852    .text               mc_w.l(strlen.o)
    0x00000250   0x00000250   0x0000001c   Code   RO         2854    .text               mc_w.l(strcmp.o)
    0x0000026c   0x0000026c   0x0000001a   Code   RO         2856    .text               mc_w.l(memcmp.o)
    0x00000286   0x00000286   0x00000012   Code   RO         2858    .text               mc_w.l(strcpy.o)
    0x00000298   0x00000298   0x0000001e   Code   RO         2860    .text               mc_w.l(strncmp.o)
    0x000002b6   0x000002b6   0x00000002   PAD
    0x000002b8   0x000002b8   0x00000038   Code   RO         3125    .text               mc_w.l(__0sscanf.o)
    0x000002f0   0x000002f0   0x0000000a   Code   RO         3139    .text               mf_w.l(ffltui.o)
    0x000002fa   0x000002fa   0x00000000   Code   RO         3211    .text               mc_w.l(iusefp.o)
    0x000002fa   0x000002fa   0x00000002   Code   RO         1486    .text.osRtxKernelPreInit  RTX_CM3.lib(rtx_kernel.o)
    0x000002fc   0x000002fc   0x00000004   Code   RO         1148    .ARM.__at_0x02FC    startup_lpc17xx.o
    0x00000300   0x00000300   0x0000014c   Code   RO         3127    .text               mc_w.l(_scanf_int.o)
    0x0000044c   0x0000044c   0x0000001a   Code   RO         3131    .text               mc_w.l(atoi.o)
    0x00000466   0x00000466   0x00000064   Code   RO         3135    .text               mf_w.l(fmul.o)
    0x000004ca   0x000004ca   0x0000002e   Code   RO         3137    .text               mf_w.l(dscalb.o)
    0x000004f8   0x000004f8   0x00000026   Code   RO         3141    .text               mf_w.l(f2d.o)
    0x0000051e   0x0000051e   0x0000002c   Code   RO         3160    .text               mc_w.l(uidiv.o)
    0x0000054a   0x0000054a   0x0000001e   Code   RO         3162    .text               mc_w.l(llshl.o)
    0x00000568   0x00000568   0x00000020   Code   RO         3164    .text               mc_w.l(llushr.o)
    0x00000588   0x00000588   0x00000008   Code   RO         3166    .text               mc_w.l(ctype_o.o)
    0x00000590   0x00000590   0x00000012   Code   RO         3188    .text               mc_w.l(isspace_o.o)
    0x000005a2   0x000005a2   0x0000001c   Code   RO         3201    .text               mc_w.l(_chval.o)
    0x000005be   0x000005be   0x00000002   PAD
    0x000005c0   0x000005c0   0x00000028   Code   RO         3203    .text               mc_w.l(scanf_char.o)
    0x000005e8   0x000005e8   0x00000040   Code   RO         3205    .text               mc_w.l(_sgetc.o)
    0x00000628   0x00000628   0x0000009e   Code   RO         3207    .text               mc_w.l(_strtoul.o)
    0x000006c6   0x000006c6   0x00000070   Code   RO         3209    .text               mc_w.l(strtol.o)
    0x00000736   0x00000736   0x0000006e   Code   RO         3212    .text               mf_w.l(fepilogue.o)
    0x000007a4   0x000007a4   0x0000014e   Code   RO         3214    .text               mf_w.l(dadd.o)
    0x000008f2   0x000008f2   0x000000e4   Code   RO         3216    .text               mf_w.l(dmul.o)
    0x000009d6   0x000009d6   0x000000de   Code   RO         3218    .text               mf_w.l(ddiv.o)
    0x00000ab4   0x00000ab4   0x00000030   Code   RO         3220    .text               mf_w.l(dfixul.o)
    0x00000ae4   0x00000ae4   0x00000030   Code   RO         3222    .text               mf_w.l(cdrcmple.o)
    0x00000b14   0x00000b14   0x00000024   Code   RO         3224    .text               mc_w.l(init.o)
    0x00000b38   0x00000b38   0x00000024   Code   RO         3227    .text               mc_w.l(llsshr.o)
    0x00000b5c   0x00000b5c   0x0000032c   Code   RO         3231    .text               mc_w.l(_scanf.o)
    0x00000e88   0x00000e88   0x000000ba   Code   RO         3234    .text               mf_w.l(depilogue.o)
    0x00000f42   0x00000f42   0x00000056   Code   RO         3246    .text               mc_w.l(__dczerorl2.o)
    0x00000f98   0x00000f98   0x00000044   Code   RO         2480    .text.MessageQueueGet  RTX_CM3.lib(rtx_msgqueue.o)
    0x00000fdc   0x00000fdc   0x00000062   Code   RO         2474    .text.MessageQueuePut  RTX_CM3.lib(rtx_msgqueue.o)
    0x0000103e   0x0000103e   0x0000001c   Code   RO         2472    .text.MessageQueueRemove  RTX_CM3.lib(rtx_msgqueue.o)
    0x0000105a   0x0000105a   0x00000002   PAD
    0x0000105c   0x0000105c   0x0000000c   Code   RO         2518    .text.OS_Tick_AcknowledgeIRQ  RTX_CM3.lib(os_systick.o)
    0x00001068   0x00001068   0x0000002c   Code   RO         2514    .text.OS_Tick_Enable  RTX_CM3.lib(os_systick.o)
    0x00001094   0x00001094   0x0000000c   Code   RO         2522    .text.OS_Tick_GetClock  RTX_CM3.lib(os_systick.o)
    0x000010a0   0x000010a0   0x00000010   Code   RO         2526    .text.OS_Tick_GetCount  RTX_CM3.lib(os_systick.o)
    0x000010b0   0x000010b0   0x00000006   Code   RO         2520    .text.OS_Tick_GetIRQn  RTX_CM3.lib(os_systick.o)
    0x000010b6   0x000010b6   0x00000002   PAD
    0x000010b8   0x000010b8   0x0000000c   Code   RO         2524    .text.OS_Tick_GetInterval  RTX_CM3.lib(os_systick.o)
    0x000010c4   0x000010c4   0x00000010   Code   RO         2528    .text.OS_Tick_GetOverflow  RTX_CM3.lib(os_systick.o)
    0x000010d4   0x000010d4   0x00000040   Code   RO         2512    .text.OS_Tick_Setup  RTX_CM3.lib(os_systick.o)
    0x00001114   0x00001114   0x0000006a   Code   RO         1631    .text.ThreadFlagsCheck  RTX_CM3.lib(rtx_thread.o)
    0x0000117e   0x0000117e   0x00000002   PAD
    0x00001180   0x00001180   0x00000050   Code   RO         1717    .text.TimerInsert   RTX_CM3.lib(rtx_timer.o)
    0x000011d0   0x000011d0   0x00000028   Code   RO         1725    .text.TimerRemove   RTX_CM3.lib(rtx_timer.o)
    0x000011f8   0x000011f8   0x00000024   Code   RO         1684    .text.osDelay       RTX_CM3.lib(rtx_delay.o)
    0x0000121c   0x0000121c   0x00000024   Code   RO         1518    .text.osKernelGetSysTimerCount  RTX_CM3.lib(rtx_kernel.o)
    0x00001240   0x00001240   0x00000024   Code   RO         1522    .text.osKernelGetSysTimerFreq  RTX_CM3.lib(rtx_kernel.o)
    0x00001264   0x00001264   0x0000002c   Code   RO         1488    .text.osKernelInitialize  RTX_CM3.lib(rtx_kernel.o)
    0x00001290   0x00001290   0x00000024   Code   RO         1498    .text.osKernelStart  RTX_CM3.lib(rtx_kernel.o)
    0x000012b4   0x000012b4   0x0000006c   Code   RO         2446    .text.osMessageQueueGet  RTX_CM3.lib(rtx_msgqueue.o)
    0x00001320   0x00001320   0x00000024   Code   RO         2440    .text.osMessageQueueNew  RTX_CM3.lib(rtx_msgqueue.o)
    0x00001344   0x00001344   0x00000078   Code   RO         2444    .text.osMessageQueuePut  RTX_CM3.lib(rtx_msgqueue.o)
    0x000013bc   0x000013bc   0x00000024   Code   RO         1748    .text.osMutexAcquire  RTX_CM3.lib(rtx_mutex.o)
    0x000013e0   0x000013e0   0x00000024   Code   RO         1744    .text.osMutexNew    RTX_CM3.lib(rtx_mutex.o)
    0x00001404   0x00001404   0x00000024   Code   RO         1750    .text.osMutexRelease  RTX_CM3.lib(rtx_mutex.o)
    0x00001428   0x00001428   0x00000080   Code   RO         2374    .text.osRtxMemoryAlloc  RTX_CM3.lib(rtx_memory.o)
    0x000014a8   0x000014a8   0x00000052   Code   RO         2376    .text.osRtxMemoryFree  RTX_CM3.lib(rtx_memory.o)
    0x000014fa   0x000014fa   0x00000036   Code   RO         2372    .text.osRtxMemoryInit  RTX_CM3.lib(rtx_memory.o)
    0x00001530   0x00001530   0x0000003a   Code   RO         2389    .text.osRtxMemoryPoolAlloc  RTX_CM3.lib(rtx_mempool.o)
    0x0000156a   0x0000156a   0x0000004a   Code   RO         2391    .text.osRtxMemoryPoolFree  RTX_CM3.lib(rtx_mempool.o)
    0x000015b4   0x000015b4   0x00000046   Code   RO         2387    .text.osRtxMemoryPoolInit  RTX_CM3.lib(rtx_mempool.o)
    0x000015fa   0x000015fa   0x000000ba   Code   RO         2470    .text.osRtxMessageQueuePostProcess  RTX_CM3.lib(rtx_msgqueue.o)
    0x000016b4   0x000016b4   0x0000004a   Code   RO         1742    .text.osRtxMutexOwnerRelease  RTX_CM3.lib(rtx_mutex.o)
    0x000016fe   0x000016fe   0x00000002   PAD
    0x00001700   0x00001700   0x00000090   Code   RO         2499    .text.osRtxPendSV_Handler  RTX_CM3.lib(rtx_system.o)
    0x00001790   0x00001790   0x00000074   Code   RO         2501    .text.osRtxPostProcess  RTX_CM3.lib(rtx_system.o)
    0x00001804   0x00001804   0x00000036   Code   RO         1793    .text.osRtxSemaphorePostProcess  RTX_CM3.lib(rtx_semaphore.o)
    0x0000183a   0x0000183a   0x00000002   PAD
    0x0000183c   0x0000183c   0x00000038   Code   RO         1571    .text.osRtxThreadBlock  RTX_CM3.lib(rtx_thread.o)
    0x00001874   0x00001874   0x00000088   Code   RO         1579    .text.osRtxThreadDelayInsert  RTX_CM3.lib(rtx_thread.o)
    0x000018fc   0x000018fc   0x0000003c   Code   RO         1575    .text.osRtxThreadDelayRemove  RTX_CM3.lib(rtx_thread.o)
    0x00001938   0x00001938   0x00000034   Code   RO         1561    .text.osRtxThreadDelayTick  RTX_CM3.lib(rtx_thread.o)
    0x0000196c   0x0000196c   0x0000005c   Code   RO         1569    .text.osRtxThreadDispatch  RTX_CM3.lib(rtx_thread.o)
    0x000019c8   0x000019c8   0x00000058   Code   RO         1655    .text.osRtxThreadFree  RTX_CM3.lib(rtx_thread.o)
    0x00001a20   0x00001a20   0x00000014   Code   RO         1553    .text.osRtxThreadListGet  RTX_CM3.lib(rtx_thread.o)
    0x00001a34   0x00001a34   0x0000002a   Code   RO         1551    .text.osRtxThreadListPut  RTX_CM3.lib(rtx_thread.o)
    0x00001a5e   0x00001a5e   0x00000014   Code   RO         1557    .text.osRtxThreadListRemove  RTX_CM3.lib(rtx_thread.o)
    0x00001a72   0x00001a72   0x00000028   Code   RO         1555    .text.osRtxThreadListSort  RTX_CM3.lib(rtx_thread.o)
    0x00001a9a   0x00001a9a   0x0000002a   Code   RO         1629    .text.osRtxThreadPostProcess  RTX_CM3.lib(rtx_thread.o)
    0x00001ac4   0x00001ac4   0x00000014   Code   RO         1559    .text.osRtxThreadReadyPut  RTX_CM3.lib(rtx_thread.o)
    0x00001ad8   0x00001ad8   0x00000006   Code   RO         1563    .text.osRtxThreadRegPtr  RTX_CM3.lib(rtx_thread.o)
    0x00001ade   0x00001ade   0x00000002   PAD
    0x00001ae0   0x00001ae0   0x00000028   Code   RO         1567    .text.osRtxThreadStackCheck  RTX_CM3.lib(rtx_thread.o)
    0x00001b08   0x00001b08   0x00000040   Code   RO         1581    .text.osRtxThreadStartup  RTX_CM3.lib(rtx_thread.o)
    0x00001b48   0x00001b48   0x00000010   Code   RO         1565    .text.osRtxThreadSwitch  RTX_CM3.lib(rtx_thread.o)
    0x00001b58   0x00001b58   0x0000003c   Code   RO         1577    .text.osRtxThreadWaitEnter  RTX_CM3.lib(rtx_thread.o)
    0x00001b94   0x00001b94   0x00000024   Code   RO         1573    .text.osRtxThreadWaitExit  RTX_CM3.lib(rtx_thread.o)
    0x00001bb8   0x00001bb8   0x00000070   Code   RO         2497    .text.osRtxTick_Handler  RTX_CM3.lib(rtx_system.o)
    0x00001c28   0x00001c28   0x0000003c   Code   RO         1701    .text.osRtxTimerThread  RTX_CM3.lib(rtx_timer.o)
    0x00001c64   0x00001c64   0x00000058   Code   RO         1703    .text.osRtxTimerTick  RTX_CM3.lib(rtx_timer.o)
    0x00001cbc   0x00001cbc   0x00000054   Code   RO         1781    .text.osSemaphoreAcquire  RTX_CM3.lib(rtx_semaphore.o)
    0x00001d10   0x00001d10   0x00000024   Code   RO         1777    .text.osSemaphoreNew  RTX_CM3.lib(rtx_semaphore.o)
    0x00001d34   0x00001d34   0x00000064   Code   RO         1783    .text.osSemaphoreRelease  RTX_CM3.lib(rtx_semaphore.o)
    0x00001d98   0x00001d98   0x0000000c   Code   RO         1613    .text.osThreadExit  RTX_CM3.lib(rtx_thread.o)
    0x00001da4   0x00001da4   0x00000024   Code   RO         1623    .text.osThreadFlagsClear  RTX_CM3.lib(rtx_thread.o)
    0x00001dc8   0x00001dc8   0x00000058   Code   RO         1621    .text.osThreadFlagsSet  RTX_CM3.lib(rtx_thread.o)
    0x00001e20   0x00001e20   0x00000024   Code   RO         1627    .text.osThreadFlagsWait  RTX_CM3.lib(rtx_thread.o)
    0x00001e44   0x00001e44   0x00000024   Code   RO         1585    .text.osThreadNew   RTX_CM3.lib(rtx_thread.o)
    0x00001e68   0x00001e68   0x00000024   Code   RO         1603    .text.osThreadYield  RTX_CM3.lib(rtx_thread.o)
    0x00001e8c   0x00001e8c   0x00000030   Code   RO         1705    .text.osTimerNew    RTX_CM3.lib(rtx_timer.o)
    0x00001ebc   0x00001ebc   0x00000024   Code   RO         1709    .text.osTimerStart  RTX_CM3.lib(rtx_timer.o)
    0x00001ee0   0x00001ee0   0x00000014   Code   RO         1688    .text.svcRtxDelay   RTX_CM3.lib(rtx_delay.o)
    0x00001ef4   0x00001ef4   0x00000028   Code   RO         1520    .text.svcRtxKernelGetSysTimerCount  RTX_CM3.lib(rtx_kernel.o)
    0x00001f1c   0x00001f1c   0x00000004   Code   RO         1524    .text.svcRtxKernelGetSysTimerFreq  RTX_CM3.lib(rtx_kernel.o)
    0x00001f20   0x00001f20   0x00000154   Code   RO         1526    .text.svcRtxKernelInitialize  RTX_CM3.lib(rtx_kernel.o)
    0x00002074   0x00002074   0x00000088   Code   RO         1528    .text.svcRtxKernelStart  RTX_CM3.lib(rtx_kernel.o)
    0x000020fc   0x000020fc   0x000000e0   Code   RO         2482    .text.svcRtxMessageQueueGet  RTX_CM3.lib(rtx_msgqueue.o)
    0x000021dc   0x000021dc   0x00000134   Code   RO         2468    .text.svcRtxMessageQueueNew  RTX_CM3.lib(rtx_msgqueue.o)
    0x00002310   0x00002310   0x000000c0   Code   RO         2478    .text.svcRtxMessageQueuePut  RTX_CM3.lib(rtx_msgqueue.o)
    0x000023d0   0x000023d0   0x00000090   Code   RO         1760    .text.svcRtxMutexAcquire  RTX_CM3.lib(rtx_mutex.o)
    0x00002460   0x00002460   0x0000006c   Code   RO         1756    .text.svcRtxMutexNew  RTX_CM3.lib(rtx_mutex.o)
    0x000024cc   0x000024cc   0x000000b8   Code   RO         1762    .text.svcRtxMutexRelease  RTX_CM3.lib(rtx_mutex.o)
    0x00002584   0x00002584   0x00000058   Code   RO         1797    .text.svcRtxSemaphoreAcquire  RTX_CM3.lib(rtx_semaphore.o)
    0x000025dc   0x000025dc   0x00000080   Code   RO         1791    .text.svcRtxSemaphoreNew  RTX_CM3.lib(rtx_semaphore.o)
    0x0000265c   0x0000265c   0x00000054   Code   RO         1799    .text.svcRtxSemaphoreRelease  RTX_CM3.lib(rtx_semaphore.o)
    0x000026b0   0x000026b0   0x00000070   Code   RO         1659    .text.svcRtxThreadExit  RTX_CM3.lib(rtx_thread.o)
    0x00002720   0x00002720   0x00000034   Code   RO         1669    .text.svcRtxThreadFlagsClear  RTX_CM3.lib(rtx_thread.o)
    0x00002754   0x00002754   0x00000066   Code   RO         1667    .text.svcRtxThreadFlagsSet  RTX_CM3.lib(rtx_thread.o)
    0x000027ba   0x000027ba   0x00000002   PAD
    0x000027bc   0x000027bc   0x0000004c   Code   RO         1673    .text.svcRtxThreadFlagsWait  RTX_CM3.lib(rtx_thread.o)
    0x00002808   0x00002808   0x000001dc   Code   RO         1583    .text.svcRtxThreadNew  RTX_CM3.lib(rtx_thread.o)
    0x000029e4   0x000029e4   0x00000038   Code   RO         1645    .text.svcRtxThreadYield  RTX_CM3.lib(rtx_thread.o)
    0x00002a1c   0x00002a1c   0x0000007c   Code   RO         1719    .text.svcRtxTimerNew  RTX_CM3.lib(rtx_timer.o)
    0x00002a98   0x00002a98   0x0000004c   Code   RO         1723    .text.svcRtxTimerStart  RTX_CM3.lib(rtx_timer.o)
    0x00002ae4   0x00002ae4   0x0000000e   Code   RO           86    i.AD_in             http_server.o
    0x00002af2   0x00002af2   0x00000002   PAD
    0x00002af4   0x00002af4   0x00000040   Code   RO           87    i.BlinkLed          http_server.o
    0x00002b34   0x00002b34   0x0000001c   Code   RO          968    i.Clear_Channel_active_flag  gpdma_lpc17xx.o
    0x00002b50   0x00002b50   0x00000130   Code   RO          647    i.Control           emac_lpc17xx.o
    0x00002c80   0x00002c80   0x00000006   Code   RO          648    i.ControlTimer      emac_lpc17xx.o
    0x00002c86   0x00002c86   0x00000002   PAD
    0x00002c88   0x00002c88   0x000000e8   Code   RO          969    i.DMA_IRQHandler    gpdma_lpc17xx.o
    0x00002d70   0x00002d70   0x0000003c   Code   RO          649    i.ENET_IRQHandler   emac_lpc17xx.o
    0x00002dac   0x00002dac   0x00000058   Code   RO          257    i.EscribeLetra_L1   lcd.o
    0x00002e04   0x00002e04   0x0000005c   Code   RO          258    i.EscribeLetra_L2   lcd.o
    0x00002e60   0x00002e60   0x000000c8   Code   RO          970    i.GPDMA_ChannelConfigure  gpdma_lpc17xx.o
    0x00002f28   0x00002f28   0x0000002c   Code   RO          971    i.GPDMA_ChannelDisable  gpdma_lpc17xx.o
    0x00002f54   0x00002f54   0x00000030   Code   RO          973    i.GPDMA_ChannelGetCount  gpdma_lpc17xx.o
    0x00002f84   0x00002f84   0x00000074   Code   RO          975    i.GPDMA_Initialize  gpdma_lpc17xx.o
    0x00002ff8   0x00002ff8   0x00000034   Code   RO          976    i.GPDMA_PeripheralSelect  gpdma_lpc17xx.o
    0x0000302c   0x0000302c   0x00000048   Code   RO          977    i.GPDMA_Uninitialize  gpdma_lpc17xx.o
    0x00003074   0x00003074   0x00000018   Code   RO         1059    i.GPIO_PinWrite     gpio_lpc17xx.o
    0x0000308c   0x0000308c   0x0000001c   Code   RO         1060    i.GPIO_PortClock    gpio_lpc17xx.o
    0x000030a8   0x000030a8   0x00000010   Code   RO         1061    i.GPIO_PortRead     gpio_lpc17xx.o
    0x000030b8   0x000030b8   0x00000020   Code   RO         1063    i.GPIO_SetDir       gpio_lpc17xx.o
    0x000030d8   0x000030d8   0x0000000c   Code   RO          650    i.GetCapabilities   emac_lpc17xx.o
    0x000030e4   0x000030e4   0x0000005c   Code   RO          584    i.GetLinkInfo       phy_dp83848c.o
    0x00003140   0x00003140   0x00000028   Code   RO          585    i.GetLinkState      phy_dp83848c.o
    0x00003168   0x00003168   0x0000003c   Code   RO          651    i.GetMacAddress     emac_lpc17xx.o
    0x000031a4   0x000031a4   0x00000044   Code   RO          652    i.GetRxFrameSize    emac_lpc17xx.o
    0x000031e8   0x000031e8   0x00000006   Code   RO          653    i.GetRxFrameTime    emac_lpc17xx.o
    0x000031ee   0x000031ee   0x00000002   PAD
    0x000031f0   0x000031f0   0x0000003c   Code   RO          801    i.GetSSPClockFreq   ssp_lpc17xx.o
    0x0000322c   0x0000322c   0x00000006   Code   RO          654    i.GetTxFrameTime    emac_lpc17xx.o
    0x00003232   0x00003232   0x00000002   PAD
    0x00003234   0x00003234   0x0000000c   Code   RO          586    i.GetVersion        phy_dp83848c.o
    0x00003240   0x00003240   0x0000000c   Code   RO          655    i.GetVersion        emac_lpc17xx.o
    0x0000324c   0x0000324c   0x00000018   Code   RO          410    i.IAlarma           rtc.o
    0x00003264   0x00003264   0x00000028   Code   RO          587    i.Initialize        phy_dp83848c.o
    0x0000328c   0x0000328c   0x0000014c   Code   RO          656    i.Initialize        emac_lpc17xx.o
    0x000033d8   0x000033d8   0x0000001c   Code   RO          259    i.LCD_reset         lcd.o
    0x000033f4   0x000033f4   0x0000004c   Code   RO          355    i.LED_Initialize    led.o
    0x00003440   0x00003440   0x00000028   Code   RO          356    i.LED_Off           led.o
    0x00003468   0x00003468   0x00000028   Code   RO          357    i.LED_On            led.o
    0x00003490   0x00003490   0x00000026   Code   RO          358    i.LED_SetOut        led.o
    0x000034b6   0x000034b6   0x00000002   PAD
    0x000034b8   0x000034b8   0x000000f8   Code   RO          657    i.PHY_Read          emac_lpc17xx.o
    0x000035b0   0x000035b0   0x000000c0   Code   RO          658    i.PHY_Write         emac_lpc17xx.o
    0x00003670   0x00003670   0x00000068   Code   RO         1112    i.PIN_Configure     pin_lpc17xx.o
    0x000036d8   0x000036d8   0x0000008c   Code   RO          588    i.PowerControl      phy_dp83848c.o
    0x00003764   0x00003764   0x0000017c   Code   RO          659    i.PowerControl      emac_lpc17xx.o
    0x000038e0   0x000038e0   0x00000030   Code   RO          411    i.RTC_IRQHandler    rtc.o
    0x00003910   0x00003910   0x00000070   Code   RO          660    i.ReadFrame         emac_lpc17xx.o
    0x00003980   0x00003980   0x000000b8   Code   RO           88    i.Rtc               http_server.o
    0x00003a38   0x00003a38   0x0000000c   Code   RO          802    i.SSP1_Control      ssp_lpc17xx.o
    0x00003a44   0x00003a44   0x0000000c   Code   RO          803    i.SSP1_GPDMA_Rx_SignalEvent  ssp_lpc17xx.o
    0x00003a50   0x00003a50   0x0000000c   Code   RO          804    i.SSP1_GPDMA_Tx_SignalEvent  ssp_lpc17xx.o
    0x00003a5c   0x00003a5c   0x00000028   Code   RO          805    i.SSP1_GetDataCount  ssp_lpc17xx.o
    0x00003a84   0x00003a84   0x0000004c   Code   RO          806    i.SSP1_GetStatus    ssp_lpc17xx.o
    0x00003ad0   0x00003ad0   0x0000000c   Code   RO          807    i.SSP1_IRQHandler   ssp_lpc17xx.o
    0x00003adc   0x00003adc   0x0000000c   Code   RO          808    i.SSP1_Initialize   ssp_lpc17xx.o
    0x00003ae8   0x00003ae8   0x0000000c   Code   RO          809    i.SSP1_PowerControl  ssp_lpc17xx.o
    0x00003af4   0x00003af4   0x0000000c   Code   RO          810    i.SSP1_Receive      ssp_lpc17xx.o
    0x00003b00   0x00003b00   0x0000000c   Code   RO          811    i.SSP1_Send         ssp_lpc17xx.o
    0x00003b0c   0x00003b0c   0x0000000c   Code   RO          812    i.SSP1_Transfer     ssp_lpc17xx.o
    0x00003b18   0x00003b18   0x0000000c   Code   RO          813    i.SSP1_Uninitialize  ssp_lpc17xx.o
    0x00003b24   0x00003b24   0x0000000c   Code   RO          814    i.SSP_GetCapabilities  ssp_lpc17xx.o
    0x00003b30   0x00003b30   0x0000000c   Code   RO          815    i.SSP_GetVersion    ssp_lpc17xx.o
    0x00003b3c   0x00003b3c   0x000003e4   Code   RO          816    i.SSPx_Control      ssp_lpc17xx.o
    0x00003f20   0x00003f20   0x0000001e   Code   RO          817    i.SSPx_GPDMA_Rx_SignalEvent  ssp_lpc17xx.o
    0x00003f3e   0x00003f3e   0x0000000c   Code   RO          818    i.SSPx_GPDMA_Tx_SignalEvent  ssp_lpc17xx.o
    0x00003f4a   0x00003f4a   0x000000ce   Code   RO          819    i.SSPx_IRQHandler   ssp_lpc17xx.o
    0x00004018   0x00004018   0x00000094   Code   RO          820    i.SSPx_Initialize   ssp_lpc17xx.o
    0x000040ac   0x000040ac   0x00000168   Code   RO          821    i.SSPx_PowerControl  ssp_lpc17xx.o
    0x00004214   0x00004214   0x0000012c   Code   RO          822    i.SSPx_Receive      ssp_lpc17xx.o
    0x00004340   0x00004340   0x0000012c   Code   RO          823    i.SSPx_Send         ssp_lpc17xx.o
    0x0000446c   0x0000446c   0x00000134   Code   RO          824    i.SSPx_Transfer     ssp_lpc17xx.o
    0x000045a0   0x000045a0   0x00000064   Code   RO          825    i.SSPx_Uninitialize  ssp_lpc17xx.o
    0x00004604   0x00004604   0x000000a0   Code   RO          661    i.SendFrame         emac_lpc17xx.o
    0x000046a4   0x000046a4   0x000000b4   Code   RO          662    i.SetAddressFilter  emac_lpc17xx.o
    0x00004758   0x00004758   0x0000002c   Code   RO          589    i.SetInterface      phy_dp83848c.o
    0x00004784   0x00004784   0x00000030   Code   RO          663    i.SetMacAddress     emac_lpc17xx.o
    0x000047b4   0x000047b4   0x00000064   Code   RO          590    i.SetMode           phy_dp83848c.o
    0x00004818   0x00004818   0x0000002c   Code   RO          978    i.Set_Channel_active_flag  gpdma_lpc17xx.o
    0x00004844   0x00004844   0x000000d0   Code   RO         1158    i.SystemCoreClockUpdate  system_lpc17xx.o
    0x00004914   0x00004914   0x000000d0   Code   RO         1159    i.SystemInit        system_lpc17xx.o
    0x000049e4   0x000049e4   0x00000014   Code   RO          591    i.Uninitialize      phy_dp83848c.o
    0x000049f8   0x000049f8   0x000000c8   Code   RO          664    i.Uninitialize      emac_lpc17xx.o
    0x00004ac0   0x00004ac0   0x00000028   Code   RO         3099    i.__0sprintf        mc_w.l(printfa.o)
    0x00004ae8   0x00004ae8   0x0000001a   Code   RO          826    i.__NVIC_ClearPendingIRQ  ssp_lpc17xx.o
    0x00004b02   0x00004b02   0x0000001a   Code   RO          979    i.__NVIC_ClearPendingIRQ  gpdma_lpc17xx.o
    0x00004b1c   0x00004b1c   0x00000008   Code   RO         3194    i.__aeabi_errno_addr  mc_w.l(errno.o)
    0x00004b24   0x00004b24   0x0000000e   Code   RO         3240    i.__scatterload_copy  mc_w.l(handlers.o)
    0x00004b32   0x00004b32   0x00000002   Code   RO         3241    i.__scatterload_null  mc_w.l(handlers.o)
    0x00004b34   0x00004b34   0x0000000e   Code   RO         3242    i.__scatterload_zeroinit  mc_w.l(handlers.o)
    0x00004b42   0x00004b42   0x00000002   PAD
    0x00004b44   0x00004b44   0x00000184   Code   RO         3104    i._fp_digits        mc_w.l(printfa.o)
    0x00004cc8   0x00004cc8   0x000006dc   Code   RO         3105    i._printf_core      mc_w.l(printfa.o)
    0x000053a4   0x000053a4   0x00000024   Code   RO         3106    i._printf_post_padding  mc_w.l(printfa.o)
    0x000053c8   0x000053c8   0x0000002e   Code   RO         3107    i._printf_pre_padding  mc_w.l(printfa.o)
    0x000053f6   0x000053f6   0x0000000a   Code   RO         3109    i._sputc            mc_w.l(printfa.o)
    0x00005400   0x00005400   0x00000064   Code   RO          260    i.actualizar        lcd.o
    0x00005464   0x00005464   0x00000034   Code   RO         2091    i.add_server_id     Net_CM3_L.lib(net_http_server.o)
    0x00005498   0x00005498   0x00000030   Code   RO           89    i.app_main          http_server.o
    0x000054c8   0x000054c8   0x00000084   Code   RO         2539    i.arp_cache_alloc   Net_CM3_L.lib(net_arp.o)
    0x0000554c   0x0000554c   0x00000040   Code   RO         2540    i.arp_is_cacheable  Net_CM3_L.lib(net_arp.o)
    0x0000558c   0x0000558c   0x00000040   Code   RO         2541    i.arp_probe_run     Net_CM3_L.lib(net_arp.o)
    0x000055cc   0x000055cc   0x000000b8   Code   RO         2542    i.arp_proc_response  Net_CM3_L.lib(net_arp.o)
    0x00005684   0x00005684   0x0000001a   Code   RO         2543    i.arp_que_free      Net_CM3_L.lib(net_arp.o)
    0x0000569e   0x0000569e   0x00000002   PAD
    0x000056a0   0x000056a0   0x00000078   Code   RO         2544    i.arp_send_reply    Net_CM3_L.lib(net_arp.o)
    0x00005718   0x00005718   0x000000a0   Code   RO         2545    i.arp_send_request  Net_CM3_L.lib(net_arp.o)
    0x000057b8   0x000057b8   0x00000068   Code   RO         2546    i.arp_sender_valid  Net_CM3_L.lib(net_arp.o)
    0x00005820   0x00005820   0x00000170   Code   RO         2092    i.chk_post_req      Net_CM3_L.lib(net_http_server.o)
    0x00005990   0x00005990   0x000000b0   Code   RO          261    i.copy_to_lcd       lcd.o
    0x00005a40   0x00005a40   0x00000028   Code   RO         2781    i.crc32_8bit        Net_CM3_L.lib(net_common.o)
    0x00005a68   0x00005a68   0x000000c4   Code   RO         1816    i.eth_check_link    Net_CM3_L.lib(net_eth.o)
    0x00005b2c   0x00005b2c   0x0000000c   Code   RO         1817    i.eth_lock          Net_CM3_L.lib(net_eth.o)
    0x00005b38   0x00005b38   0x0000001c   Code   RO         1818    i.eth_mtu_limit     Net_CM3_L.lib(net_eth.o)
    0x00005b54   0x00005b54   0x00000014   Code   RO         1819    i.eth_notify        Net_CM3_L.lib(net_eth.o)
    0x00005b68   0x00005b68   0x00000044   Code   RO         1820    i.eth_opt_len       Net_CM3_L.lib(net_eth.o)
    0x00005bac   0x00005bac   0x00000084   Code   RO         1821    i.eth_receive       Net_CM3_L.lib(net_eth.o)
    0x00005c30   0x00005c30   0x0000000c   Code   RO         1822    i.eth_unlock        Net_CM3_L.lib(net_eth.o)
    0x00005c3c   0x00005c3c   0x0000007c   Code   RO         1879    i.frag_map_session  Net_CM3_L.lib(net_ip4_frag.o)
    0x00005cb8   0x00005cb8   0x00000010   Code   RO          412    i.getAnio           rtc.o
    0x00005cc8   0x00005cc8   0x00000010   Code   RO          413    i.getDia            rtc.o
    0x00005cd8   0x00005cd8   0x00000010   Code   RO          414    i.getHora           rtc.o
    0x00005ce8   0x00005ce8   0x00000010   Code   RO          415    i.getMes            rtc.o
    0x00005cf8   0x00005cf8   0x00000010   Code   RO          416    i.getMin            rtc.o
    0x00005d08   0x00005d08   0x00000010   Code   RO          417    i.getSeg            rtc.o
    0x00005d18   0x00005d18   0x00000028   Code   RO         2093    i.get_next_field    Net_CM3_L.lib(net_http_server.o)
    0x00005d40   0x00005d40   0x00000032   Code   RO         2094    i.get_next_par      Net_CM3_L.lib(net_http_server.o)
    0x00005d72   0x00005d72   0x00000022   Code   RO         2095    i.hex2byte          Net_CM3_L.lib(net_http_server.o)
    0x00005d94   0x00005d94   0x0000033c   Code   RO         2096    i.http_add_header   Net_CM3_L.lib(net_http_server.o)
    0x000060d0   0x000060d0   0x00000038   Code   RO         2209    i.http_auth_basic_add  Net_CM3_L.lib(net_http_server_auth.o)
    0x00006108   0x00006108   0x0000007c   Code   RO         2210    i.http_auth_basic_parse  Net_CM3_L.lib(net_http_server_auth.o)
    0x00006184   0x00006184   0x00000002   Code   RO         2216    i.http_auth_dummy   Net_CM3_L.lib(net_http_server_auth.o)
    0x00006186   0x00006186   0x00000002   PAD
    0x00006188   0x00006188   0x00000024   Code   RO         2217    i.http_auth_init    Net_CM3_L.lib(net_http_server_auth.o)
    0x000061ac   0x000061ac   0x00000194   Code   RO         2097    i.http_error_msg    Net_CM3_L.lib(net_http_server.o)
    0x00006340   0x00006340   0x00000078   Code   RO         2098    i.http_get_ftype    Net_CM3_L.lib(net_http_server.o)
    0x000063b8   0x000063b8   0x0000005e   Code   RO         2099    i.http_kill_session  Net_CM3_L.lib(net_http_server.o)
    0x00006416   0x00006416   0x00000002   PAD
    0x00006418   0x00006418   0x00000210   Code   RO         2100    i.http_listener     Net_CM3_L.lib(net_http_server.o)
    0x00006628   0x00006628   0x00000118   Code   RO         2101    i.http_open_file    Net_CM3_L.lib(net_http_server.o)
    0x00006740   0x00006740   0x00000108   Code   RO         2102    i.http_parse_header  Net_CM3_L.lib(net_http_server.o)
    0x00006848   0x00006848   0x00000164   Code   RO         2103    i.http_proc_multipart  Net_CM3_L.lib(net_http_server.o)
    0x000069ac   0x000069ac   0x000000f4   Code   RO         2104    i.http_proc_post    Net_CM3_L.lib(net_http_server.o)
    0x00006aa0   0x00006aa0   0x000003c0   Code   RO         2105    i.http_server_run   Net_CM3_L.lib(net_http_server.o)
    0x00006e60   0x00006e60   0x00000050   Code   RO         2106    i.http_server_start  Net_CM3_L.lib(net_http_server.o)
    0x00006eb0   0x00006eb0   0x00000020   Code   RO         2107    i.http_strcpy       Net_CM3_L.lib(net_http_server.o)
    0x00006ed0   0x00006ed0   0x000000a4   Code   RO         2108    i.http_to_utc       Net_CM3_L.lib(net_http_server.o)
    0x00006f74   0x00006f74   0x0000005c   Code   RO          204    i.imageFileInfo     web.o
    0x00006fd0   0x00006fd0   0x0000004c   Code   RO          418    i.initRTC           rtc.o
    0x0000701c   0x0000701c   0x00000034   Code   RO          224    i.init_adc          adc.o
    0x00007050   0x00007050   0x00000094   Code   RO          263    i.init_lcd          lcd.o
    0x000070e4   0x000070e4   0x00000058   Code   RO          665    i.init_rx_desc      emac_lpc17xx.o
    0x0000713c   0x0000713c   0x0000004c   Code   RO          666    i.init_tx_desc      emac_lpc17xx.o
    0x00007188   0x00007188   0x00000038   Code   RO         2655    i.ip4_dispatch      Net_CM3_L.lib(net_ip4.o)
    0x000071c0   0x000071c0   0x0000000a   Code   RO         2656    i.ip4_get_chksum    Net_CM3_L.lib(net_ip4.o)
    0x000071ca   0x000071ca   0x00000002   PAD
    0x000071cc   0x000071cc   0x00000020   Code   RO         2657    i.ip4_get_mtu       Net_CM3_L.lib(net_ip4.o)
    0x000071ec   0x000071ec   0x000000a0   Code   RO         2658    i.ip4_get_route     Net_CM3_L.lib(net_ip4.o)
    0x0000728c   0x0000728c   0x00000034   Code   RO         2304    i.ip4_ntoa          Net_CM3_L.lib(net_addr.o)
    0x000072c0   0x000072c0   0x00000048   Code   RO         2705    i.ip6_get_route     Net_CM3_L.lib(net_ip6.o)
    0x00007308   0x00007308   0x000000d4   Code   RO         2305    i.ip6_ntoa          Net_CM3_L.lib(net_addr.o)
    0x000073dc   0x000073dc   0x0000001c   Code   RO          264    i.lcd_clean         lcd.o
    0x000073f8   0x000073f8   0x00000028   Code   RO            4    i.main              main.o
    0x00007420   0x00007420   0x0000002c   Code   RO          225    i.medida_adc        adc.o
    0x0000744c   0x0000744c   0x0000000c   Code   RO         2758    i.mem_lock          Net_CM3_L.lib(net_mem.o)
    0x00007458   0x00007458   0x0000000c   Code   RO         2759    i.mem_unlock        Net_CM3_L.lib(net_mem.o)
    0x00007464   0x00007464   0x00000120   Code   RO         2077    i.nbns_listener     Net_CM3_L.lib(net_nbns_client.o)
    0x00007584   0x00007584   0x00000094   Code   RO         2595    i.ndp_cache_add     Net_CM3_L.lib(net_ndp.o)
    0x00007618   0x00007618   0x0000008c   Code   RO         2596    i.ndp_cache_alloc   Net_CM3_L.lib(net_ndp.o)
    0x000076a4   0x000076a4   0x0000002c   Code   RO         2597    i.ndp_check_frame   Net_CM3_L.lib(net_ndp.o)
    0x000076d0   0x000076d0   0x0000005c   Code   RO         2598    i.ndp_is_onlink     Net_CM3_L.lib(net_ndp.o)
    0x0000772c   0x0000772c   0x00000012   Code   RO         2599    i.ndp_next_opt      Net_CM3_L.lib(net_ndp.o)
    0x0000773e   0x0000773e   0x00000002   PAD
    0x00007740   0x00007740   0x000000b4   Code   RO         2600    i.ndp_prefix_add    Net_CM3_L.lib(net_ndp.o)
    0x000077f4   0x000077f4   0x00000040   Code   RO         2601    i.ndp_probe_run     Net_CM3_L.lib(net_ndp.o)
    0x00007834   0x00007834   0x000000b4   Code   RO         2602    i.ndp_proc_response  Net_CM3_L.lib(net_ndp.o)
    0x000078e8   0x000078e8   0x0000001a   Code   RO         2603    i.ndp_que_free      Net_CM3_L.lib(net_ndp.o)
    0x00007902   0x00007902   0x00000002   PAD
    0x00007904   0x00007904   0x0000003c   Code   RO         2604    i.ndp_router_remove  Net_CM3_L.lib(net_ndp.o)
    0x00007940   0x00007940   0x0000006c   Code   RO         2605    i.ndp_send_reply    Net_CM3_L.lib(net_ndp.o)
    0x000079ac   0x000079ac   0x00000084   Code   RO         2606    i.ndp_send_request  Net_CM3_L.lib(net_ndp.o)
    0x00007a30   0x00007a30   0x00000140   Code   RO         2607    i.ndp_slaac_run     Net_CM3_L.lib(net_ndp.o)
    0x00007b70   0x00007b70   0x00000004   Code   RO         2109    i.netCGI_Charset    Net_CM3_L.lib(net_http_server.o)
    0x00007b74   0x00007b74   0x00000004   Code   RO         2110    i.netCGI_ContentType  Net_CM3_L.lib(net_http_server.o)
    0x00007b78   0x00007b78   0x0000006c   Code   RO         2111    i.netCGI_GetEnvVar  Net_CM3_L.lib(net_http_server.o)
    0x00007be4   0x00007be4   0x00000190   Code   RO          157    i.netCGI_ProcessData  http_server_cgi.o
    0x00007d74   0x00007d74   0x000000c4   Code   RO          158    i.netCGI_ProcessQuery  http_server_cgi.o
    0x00007e38   0x00007e38   0x00000004   Code   RO         2114    i.netCGI_Redirect   Net_CM3_L.lib(net_http_server.o)
    0x00007e3c   0x00007e3c   0x00000350   Code   RO          159    i.netCGI_Script     http_server_cgi.o
    0x0000818c   0x0000818c   0x00000004   Code   RO         2116    i.netCGX_ContentType  Net_CM3_L.lib(net_http_server.o)
    0x00008190   0x00008190   0x00000068   Code   RO         2260    i.netCore_Thread    Net_CM3_L.lib(net_sys.o)
    0x000081f8   0x000081f8   0x00000002   Code   RO         1823    i.netETH_Notify     Net_CM3_L.lib(net_eth.o)
    0x000081fa   0x000081fa   0x00000002   Code   RO         1824    i.netETH_ReceiveRaw  Net_CM3_L.lib(net_eth.o)
    0x000081fc   0x000081fc   0x0000003c   Code   RO         1826    i.netETH_Thread     Net_CM3_L.lib(net_eth.o)
    0x00008238   0x00008238   0x00000004   Code   RO         2117    i.netHTTPs_AcceptClient  Net_CM3_L.lib(net_http_server.o)
    0x0000823c   0x0000823c   0x00000004   Code   RO         2218    i.netHTTPs_CheckAccount  Net_CM3_L.lib(net_http_server_auth.o)
    0x00008240   0x00008240   0x00000004   Code   RO         2118    i.netHTTPs_FileAccess  Net_CM3_L.lib(net_http_server.o)
    0x00008244   0x00008244   0x00000020   Code   RO         2121    i.netHTTPs_GetLanguage  Net_CM3_L.lib(net_http_server.o)
    0x00008264   0x00008264   0x0000000c   Code   RO         2122    i.netHTTPs_GetPassword  Net_CM3_L.lib(net_http_server.o)
    0x00008270   0x00008270   0x0000000c   Code   RO         2128    i.netHTTPs_LoginActive  Net_CM3_L.lib(net_http_server.o)
    0x0000827c   0x0000827c   0x00000044   Code   RO         2131    i.netHTTPs_SetPassword  Net_CM3_L.lib(net_http_server.o)
    0x000082c0   0x000082c0   0x00000002   Code   RO         1196    i.netHTTPs_fclose   net_config.o
    0x000082c2   0x000082c2   0x00000004   Code   RO         1197    i.netHTTPs_fgets    net_config.o
    0x000082c6   0x000082c6   0x00000004   Code   RO         1198    i.netHTTPs_fopen    net_config.o
    0x000082ca   0x000082ca   0x00000004   Code   RO         1199    i.netHTTPs_fread    net_config.o
    0x000082ce   0x000082ce   0x00000002   Code   RO         1200    i.netHTTPs_fstat    net_config.o
    0x000082d0   0x000082d0   0x00000080   Code   RO         2261    i.netIF_GetOption   Net_CM3_L.lib(net_sys.o)
    0x00008350   0x00008350   0x00000080   Code   RO         2263    i.netIF_SetOption   Net_CM3_L.lib(net_sys.o)
    0x000083d0   0x000083d0   0x0000001a   Code   RO         2307    i.netIP_aton        Net_CM3_L.lib(net_addr.o)
    0x000083ea   0x000083ea   0x00000032   Code   RO         2308    i.netIP_ntoa        Net_CM3_L.lib(net_addr.o)
    0x0000841c   0x0000841c   0x00000070   Code   RO         2264    i.netInitialize     Net_CM3_L.lib(net_sys.o)
    0x0000848c   0x0000848c   0x0000007c   Code   RO         2309    i.netMAC_aton       Net_CM3_L.lib(net_addr.o)
    0x00008508   0x00008508   0x00000004   Code   RO         1960    i.netTCP_GetLocalPort  Net_CM3_L.lib(net_tcp.o)
    0x0000850c   0x0000850c   0x00000020   Code   RO         1962    i.netTCP_GetPeer    Net_CM3_L.lib(net_tcp.o)
    0x0000852c   0x0000852c   0x00000004   Code   RO         1964    i.netTCP_GetState   Net_CM3_L.lib(net_tcp.o)
    0x00008530   0x00008530   0x00000004   Code   RO         1965    i.netTCP_GetTimer   Net_CM3_L.lib(net_tcp.o)
    0x00008534   0x00008534   0x00000068   Code   RO         2311    i.net_addr4_aton    Net_CM3_L.lib(net_addr.o)
    0x0000859c   0x0000859c   0x0000001a   Code   RO         2312    i.net_addr4_is_subnet  Net_CM3_L.lib(net_addr.o)
    0x000085b6   0x000085b6   0x0000001e   Code   RO         2314    i.net_addr4_to_mac  Net_CM3_L.lib(net_addr.o)
    0x000085d4   0x000085d4   0x000000f4   Code   RO         2315    i.net_addr6_aton    Net_CM3_L.lib(net_addr.o)
    0x000086c8   0x000086c8   0x00000028   Code   RO         2316    i.net_addr6_comp    Net_CM3_L.lib(net_addr.o)
    0x000086f0   0x000086f0   0x00000012   Code   RO         2317    i.net_addr6_copy    Net_CM3_L.lib(net_addr.o)
    0x00008702   0x00008702   0x00000002   PAD
    0x00008704   0x00008704   0x0000004c   Code   RO         2318    i.net_addr6_create  Net_CM3_L.lib(net_addr.o)
    0x00008750   0x00008750   0x00000028   Code   RO         2319    i.net_addr6_get_solicited  Net_CM3_L.lib(net_addr.o)
    0x00008778   0x00008778   0x00000018   Code   RO         2320    i.net_addr6_is_linklocal  Net_CM3_L.lib(net_addr.o)
    0x00008790   0x00008790   0x0000006c   Code   RO         2321    i.net_addr6_is_onlink  Net_CM3_L.lib(net_addr.o)
    0x000087fc   0x000087fc   0x00000048   Code   RO         2322    i.net_addr6_is_solicited  Net_CM3_L.lib(net_addr.o)
    0x00008844   0x00008844   0x00000018   Code   RO         2323    i.net_addr6_is_unspec  Net_CM3_L.lib(net_addr.o)
    0x0000885c   0x0000885c   0x0000000e   Code   RO         2325    i.net_addr6_to_mac  Net_CM3_L.lib(net_addr.o)
    0x0000886a   0x0000886a   0x0000001a   Code   RO         2327    i.net_addr_copy     Net_CM3_L.lib(net_addr.o)
    0x00008884   0x00008884   0x0000000e   Code   RO         2329    i.net_addr_get_local  Net_CM3_L.lib(net_addr.o)
    0x00008892   0x00008892   0x00000022   Code   RO         2330    i.net_addr_is_unspec  Net_CM3_L.lib(net_addr.o)
    0x000088b4   0x000088b4   0x000000a4   Code   RO         2552    i.net_arp_cache_add  Net_CM3_L.lib(net_arp.o)
    0x00008958   0x00008958   0x00000088   Code   RO         2553    i.net_arp_cache_early  Net_CM3_L.lib(net_arp.o)
    0x000089e0   0x000089e0   0x00000080   Code   RO         2554    i.net_arp_cache_find  Net_CM3_L.lib(net_arp.o)
    0x00008a60   0x00008a60   0x00000064   Code   RO         2555    i.net_arp_enqueue   Net_CM3_L.lib(net_arp.o)
    0x00008ac4   0x00008ac4   0x00000034   Code   RO         2557    i.net_arp_init      Net_CM3_L.lib(net_arp.o)
    0x00008af8   0x00008af8   0x00000028   Code   RO         2558    i.net_arp_notify    Net_CM3_L.lib(net_arp.o)
    0x00008b20   0x00008b20   0x0000014c   Code   RO         2560    i.net_arp_process   Net_CM3_L.lib(net_arp.o)
    0x00008c6c   0x00008c6c   0x000000f4   Code   RO         2561    i.net_arp_run       Net_CM3_L.lib(net_arp.o)
    0x00008d60   0x00008d60   0x00000078   Code   RO         2825    i.net_base64_decode  Net_CM3_L.lib(net_base64.o)
    0x00008dd8   0x00008dd8   0x00000018   Code   RO         2783    i.net_crc_buf       Net_CM3_L.lib(net_common.o)
    0x00008df0   0x00008df0   0x000000c0   Code   RO         1828    i.net_eth_get_option  Net_CM3_L.lib(net_eth.o)
    0x00008eb0   0x00008eb0   0x00000244   Code   RO         1829    i.net_eth_iface_init  Net_CM3_L.lib(net_eth.o)
    0x000090f4   0x000090f4   0x00000228   Code   RO         1830    i.net_eth_iface_run  Net_CM3_L.lib(net_eth.o)
    0x0000931c   0x0000931c   0x00000094   Code   RO         1832    i.net_eth_output    Net_CM3_L.lib(net_eth.o)
    0x000093b0   0x000093b0   0x000000fc   Code   RO         1833    i.net_eth_send_frame  Net_CM3_L.lib(net_eth.o)
    0x000094ac   0x000094ac   0x00000148   Code   RO         1834    i.net_eth_set_option  Net_CM3_L.lib(net_eth.o)
    0x000095f4   0x000095f4   0x00000064   Code   RO         1835    i.net_eth_update_filter  Net_CM3_L.lib(net_eth.o)
    0x00009658   0x00009658   0x000000a8   Code   RO         2137    i.net_http_server_init  Net_CM3_L.lib(net_http_server.o)
    0x00009700   0x00009700   0x00000028   Code   RO         2138    i.net_http_server_run  Net_CM3_L.lib(net_http_server.o)
    0x00009728   0x00009728   0x00000134   Code   RO         2738    i.net_icmp6_process  Net_CM3_L.lib(net_icmp6.o)
    0x0000985c   0x0000985c   0x0000005c   Code   RO         2739    i.net_icmp6_send    Net_CM3_L.lib(net_icmp6.o)
    0x000098b8   0x000098b8   0x00000050   Code   RO         2740    i.net_icmp6_send_echo  Net_CM3_L.lib(net_icmp6.o)
    0x00009908   0x00009908   0x000000f4   Code   RO         2695    i.net_icmp_process  Net_CM3_L.lib(net_icmp.o)
    0x000099fc   0x000099fc   0x00000080   Code   RO         2696    i.net_icmp_send_echo  Net_CM3_L.lib(net_icmp.o)
    0x00009a7c   0x00009a7c   0x00000004   Code   RO         1204    i.net_igmp_collect_addr  net_config.o
    0x00009a80   0x00009a80   0x00000004   Code   RO         1205    i.net_igmp_is_member  net_config.o
    0x00009a84   0x00009a84   0x00000002   Code   RO         1206    i.net_igmp_process  net_config.o
    0x00009a86   0x00009a86   0x0000004c   Code   RO         2659    i.net_ip4_checksum  Net_CM3_L.lib(net_ip4.o)
    0x00009ad2   0x00009ad2   0x00000002   PAD
    0x00009ad4   0x00009ad4   0x00000100   Code   RO         2660    i.net_ip4_chk_frame  Net_CM3_L.lib(net_ip4.o)
    0x00009bd4   0x00009bd4   0x00000032   Code   RO         2661    i.net_ip4_chksum_buf  Net_CM3_L.lib(net_ip4.o)
    0x00009c06   0x00009c06   0x00000002   PAD
    0x00009c08   0x00009c08   0x00000124   Code   RO         1880    i.net_ip4_frag_add  Net_CM3_L.lib(net_ip4_frag.o)
    0x00009d2c   0x00009d2c   0x000000ac   Code   RO         1881    i.net_ip4_frag_get  Net_CM3_L.lib(net_ip4_frag.o)
    0x00009dd8   0x00009dd8   0x00000010   Code   RO         1882    i.net_ip4_frag_init  Net_CM3_L.lib(net_ip4_frag.o)
    0x00009de8   0x00009de8   0x0000003c   Code   RO         1883    i.net_ip4_frag_run  Net_CM3_L.lib(net_ip4_frag.o)
    0x00009e24   0x00009e24   0x00000040   Code   RO         2663    i.net_ip4_get_local  Net_CM3_L.lib(net_ip4.o)
    0x00009e64   0x00009e64   0x0000004c   Code   RO         2664    i.net_ip4_init      Net_CM3_L.lib(net_ip4.o)
    0x00009eb0   0x00009eb0   0x00000034   Code   RO         2665    i.net_ip4_is_subcast  Net_CM3_L.lib(net_ip4.o)
    0x00009ee4   0x00009ee4   0x0000000e   Code   RO         2666    i.net_ip4_reass_frame  Net_CM3_L.lib(net_ip4.o)
    0x00009ef2   0x00009ef2   0x00000002   PAD
    0x00009ef4   0x00009ef4   0x00000110   Code   RO         2667    i.net_ip4_send_frame  Net_CM3_L.lib(net_ip4.o)
    0x0000a004   0x0000a004   0x0000005c   Code   RO         2669    i.net_ip4_tx_offload  Net_CM3_L.lib(net_ip4.o)
    0x0000a060   0x0000a060   0x00000052   Code   RO         2706    i.net_ip6_checksum  Net_CM3_L.lib(net_ip6.o)
    0x0000a0b2   0x0000a0b2   0x00000002   PAD
    0x0000a0b4   0x0000a0b4   0x000000a8   Code   RO         2707    i.net_ip6_chk_frame  Net_CM3_L.lib(net_ip6.o)
    0x0000a15c   0x0000a15c   0x00000088   Code   RO         2708    i.net_ip6_collect_addr  Net_CM3_L.lib(net_ip6.o)
    0x0000a1e4   0x0000a1e4   0x00000064   Code   RO         2710    i.net_ip6_get_local  Net_CM3_L.lib(net_ip6.o)
    0x0000a248   0x0000a248   0x0000003c   Code   RO         2711    i.net_ip6_init      Net_CM3_L.lib(net_ip6.o)
    0x0000a284   0x0000a284   0x000000c8   Code   RO         2712    i.net_ip6_send_frame  Net_CM3_L.lib(net_ip6.o)
    0x0000a34c   0x0000a34c   0x0000000c   Code   RO         2714    i.net_ip6_tx_netif  Net_CM3_L.lib(net_ip6.o)
    0x0000a358   0x0000a358   0x00000030   Code   RO         2715    i.net_ip6_tx_offload  Net_CM3_L.lib(net_ip6.o)
    0x0000a388   0x0000a388   0x00000028   Code   RO         1863    i.net_loop_iface_init  Net_CM3_L.lib(net_loopback.o)
    0x0000a3b0   0x0000a3b0   0x00000094   Code   RO         1864    i.net_loop_iface_run  Net_CM3_L.lib(net_loopback.o)
    0x0000a444   0x0000a444   0x0000004c   Code   RO         1866    i.net_loop_send_frame  Net_CM3_L.lib(net_loopback.o)
    0x0000a490   0x0000a490   0x0000008c   Code   RO         2760    i.net_mem_alloc     Net_CM3_L.lib(net_mem.o)
    0x0000a51c   0x0000a51c   0x0000001c   Code   RO         2761    i.net_mem_avail     Net_CM3_L.lib(net_mem.o)
    0x0000a538   0x0000a538   0x0000006c   Code   RO         2762    i.net_mem_free      Net_CM3_L.lib(net_mem.o)
    0x0000a5a4   0x0000a5a4   0x00000060   Code   RO         2763    i.net_mem_init      Net_CM3_L.lib(net_mem.o)
    0x0000a604   0x0000a604   0x00000038   Code   RO         2764    i.net_mem_shrink    Net_CM3_L.lib(net_mem.o)
    0x0000a63c   0x0000a63c   0x00000034   Code   RO         2078    i.net_nbns_client_init  Net_CM3_L.lib(net_nbns_client.o)
    0x0000a670   0x0000a670   0x000000a4   Code   RO         2612    i.net_ndp_cache_find  Net_CM3_L.lib(net_ndp.o)
    0x0000a714   0x0000a714   0x00000054   Code   RO         2614    i.net_ndp_cache_refresh  Net_CM3_L.lib(net_ndp.o)
    0x0000a768   0x0000a768   0x00000060   Code   RO         2615    i.net_ndp_enqueue   Net_CM3_L.lib(net_ndp.o)
    0x0000a7c8   0x0000a7c8   0x0000004c   Code   RO         2617    i.net_ndp_init      Net_CM3_L.lib(net_ndp.o)
    0x0000a814   0x0000a814   0x00000240   Code   RO         2618    i.net_ndp_process   Net_CM3_L.lib(net_ndp.o)
    0x0000aa54   0x0000aa54   0x000000d0   Code   RO         2619    i.net_ndp_run       Net_CM3_L.lib(net_ndp.o)
    0x0000ab24   0x0000ab24   0x00000034   Code   RO         2268    i.net_path          Net_CM3_L.lib(net_sys.o)
    0x0000ab58   0x0000ab58   0x00000010   Code   RO         2241    i.net_ping_client_init  Net_CM3_L.lib(net_ping_core.o)
    0x0000ab68   0x0000ab68   0x00000040   Code   RO         2242    i.net_ping_client_run  Net_CM3_L.lib(net_ping_core.o)
    0x0000aba8   0x0000aba8   0x0000001c   Code   RO         2269    i.net_rand32        Net_CM3_L.lib(net_sys.o)
    0x0000abc4   0x0000abc4   0x0000002e   Code   RO         2784    i.net_strcasecmp    Net_CM3_L.lib(net_common.o)
    0x0000abf2   0x0000abf2   0x00000016   Code   RO         2785    i.net_strchr        Net_CM3_L.lib(net_common.o)
    0x0000ac08   0x0000ac08   0x0000001a   Code   RO         2786    i.net_strcmp        Net_CM3_L.lib(net_common.o)
    0x0000ac22   0x0000ac22   0x00000012   Code   RO         2787    i.net_strcpy        Net_CM3_L.lib(net_common.o)
    0x0000ac34   0x0000ac34   0x0000001c   Code   RO         2789    i.net_strnchr       Net_CM3_L.lib(net_common.o)
    0x0000ac50   0x0000ac50   0x00000020   Code   RO         2791    i.net_strtoupper    Net_CM3_L.lib(net_common.o)
    0x0000ac70   0x0000ac70   0x00000002   Code   RO         1207    i.net_sys_error     net_config.o
    0x0000ac72   0x0000ac72   0x00000002   PAD
    0x0000ac74   0x0000ac74   0x0000000c   Code   RO         2270    i.net_sys_lock      Net_CM3_L.lib(net_sys.o)
    0x0000ac80   0x0000ac80   0x00000014   Code   RO         2273    i.net_sys_tick      Net_CM3_L.lib(net_sys.o)
    0x0000ac94   0x0000ac94   0x0000000c   Code   RO         2274    i.net_sys_unlock    Net_CM3_L.lib(net_sys.o)
    0x0000aca0   0x0000aca0   0x00000020   Code   RO         2276    i.net_sys_wakeup    Net_CM3_L.lib(net_sys.o)
    0x0000acc0   0x0000acc0   0x0000005c   Code   RO         1972    i.net_tcp_abort     Net_CM3_L.lib(net_tcp.o)
    0x0000ad1c   0x0000ad1c   0x000000ac   Code   RO         1975    i.net_tcp_close     Net_CM3_L.lib(net_tcp.o)
    0x0000adc8   0x0000adc8   0x0000001e   Code   RO         1979    i.net_tcp_get_buf   Net_CM3_L.lib(net_tcp.o)
    0x0000ade6   0x0000ade6   0x00000002   PAD
    0x0000ade8   0x0000ade8   0x00000034   Code   RO         1980    i.net_tcp_get_local_port  Net_CM3_L.lib(net_tcp.o)
    0x0000ae1c   0x0000ae1c   0x00000028   Code   RO         1981    i.net_tcp_get_mss   Net_CM3_L.lib(net_tcp.o)
    0x0000ae44   0x0000ae44   0x00000054   Code   RO         1983    i.net_tcp_get_peer  Net_CM3_L.lib(net_tcp.o)
    0x0000ae98   0x0000ae98   0x00000044   Code   RO         1984    i.net_tcp_get_socket  Net_CM3_L.lib(net_tcp.o)
    0x0000aedc   0x0000aedc   0x0000002c   Code   RO         1985    i.net_tcp_get_state  Net_CM3_L.lib(net_tcp.o)
    0x0000af08   0x0000af08   0x00000034   Code   RO         1986    i.net_tcp_get_timer  Net_CM3_L.lib(net_tcp.o)
    0x0000af3c   0x0000af3c   0x0000007c   Code   RO         1987    i.net_tcp_listen    Net_CM3_L.lib(net_tcp.o)
    0x0000afb8   0x0000afb8   0x00000512   Code   RO         1989    i.net_tcp_process   Net_CM3_L.lib(net_tcp.o)
    0x0000b4ca   0x0000b4ca   0x00000002   PAD
    0x0000b4cc   0x0000b4cc   0x000000e8   Code   RO         1993    i.net_tcp_send      Net_CM3_L.lib(net_tcp.o)
    0x0000b5b4   0x0000b5b4   0x000000a4   Code   RO         1995    i.net_tcp_set_option  Net_CM3_L.lib(net_tcp.o)
    0x0000b658   0x0000b658   0x00000014   Code   RO         1996    i.net_tcp_socket_init  Net_CM3_L.lib(net_tcp.o)
    0x0000b66c   0x0000b66c   0x0000030c   Code   RO         1997    i.net_tcp_socket_run  Net_CM3_L.lib(net_tcp.o)
    0x0000b978   0x0000b978   0x0000001e   Code   RO         1911    i.net_udp_get_buf   Net_CM3_L.lib(net_udp.o)
    0x0000b996   0x0000b996   0x00000002   PAD
    0x0000b998   0x0000b998   0x00000044   Code   RO         1914    i.net_udp_get_socket  Net_CM3_L.lib(net_udp.o)
    0x0000b9dc   0x0000b9dc   0x00000070   Code   RO         1916    i.net_udp_open      Net_CM3_L.lib(net_udp.o)
    0x0000ba4c   0x0000ba4c   0x0000010c   Code   RO         1917    i.net_udp_process   Net_CM3_L.lib(net_udp.o)
    0x0000bb58   0x0000bb58   0x00000178   Code   RO         1919    i.net_udp_send      Net_CM3_L.lib(net_udp.o)
    0x0000bcd0   0x0000bcd0   0x00000014   Code   RO         1921    i.net_udp_socket_init  Net_CM3_L.lib(net_udp.o)
    0x0000bce4   0x0000bce4   0x00000030   Code   RO         1208    i.netif_create      net_config.o
    0x0000bd14   0x0000bd14   0x00000008   Code   RO         1210    i.netif_lock        net_config.o
    0x0000bd1c   0x0000bd1c   0x00000004   Code   RO         1211    i.netif_unlock      net_config.o
    0x0000bd20   0x0000bd20   0x00000004   Code   RO         1212    i.netos_delay       net_config.o
    0x0000bd24   0x0000bd24   0x00000006   Code   RO         1213    i.netos_flag_clear  net_config.o
    0x0000bd2a   0x0000bd2a   0x00000004   Code   RO         1214    i.netos_flag_set    net_config.o
    0x0000bd2e   0x0000bd2e   0x00000008   Code   RO         1215    i.netos_flag_wait   net_config.o
    0x0000bd36   0x0000bd36   0x00000008   Code   RO         1216    i.netos_lock        net_config.o
    0x0000bd3e   0x0000bd3e   0x00000002   PAD
    0x0000bd40   0x0000bd40   0x00000014   Code   RO         1217    i.netos_mutex_create  net_config.o
    0x0000bd54   0x0000bd54   0x00000014   Code   RO         1219    i.netos_thread_create  net_config.o
    0x0000bd68   0x0000bd68   0x00000004   Code   RO         1222    i.netos_thread_pass  net_config.o
    0x0000bd6c   0x0000bd6c   0x00000014   Code   RO         1223    i.netos_timer_create  net_config.o
    0x0000bd80   0x0000bd80   0x00000004   Code   RO         1225    i.netos_timer_start  net_config.o
    0x0000bd84   0x0000bd84   0x00000004   Code   RO         1226    i.netos_unlock      net_config.o
    0x0000bd88   0x0000bd88   0x00000002   Code   RO          553    i.osRtxErrorNotify  rtx_config.o
    0x0000bd8a   0x0000bd8a   0x00000002   Code   RO          554    i.osRtxIdleThread   rtx_config.o
    0x0000bd8c   0x0000bd8c   0x0000003c   Code   RO          667    i.output_MDIO       emac_lpc17xx.o
    0x0000bdc8   0x0000bdc8   0x0000001c   Code   RO         2245    i.ping_send_req     Net_CM3_L.lib(net_ping_core.o)
    0x0000bde4   0x0000bde4   0x00000058   Code   RO         2141    i.proc_req_line     Net_CM3_L.lib(net_http_server.o)
    0x0000be3c   0x0000be3c   0x0000001a   Code   RO         1885    i.que_free_list     Net_CM3_L.lib(net_ip4_frag.o)
    0x0000be56   0x0000be56   0x000000a0   Code   RO         2142    i.read_script_line  Net_CM3_L.lib(net_http_server.o)
    0x0000bef6   0x0000bef6   0x00000048   Code   RO         2143    i.search_delim      Net_CM3_L.lib(net_http_server.o)
    0x0000bf3e   0x0000bf3e   0x00000002   PAD
    0x0000bf40   0x0000bf40   0x0000004c   Code   RO         2277    i.sys_proc_tick     Net_CM3_L.lib(net_sys.o)
    0x0000bf8c   0x0000bf8c   0x000000e4   Code   RO         1999    i.tcp_map_socket    Net_CM3_L.lib(net_tcp.o)
    0x0000c070   0x0000c070   0x0000005e   Code   RO         2000    i.tcp_parse_opt     Net_CM3_L.lib(net_tcp.o)
    0x0000c0ce   0x0000c0ce   0x00000002   PAD
    0x0000c0d0   0x0000c0d0   0x000000d4   Code   RO         2001    i.tcp_proc_acknr    Net_CM3_L.lib(net_tcp.o)
    0x0000c1a4   0x0000c1a4   0x00000060   Code   RO         2002    i.tcp_proc_dupack   Net_CM3_L.lib(net_tcp.o)
    0x0000c204   0x0000c204   0x0000001a   Code   RO         2003    i.tcp_que_free      Net_CM3_L.lib(net_tcp.o)
    0x0000c21e   0x0000c21e   0x0000001a   Code   RO         2004    i.tcp_que_init      Net_CM3_L.lib(net_tcp.o)
    0x0000c238   0x0000c238   0x00000098   Code   RO         2005    i.tcp_que_resend    Net_CM3_L.lib(net_tcp.o)
    0x0000c2d0   0x0000c2d0   0x0000007a   Code   RO         2006    i.tcp_send_ctrl     Net_CM3_L.lib(net_tcp.o)
    0x0000c34a   0x0000c34a   0x00000060   Code   RO         2007    i.tcp_send_data     Net_CM3_L.lib(net_tcp.o)
    0x0000c3aa   0x0000c3aa   0x00000076   Code   RO         2008    i.tcp_send_reset    Net_CM3_L.lib(net_tcp.o)
    0x0000c420   0x0000c420   0x0000002c   Code   RO         2009    i.tcp_set_cwnd      Net_CM3_L.lib(net_tcp.o)
    0x0000c44c   0x0000c44c   0x00000074   Code   RO         2010    i.tcp_transit       Net_CM3_L.lib(net_tcp.o)
    0x0000c4c0   0x0000c4c0   0x000000e8   Code   RO         2011    i.tcp_write         Net_CM3_L.lib(net_tcp.o)
    0x0000c5a8   0x0000c5a8   0x0000002c   Code   RO          668    i.turnaround_MDIO   emac_lpc17xx.o
    0x0000c5d4   0x0000c5d4   0x0000002c   Code   RO         1923    i.udp_port_in_use   Net_CM3_L.lib(net_udp.o)
    0x0000c600   0x0000c600   0x000000f0   Code   RO         2144    i.utc_to_http       Net_CM3_L.lib(net_http_server.o)
    0x0000c6f0   0x0000c6f0   0x00000034   Code   RO          266    i.wr_cmd            lcd.o
    0x0000c724   0x0000c724   0x00000034   Code   RO          267    i.wr_data           lcd.o
    0x0000c758   0x0000c758   0x00000024   Data   RO           92    .constdata          http_server.o
    0x0000c77c   0x0000c77c   0x00000004   Data   RO          205    .constdata          web.o
    0x0000c780   0x0000c780   0x00006dec   Data   RO          206    .constdata          web.o
    0x0001356c   0x0001356c   0x000000a0   Data   RO          207    .constdata          web.o
    0x0001360c   0x0001360c   0x0000098c   Data   RO          269    .constdata          lcd.o
    0x00013f98   0x00013f98   0x00000008   Data   RO          360    .constdata          led.o
    0x00013fa0   0x00013fa0   0x00000024   Data   RO          516    .constdata          rtx_lib.o
    0x00013fc4   0x00013fc4   0x00000024   Data   RO          517    .constdata          rtx_lib.o
    0x00013fe8   0x00013fe8   0x00000018   Data   RO          518    .constdata          rtx_lib.o
    0x00014000   0x00014000   0x00000004   Data   RO          519    .constdata          rtx_lib.o
    0x00014004   0x00014004   0x00000004   Data   RO          593    .constdata          phy_dp83848c.o
    0x00014008   0x00014008   0x00000020   Data   RO          594    .constdata          phy_dp83848c.o
    0x00014028   0x00014028   0x00000008   Data   RO          670    .constdata          emac_lpc17xx.o
    0x00014030   0x00014030   0x00000044   Data   RO          671    .constdata          emac_lpc17xx.o
    0x00014074   0x00014074   0x00000050   Data   RO          829    .constdata          ssp_lpc17xx.o
    0x000140c4   0x000140c4   0x00000002   Data   RO          830    .constdata          ssp_lpc17xx.o
    0x000140c6   0x000140c6   0x00000002   Data   RO          831    .constdata          ssp_lpc17xx.o
    0x000140c8   0x000140c8   0x0000002c   Data   RO          832    .constdata          ssp_lpc17xx.o
    0x000140f4   0x000140f4   0x00000088   Data   RO         1244    .constdata          net_config.o
    0x0001417c   0x0001417c   0x00000020   Data   RO         1245    .constdata          net_config.o
    0x0001419c   0x0001419c   0x00000034   Data   RO         1246    .constdata          net_config.o
    0x000141d0   0x000141d0   0x00000028   Data   RO         1247    .constdata          net_config.o
    0x000141f8   0x000141f8   0x00000014   Data   RO         1248    .constdata          net_config.o
    0x0001420c   0x0001420c   0x00000024   Data   RO         1249    .constdata          net_config.o
    0x00014230   0x00014230   0x00000010   Data   RO         1250    .constdata          net_config.o
    0x00014240   0x00014240   0x00000010   Data   RO         1251    .constdata          net_config.o
    0x00014250   0x00014250   0x00000008   Data   RO         1252    .constdata          net_config.o
    0x00014258   0x00014258   0x0000000c   Data   RO         1253    .constdata          net_config.o
    0x00014264   0x00014264   0x00000018   Data   RO         1254    .constdata          net_config.o
    0x0001427c   0x0001427c   0x00000034   Data   RO         1255    .constdata          net_config.o
    0x000142b0   0x000142b0   0x00000024   Data   RO         1256    .constdata          net_config.o
    0x000142d4   0x000142d4   0x0000001c   Data   RO         1257    .constdata          net_config.o
    0x000142f0   0x000142f0   0x00000010   Data   RO         1259    .constdata          net_config.o
    0x00014300   0x00014300   0x00000010   Data   RO         1260    .constdata          net_config.o
    0x00014310   0x00014310   0x00000010   Data   RO         1261    .constdata          net_config.o
    0x00014320   0x00014320   0x00000008   Data   RO         2080    .constdata          Net_CM3_L.lib(net_nbns_client.o)
    0x00014328   0x00014328   0x000000fa   Data   RO         2146    .constdata          Net_CM3_L.lib(net_http_server.o)
    0x00014422   0x00014422   0x00000002   PAD
    0x00014424   0x00014424   0x00000014   Data   RO         2220    .constdata          Net_CM3_L.lib(net_http_server_auth.o)
    0x00014438   0x00014438   0x00000012   Data   RO         2247    .constdata          Net_CM3_L.lib(net_ping_core.o)
    0x0001444a   0x0001444a   0x00000010   Data   RO         2334    .constdata          Net_CM3_L.lib(net_addr.o)
    0x0001445a   0x0001445a   0x00000006   Data   RO         2335    .constdata          Net_CM3_L.lib(net_addr.o)
    0x00014460   0x00014460   0x00000004   Data   RO         2671    .constdata          Net_CM3_L.lib(net_ip4.o)
    0x00014464   0x00014464   0x00000020   Data   RO         2717    .constdata          Net_CM3_L.lib(net_ip6.o)
    0x00014484   0x00014484   0x00000010   Data   RO         2718    .constdata          Net_CM3_L.lib(net_ip6.o)
    0x00014494   0x00014494   0x00000018   Data   RO         2750    .constdata          Net_CM3_L.lib(net_http_server_err.o)
    0x000144ac   0x000144ac   0x00000090   Data   RO         2827    .constdata          Net_CM3_L.lib(net_base64.o)
    0x0001453c   0x0001453c   0x00000004   Data   RO         2836    .constdata          Net_CM3_L.lib(net_version.o)
    0x00014540   0x00014540   0x00000081   Data   RO         3167    .constdata          mc_w.l(ctype_o.o)
    0x000145c1   0x000145c1   0x00000003   PAD
    0x000145c4   0x000145c4   0x00000004   Data   RO         3168    .constdata          mc_w.l(ctype_o.o)
    0x000145c8   0x000145c8   0x000000da   Data   RO          161    .conststring        http_server_cgi.o
    0x000146a2   0x000146a2   0x00000002   PAD
    0x000146a4   0x000146a4   0x00000063   Data   RO         1262    .conststring        net_config.o
    0x00014707   0x00014707   0x00000001   PAD
    0x00014708   0x00014708   0x00000008   Data   RO         1263    .conststring        net_config.o
    0x00014710   0x00014710   0x00000038   Data   RO         1264    .conststring        net_config.o
    0x00014748   0x00014748   0x0000003d   Data   RO         1265    .conststring        net_config.o
    0x00014785   0x00014785   0x00000003   PAD
    0x00014788   0x00014788   0x00000012   Data   RO         1266    .conststring        net_config.o
    0x0001479a   0x0001479a   0x00000002   PAD
    0x0001479c   0x0001479c   0x0000001d   Data   RO         1267    .conststring        net_config.o
    0x000147b9   0x000147b9   0x00000003   PAD
    0x000147bc   0x000147bc   0x00000203   Data   RO         2751    .conststring        Net_CM3_L.lib(net_http_server_err.o)
    0x000149bf   0x000149bf   0x00000001   PAD
    0x000149c0   0x000149c0   0x000000a0   Data   RO          521    .rodata             rtx_lib.o
    0x00014a60   0x00014a60   0x0000000b   Data   RO         1540    .rodata.str1.4      RTX_CM3.lib(rtx_kernel.o)
    0x00014a6b   0x00014a6b   0x00000001   PAD
    0x00014a6c   0x00014a6c   0x00000040   Data   RO         3239    Region$$Table       anon$$obj.o


    Execution Region RW_IRAM1 (Exec base: 0x10000000, Load base: 0x00014aac, Size: 0x000043a0, Max: 0x00008000, ABSOLUTE, COMPRESSED[0x00000030])

    Exec Addr    Load Addr    Size         Type   Attr      Idx    E Section Name        Object

    0x10000000   COMPRESSED   0x00000040   Data   RW          509    .bss.os             rtx_lib.o
    0x10000040   COMPRESSED   0x00000050   Data   RW          511    .bss.os.msgqueue.mem  rtx_lib.o
    0x10000090   COMPRESSED   0x0000001c   Data   RW         1236    .bss.os.mutex.cb    net_config.o
    0x100000ac   COMPRESSED   0x0000001c   Data   RW         1237    .bss.os.mutex.cb    net_config.o
    0x100000c8   COMPRESSED   0x00000100   Data   RW          515    .bss.os.thread.stack  rtx_lib.o
    0x100001c8   COMPRESSED   0x00000400   Data   RW         1241    .bss.os.thread.stack  net_config.o
    0x100005c8   COMPRESSED   0x00000200   Data   RW         1242    .bss.os.thread.stack  net_config.o
    0x100007c8   COMPRESSED   0x00000020   Data   RW         1243    .bss.os.timer.cb    net_config.o
    0x100007e8   COMPRESSED   0x0000003a   Data   RW           93    .data               http_server.o
    0x10000822   COMPRESSED   0x00000002   PAD
    0x10000824   COMPRESSED   0x00000008   Data   RW          162    .data               http_server_cgi.o
    0x1000082c   COMPRESSED   0x00000002   Data   RW          226    .data               adc.o
    0x1000082e   COMPRESSED   0x00000002   PAD
    0x10000830   COMPRESSED   0x00000008   Data   RW          833    .data               ssp_lpc17xx.o
    0x10000838   COMPRESSED   0x00000004   Data   RW         1160    .data               system_lpc17xx.o
    0x1000083c   COMPRESSED   0x00000002   Data   RW         1269    .data               net_config.o
    0x1000083e   COMPRESSED   0x00000002   PAD
    0x10000840   COMPRESSED   0x00000008   Data   RW         1867    .data               Net_CM3_L.lib(net_loopback.o)
    0x10000848   COMPRESSED   0x00000004   Data   RW         2014    .data               Net_CM3_L.lib(net_tcp.o)
    0x1000084c   COMPRESSED   0x00000001   Data   RW         2081    .data               Net_CM3_L.lib(net_nbns_client.o)
    0x1000084d   COMPRESSED   0x00000003   PAD
    0x10000850   COMPRESSED   0x0000000c   Data   RW         2147    .data               Net_CM3_L.lib(net_http_server.o)
    0x1000085c   COMPRESSED   0x00000002   Data   RW         2564    .data               Net_CM3_L.lib(net_arp.o)
    0x1000085e   COMPRESSED   0x00000002   PAD
    0x10000860   COMPRESSED   0x00000008   Data   RW         2719    .data               Net_CM3_L.lib(net_ip6.o)
    0x10000868   COMPRESSED   0x000000a4   Data   RW         1541    .data.os            RTX_CM3.lib(rtx_kernel.o)
    0x1000090c   COMPRESSED   0x00000004   PAD
    0x10000910        -       0x00000400   Zero   RW           91    .bss                http_server.o
    0x10000d10        -       0x00000300   Zero   RW          268    .bss                lcd.o
    0x10001010        -       0x00000010   Zero   RW          827    .bss                ssp_lpc17xx.o
    0x10001020        -       0x00002ee0   Zero   RW         1227    .bss                net_config.o
    0x10003f00        -       0x000000a0   Zero   RW         1230    .bss                net_config.o
    0x10003fa0        -       0x00000028   Zero   RW         1232    .bss                net_config.o
    0x10003fc8        -       0x0000003c   Zero   RW         1233    .bss                net_config.o
    0x10004004        -       0x00000210   Zero   RW         1234    .bss                net_config.o
    0x10004214        -       0x00000098   Zero   RW         2145    .bss                Net_CM3_L.lib(net_http_server.o)
    0x100042ac        -       0x00000038   Zero   RW         2278    .bss                Net_CM3_L.lib(net_sys.o)
    0x100042e4        -       0x0000005c   Zero   RW         2333    .bss                Net_CM3_L.lib(net_addr.o)
    0x10004340        -       0x00000010   Zero   RW         2563    .bss                Net_CM3_L.lib(net_arp.o)
    0x10004350        -       0x0000003a   Zero   RW         2621    .bss                Net_CM3_L.lib(net_ndp.o)
    0x1000438a   COMPRESSED   0x00000002   PAD
    0x1000438c        -       0x00000014   Zero   RW         2766    .bss                Net_CM3_L.lib(net_mem.o)


    Execution Region RW_IRAM2 (Exec base: 0x2007c000, Load base: 0x00014adc, Size: 0x000043a0, Max: 0x00008000, ABSOLUTE, COMPRESSED[0x0000004c])

    Exec Addr    Load Addr    Size         Type   Attr      Idx    E Section Name        Object

    0x2007c000   COMPRESSED   0x00001000   Data   RW          508    .bss.os             rtx_lib.o
    0x2007d000   COMPRESSED   0x00000034   Data   RW          510    .bss.os.msgqueue.cb  rtx_lib.o
    0x2007d034   COMPRESSED   0x00000010   Data   RW         1238    .bss.os.semaphore.cb  net_config.o
    0x2007d044   COMPRESSED   0x00000044   Data   RW          512    .bss.os.thread.cb   rtx_lib.o
    0x2007d088   COMPRESSED   0x00000044   Data   RW          513    .bss.os.thread.cb   rtx_lib.o
    0x2007d0cc   COMPRESSED   0x00000044   Data   RW         1239    .bss.os.thread.cb   net_config.o
    0x2007d110   COMPRESSED   0x00000044   Data   RW         1240    .bss.os.thread.cb   net_config.o
    0x2007d154   COMPRESSED   0x00000004   PAD
    0x2007d158   COMPRESSED   0x00000100   Data   RW          514    .bss.os.thread.stack  rtx_lib.o
    0x2007d258   COMPRESSED   0x00000010   Data   RW          270    .data               lcd.o
    0x2007d268   COMPRESSED   0x00000004   Data   RW          423    .data               rtc.o
    0x2007d26c   COMPRESSED   0x00000018   Data   RW          672    .data               emac_lpc17xx.o
    0x2007d284   COMPRESSED   0x00000008   Data   RW          981    .data               gpdma_lpc17xx.o
    0x2007d28c   COMPRESSED   0x00000006   Data   RW         1268    .data               net_config.o
    0x2007d292   COMPRESSED   0x00000002   PAD
    0x2007d294   COMPRESSED   0x00000004   Data   RW         1886    .data               Net_CM3_L.lib(net_ip4_frag.o)
    0x2007d298   COMPRESSED   0x00000002   Data   RW         1925    .data               Net_CM3_L.lib(net_udp.o)
    0x2007d29a   COMPRESSED   0x00000002   PAD
    0x2007d29c   COMPRESSED   0x0000000c   Data   RW         2279    .data               Net_CM3_L.lib(net_sys.o)
    0x2007d2a8   COMPRESSED   0x00000002   Data   RW         2622    .data               Net_CM3_L.lib(net_ndp.o)
    0x2007d2aa   COMPRESSED   0x00000002   PAD
    0x2007d2ac   COMPRESSED   0x00000008   Data   RW         2672    .data               Net_CM3_L.lib(net_ip4.o)
    0x2007d2b4   COMPRESSED   0x00000004   Data   RW         3197    .data               mc_w.l(errno.o)
    0x2007d2b8        -       0x00000038   Zero   RW          160    .bss                http_server_cgi.o
    0x2007d2f0        -       0x0000000c   Zero   RW          592    .bss                phy_dp83848c.o
    0x2007d2fc   COMPRESSED   0x00000004   PAD
    0x2007d300        -       0x00002a74   Zero   RW          669    .bss                emac_lpc17xx.o
    0x2007fd74        -       0x0000001c   Zero   RW          828    .bss                ssp_lpc17xx.o
    0x2007fd90        -       0x000000a0   Zero   RW          980    .bss                gpdma_lpc17xx.o
    0x2007fe30        -       0x000000c8   Zero   RW         1228    .bss                net_config.o
    0x2007fef8        -       0x00000018   Zero   RW         1229    .bss                net_config.o
    0x2007ff10        -       0x00000064   Zero   RW         1231    .bss                net_config.o
    0x2007ff74        -       0x00000150   Zero   RW         1235    .bss                net_config.o
    0x200800c4        -       0x00000098   Zero   RW         1836    .bss                Net_CM3_L.lib(net_eth.o)
    0x2008015c        -       0x00000018   Zero   RW         1924    .bss                Net_CM3_L.lib(net_udp.o)
    0x20080174        -       0x00000028   Zero   RW         2246    .bss                Net_CM3_L.lib(net_ping_core.o)
    0x2008019c        -       0x00000001   Zero   RW         2530    .bss.PendST         RTX_CM3.lib(os_systick.o)
    0x2008019d   COMPRESSED   0x00000003   PAD
    0x200801a0        -       0x00000200   Zero   RW         1145    STACK               startup_lpc17xx.o


==============================================================================

Image component sizes


      Code (inc. data)   RO Data    RW Data    ZI Data      Debug   Object Name

        96         22          0          2          0       1169   adc.o
      2654        196         76         24      10868      54005   emac_lpc17xx.o
       862         78          0          8        160       8726   gpdma_lpc17xx.o
       100         20          0          0          0       2367   gpio_lpc17xx.o
       310         64         36         58       1024      11615   http_server.o
      1444        250        218          8         56       8297   http_server_cgi.o
       764         66       2444         16        768      11135   lcd.o
       194         14          8          0          0       2961   led.o
        40          8          0          0          0      26435   main.o
       190         34        827       1784      13448      37023   net_config.o
       488         36         36          0         12      11442   phy_dp83848c.o
       104          4          0          0          0        904   pin_lpc17xx.o
       244         64          0          4          0      31497   rtc.o
         4          0          0          0          0       1009   rtx_config.o
         0          0        260       4940          0       9066   rtx_lib.o
      3106        102        128          8         44      27506   ssp_lpc17xx.o
        40         12        204          0        512       1116   startup_lpc17xx.o
       416         36          0          4          0       1575   system_lpc17xx.o
        92         10      28304          0          0       1764   web.o

    ----------------------------------------------------------------------
     11162       1016      32616       6868      26896     249612   Object Totals
         0          0         64          0          0          0   (incl. Generated)
        14          0         11         12          4          0   (incl. Padding)

    ----------------------------------------------------------------------

      Code (inc. data)   RO Data    RW Data    ZI Data      Debug   Library Member Name

      1358         78         22          0         92       1548   net_addr.o
      2050        128          0          2         16       1348   net_arp.o
       120          6        144          0          0         84   net_base64.o
       236          6          0          0          0        580   net_common.o
      2684        188          0          0        152       1372   net_eth.o
      5922       1272        250         12        152       2768   net_http_server.o
       222         64         20          0          0        356   net_http_server_auth.o
         0          0        539          0          0          0   net_http_server_err.o
       372         26          0          0          0        164   net_icmp.o
       480         32          0          0          0        252   net_icmp6.o
      1210         94          4          8          0        968   net_ip4.o
       690         30          0          4          0        476   net_ip4_frag.o
       878         90         48          8          0        728   net_ip6.o
       264         24          0          8          0        244   net_loopback.o
       452         46          0          0         20        556   net_mem.o
       340         26          8          1          0        180   net_nbns_client.o
      2716        156          0          2         58       1656   net_ndp.o
       108         20         18          0         40        212   net_ping_core.o
       704         76          0         12         56        808   net_sys.o
      4858        178          0          4          0       2600   net_tcp.o
       918         36          0          2         24        576   net_udp.o
         0          0          4          0          0          0   net_version.o
       148         10          0          0          0        484   irq_cm3.o
       182         48          0          0          1       3108   os_systick.o
        56          4          0          0          0       2838   rtx_delay.o
       674         48         11        164          0      17132   rtx_kernel.o
       264          0          0          0          0       2403   rtx_memory.o
       202          0          0          0          0      16408   rtx_mempool.o
      1368         28          0          0          0      18781   rtx_msgqueue.o
       618         24          0          0          0       9465   rtx_mutex.o
       574         24          0          0          0      10965   rtx_semaphore.o
       372         26          0          0          0       5417   rtx_system.o
      2114        120          0          0          0      32225   rtx_thread.o
       552         40          0          0          0      10252   rtx_timer.o
        56          8          0          0          0         84   __0sscanf.o
        86          0          0          0          0          0   __dczerorl2.o
        28          0          0          0          0         68   _chval.o
       812          4          0          0          0        112   _scanf.o
       332          0          0          0          0         96   _scanf_int.o
        64          0          0          0          0         84   _sgetc.o
       158          0          0          0          0         92   _strtoul.o
        26          0          0          0          0         80   atoi.o
         8          4        133          0          0         68   ctype_o.o
         0          0          0          0          0          0   entry.o
         0          0          0          0          0          0   entry10a.o
         0          0          0          0          0          0   entry11a.o
         8          4          0          0          0          0   entry2.o
         4          0          0          0          0          0   entry5.o
         0          0          0          0          0          0   entry7b.o
         0          0          0          0          0          0   entry8b.o
         8          4          0          0          0          0   entry9a.o
         8          4          0          4          0         68   errno.o
        30          0          0          0          0          0   handlers.o
        36          8          0          0          0         68   init.o
        18          0          0          0          0         76   isspace_o.o
         0          0          0          0          0          0   iusefp.o
        30          0          0          0          0         68   llshl.o
        36          0          0          0          0         68   llsshr.o
        32          0          0          0          0         68   llushr.o
        26          0          0          0          0         80   memcmp.o
        36          0          0          0          0         68   memcpya.o
        36          0          0          0          0        108   memseta.o
      2276         86          0          0          0        520   printfa.o
        40          8          0          0          0         84   scanf_char.o
        28          0          0          0          0         76   strcmp.o
        18          0          0          0          0         68   strcpy.o
        14          0          0          0          0         68   strlen.o
        30          0          0          0          0         80   strncmp.o
       112          0          0          0          0         88   strtol.o
        44          0          0          0          0         80   uidiv.o
        98          0          0          0          0         92   uldiv.o
        48          0          0          0          0         68   cdrcmple.o
       334          0          0          0          0        148   dadd.o
       222          0          0          0          0        100   ddiv.o
       186          0          0          0          0        176   depilogue.o
        48          0          0          0          0         68   dfixul.o
       228          0          0          0          0         96   dmul.o
        46          0          0          0          0         80   dscalb.o
        38          0          0          0          0         68   f2d.o
       110          0          0          0          0        168   fepilogue.o
        10          0          0          0          0         68   ffltui.o
       100          0          0          0          0         76   fmul.o

    ----------------------------------------------------------------------
     39666       3078       1208        240        620     150582   Library Totals
        52          0          7          9          9          0   (incl. Padding)

    ----------------------------------------------------------------------

      Code (inc. data)   RO Data    RW Data    ZI Data      Debug   Library Name

     26582       2576       1057         63        610      17476   Net_CM3_L.lib
      7124        372         11        164          1     129478   RTX_CM3.lib
      4538        130        133          4          0       2512   mc_w.l
      1370          0          0          0          0       1116   mf_w.l

    ----------------------------------------------------------------------
     39666       3078       1208        240        620     150582   Library Totals

    ----------------------------------------------------------------------

==============================================================================


      Code (inc. data)   RO Data    RW Data    ZI Data      Debug   

     50828       4094      33824       7108      27516     380090   Grand Totals
     50828       4094      33824        124      27516     380090   ELF Image Totals (compressed)
     50828       4094      33824        124          0          0   ROM Totals

==============================================================================

    Total RO  Size (Code + RO Data)                84652 (  82.67kB)
    Total RW  Size (RW Data + ZI Data)             34624 (  33.81kB)
    Total ROM Size (Code + RO Data + RW Data)      84776 (  82.79kB)

==============================================================================

