Component: ARM Compiler 5.06 update 6 (build 750) Tool: armlink [4d35ed]

==============================================================================

Section Cross References

    main.o(i.main) refers to system_lpc17xx.o(i.SystemCoreClockUpdate) for SystemCoreClockUpdate
    main.o(i.main) refers to led.o(i.LED_Initialize) for LED_Initialize
    main.o(i.main) refers to adc.o(i.init_adc) for init_adc
    main.o(i.main) refers to rtx_kernel.o(.text.osKernelInitialize) for osKernelInitialize
    main.o(i.main) refers to rtx_thread.o(.text.osThreadNew) for osThreadNew
    main.o(i.main) refers to rtx_kernel.o(.text.osKernelStart) for osKernelStart
    main.o(i.main) refers to http_server.o(.constdata) for app_main_attr
    main.o(i.main) refers to http_server.o(i.app_main) for app_main
    http_server.o(i.AD_in) refers to adc.o(i.medida_adc) for medida_adc
    http_server.o(i.BlinkLed) refers to led.o(i.LED_SetOut) for LED_SetOut
    http_server.o(i.BlinkLed) refers to rtx_delay.o(.text.osDelay) for osDelay
    http_server.o(i.BlinkLed) refers to http_server.o(.data) for LEDrun
    http_server.o(i.Display) refers to lcd.o(i.init_lcd) for init_lcd
    http_server.o(i.Display) refers to lcd.o(i.LCD_reset) for LCD_reset
    http_server.o(i.Display) refers to lcd.o(i.lcd_clean) for lcd_clean
    http_server.o(i.Display) refers to printfa.o(i.__0sprintf) for __2sprintf
    http_server.o(i.Display) refers to lcd.o(i.actualizar) for actualizar
    http_server.o(i.Display) refers to rtx_delay.o(.text.osDelay) for osDelay
    http_server.o(i.Display) refers to net_sys.o(i.netIF_GetOption) for netIF_GetOption
    http_server.o(i.Display) refers to http_server.o(i.actualizarIPMAC) for actualizarIPMAC
    http_server.o(i.Display) refers to net_addr.o(i.netIP_ntoa) for netIP_ntoa
    http_server.o(i.Display) refers to rtx_thread.o(.text.osThreadFlagsWait) for osThreadFlagsWait
    http_server.o(i.Display) refers to http_server.o(.data) for lcd_text
    http_server.o(i.Display) refers to http_server.o(.bss) for ip_ascii
    http_server.o(i.Rtc_led) refers to rtx_thread.o(.text.osThreadFlagsWait) for osThreadFlagsWait
    http_server.o(i.Rtc_led) refers to rtc.o(i.getSeg) for getSeg
    http_server.o(i.Rtc_led) refers to led.o(i.LED_SetOut) for LED_SetOut
    http_server.o(i.Rtc_led) refers to http_server.o(.data) for LEDrun
    http_server.o(i.Rtc_setDate) refers to rtx_thread.o(.text.osThreadFlagsWait) for osThreadFlagsWait
    http_server.o(i.Rtc_setDate) refers to printfa.o(i.__0sprintf) for __2sprintf
    http_server.o(i.Rtc_setDate) refers to http_server.o(i.getNumber) for getNumber
    http_server.o(i.Rtc_setDate) refers to rtc.o(i.setFecha) for setFecha
    http_server.o(i.Rtc_setDate) refers to http_server.o(.data) for time_text
    http_server.o(i.Rtc_setTime) refers to rtx_thread.o(.text.osThreadFlagsWait) for osThreadFlagsWait
    http_server.o(i.Rtc_setTime) refers to printfa.o(i.__0sprintf) for __2sprintf
    http_server.o(i.Rtc_setTime) refers to http_server.o(i.getNumber) for getNumber
    http_server.o(i.Rtc_setTime) refers to rtc.o(i.setHora) for setHora
    http_server.o(i.Rtc_setTime) refers to http_server.o(.data) for time_text
    http_server.o(i.SNTP_thread) refers to rtx_thread.o(.text.osThreadFlagsWait) for osThreadFlagsWait
    http_server.o(i.SNTP_thread) refers to sntp.o(i.get_time) for get_time
    http_server.o(i.SNTP_thread) refers to led.o(i.LED_SetOut) for LED_SetOut
    http_server.o(i.SNTP_thread) refers to http_server.o(.data) for LEDrun
    http_server.o(i.SW_Thread) refers to switch.o(i.initPulsador) for initPulsador
    http_server.o(i.SW_Thread) refers to rtx_thread.o(.text.osThreadFlagsWait) for osThreadFlagsWait
    http_server.o(i.SW_Thread) refers to rtc.o(i.resetHoraFecha0) for resetHoraFecha0
    http_server.o(i.Timer_SNTP_callback) refers to rtx_thread.o(.text.osThreadFlagsSet) for osThreadFlagsSet
    http_server.o(i.Timer_SNTP_callback) refers to http_server.o(.data) for TID_SNTP
    http_server.o(i.actualizarIPMAC) refers to lpc17xx_iap.o(i.GetSecNum) for GetSecNum
    http_server.o(i.actualizarIPMAC) refers to http_server.o(i.borrarSector) for borrarSector
    http_server.o(i.actualizarIPMAC) refers to http_server.o(i.escribirFlash) for escribirFlash
    http_server.o(i.actualizarIPMAC) refers to http_server.o(.bss) for buffer
    http_server.o(i.actualizarLed) refers to lpc17xx_iap.o(i.GetSecNum) for GetSecNum
    http_server.o(i.actualizarLed) refers to http_server.o(i.borrarSector) for borrarSector
    http_server.o(i.actualizarLed) refers to http_server.o(i.escribirFlash) for escribirFlash
    http_server.o(i.actualizarLed) refers to http_server.o(.bss) for buffer
    http_server.o(i.app_main) refers to rtc.o(i.initRTC) for initRTC
    http_server.o(i.app_main) refers to net_sys.o(i.netInitialize) for netInitialize
    http_server.o(i.app_main) refers to http_server.o(i.getEstadoLeds) for getEstadoLeds
[...]
    setHora                                  0x0000f081   Thumb Code    20  rtc.o(i.setHora)
    unix_time_in_seconds                     0x0000f8d5   Thumb Code   270  mktime.o(i.unix_time_in_seconds)
    wr_cmd                                   0x0000fadd   Thumb Code    46  lcd.o(i.wr_cmd)
    wr_data                                  0x0000fb11   Thumb Code    46  lcd.o(i.wr_data)
    app_main_attr                            0x0000fb44   Data          36  http_server.o(.constdata)
    imageLastModified                        0x0000fb68   Data           4  web.o(.constdata)
    Arial12x12                               0x00017380   Data        2400  lcd.o(.constdata)
    valores                                  0x00017ce0   Data          44  lcd.o(.constdata)
    LED_PIN                                  0x00017d0c   Data           8  led.o(.constdata)
    ntp_server                               0x00017d14   Data           8  sntp.o(.constdata)
    osRtxUserSVC                             0x00017d7c   Data           4  rtx_lib.o(.constdata)
    Driver_ETH_PHY0                          0x00017d84   Data          32  phy_dp83848c.o(.constdata)
    Driver_ETH_MAC0                          0x00017dac   Data          68  emac_lpc17xx.o(.constdata)
    Driver_SPI1                              0x00017e44   Data          44  ssp_lpc17xx.o(.constdata)
    EventRecorderInfo                        0x00017e70   Data          24  eventrecorder.o(.constdata)
    net_sys_config                           0x00017f10   Data          32  net_config.o(.constdata)
    net_eth0_config                          0x00017f8c   Data          20  net_config.o(.constdata)
    netif_eth_config                         0x00017fa0   Data          36  net_config.o(.constdata)
    net_localm                               0x00017fc4   Data          16  net_config.o(.constdata)
    net_localm6                              0x00017fd4   Data          16  net_config.o(.constdata)
    net_ip4_frag_config                      0x00017fe4   Data           8  net_config.o(.constdata)
    net_udp_config                           0x00017fec   Data          12  net_config.o(.constdata)
    net_tcp_config                           0x00017ff8   Data          24  net_config.o(.constdata)
    net_http_config                          0x00018010   Data          52  net_config.o(.constdata)
    net_sys_fn_uninit                        0x00018080   Data          32  net_config.o(.constdata)
    netif_getopt_func                        0x000180a0   Data          16  net_config.o(.constdata)
    netif_setopt_func                        0x000180b0   Data          16  net_config.o(.constdata)
    netif_send_func                          0x000180c0   Data          16  net_config.o(.constdata)
    net_ping_payload                         0x000181ca   Data          18  net_ping_core.o(.constdata)
    net_addr_unspec                          0x000181dc   Data          16  net_addr.o(.constdata)
    net_addr_bcast                           0x000181ec   Data           6  net_addr.o(.constdata)
    net_addr4_loopback                       0x000181f2   Data           4  net_ip4.o(.constdata)
    net_addr6_all_nodes                      0x000181f6   Data          16  net_ip6.o(.constdata)
    net_addr6_loopback                       0x00018206   Data          16  net_ip6.o(.constdata)
    net_addr6_all_routers                    0x00018216   Data          16  net_ip6.o(.constdata)
    net_http_error                           0x00018228   Data          24  net_http_server_err.o(.constdata)
    net_lib_version                          0x00018240   Data           4  net_version.o(.constdata)
    network_ip4ip6_debug_v7.12.0             0x00018240   Data           4  net_version.o(.constdata)
    __ctype_table                            0x00018250   Data         129  ctype_o.o(.constdata)
    osRtxConfig                              0x000186b8   Data         104  rtx_lib.o(.rodata)
    os_cb_sections                           0x00018720   Data          56  rtx_lib.o(.rodata)
    Region$$Table$$Base                      0x00018764   Number         0  anon$$obj.o(Region$$Table)
    Region$$Table$$Limit                     0x000187a4   Number         0  anon$$obj.o(Region$$Table)
    .bss.os.semaphore.cb$$Base               0x10000000   Number         0  net_config.o(.bss.os.semaphore.cb)
    .bss.os.semaphore.cb$$Limit              0x10000010   Number         0  net_config.o(.bss.os.semaphore.cb)
    adc_result                               0x10000010   Data           2  adc.o(.data)
    iap_entry_flash                          0x10000014   Data           4  lpc17xx_iap.o(.data)
    iap_entry                                0x1000002c   Data           4  emac_lpc17xx.o(.data)
    SystemCoreClock                          0x10000038   Data           4  system_lpc17xx.o(.data)
    net_ping_control                         0x10005fd0   Data          40  net_ping_core.o(.bss)
    net_sys_control                          0x10006008   Data          40  net_sys.o(.bss)
    net_dbg_buf                              0x10006030   Data          24  net_sys.o(.bss)
    .bss.os.msgqueue.cb$$Base                0x2007d040   Number         0  rtx_lib.o(.bss.os.msgqueue.cb)
    .bss.os.msgqueue.cb$$Limit               0x2007d074   Number         0  rtx_lib.o(.bss.os.msgqueue.cb)
    .bss.os.mutex.cb$$Base                   0x2007d0c4   Number         0  net_config.o(.bss.os.mutex.cb)
    .bss.os.mutex.cb$$Limit                  0x2007d0fc   Number         0  net_config.o(.bss.os.mutex.cb)
    .bss.os.thread.cb$$Base                  0x2007d0fc   Number         0  rtx_lib.o(.bss.os.thread.cb)
    .bss.os.thread.cb$$Limit                 0x2007d4f8   Number         0  net_config.o(.bss.os.thread.cb)
    .bss.os.timer.cb$$Base                   0x200808f8   Number         0  rtx_lib.o(.bss.os.timer.cb)
    .bss.os.timer.cb$$Limit                  0x20080938   Number         0  net_config.o(.bss.os.timer.cb)
    LEDrun                                   0x20080938   Data           1  http_server.o(.data)
    lcd_text                                 0x20080939   Data          42  http_server.o(.data)
    time_text                                0x20080963   Data          42  http_server.o(.data)
    TID_Display                              0x20080990   Data           4  http_server.o(.data)
    TID_Led                                  0x20080994   Data           4  http_server.o(.data)
    TID_Rtc_setTime                          0x20080998   Data           4  http_server.o(.data)
    TID_Rtc_setDate                          0x2008099c   Data           4  http_server.o(.data)
    TID_Rtc_led                              0x200809a0   Data           4  http_server.o(.data)
    TID_SNTP                                 0x200809a4   Data           4  http_server.o(.data)
    TID_Thread_sw                            0x200809a8   Data           4  http_server.o(.data)
    Timer_SNTP                               0x200809ac   Data           4  http_server.o(.data)
    TID_Timer_1s                             0x200809b0   Data           4  http_server.o(.data)
    SPIdrv                                   0x200809c8   Data           4  lcd.o(.data)
    posicionL1                               0x200809cc   Data           1  lcd.o(.data)
    posicionL2                               0x200809ce   Data           2  lcd.o(.data)
    comienzo                                 0x200809d0   Data           2  lcd.o(.data)
    j                                        0x200809d4   Data           4  lcd.o(.data)
    recoger1                                 0x200809d8   Data           1  lcd.o(.data)
    recoger2                                 0x200809da   Data           2  lcd.o(.data)
    osRtxInfo                                0x20080a74   Data         164  rtx_kernel.o(.data.os)
    buffer                                   0x20080b18   Data         256  http_server.o(.bss)
    bufferLCD                                0x2008108d   Data         512  lcd.o(.bss)
    L1                                       0x2008128d   Data         128  lcd.o(.bss)
    L2                                       0x2008130d   Data         128  lcd.o(.bss)
    net_eth_control                          0x2008143c   Data         152  net_eth.o(.bss)
    net_http_control                         0x20081570   Data          20  net_http_server.o(.bss)
    __initial_sp                             0x20081860   Data           0  startup_lpc17xx.o(STACK)



==============================================================================

Memory Map of the image

  Image Entry point : 0x000000cd

  Load Region LR_IROM1 (Base: 0x00000000, Size: 0x0001d364, Max: 0x00080000, ABSOLUTE, COMPRESSED[0x00018928])

    Execution Region ER_IROM1 (Exec base: 0x00000000, Load base: 0x00000000, Size: 0x000187a4, Max: 0x00080000, ABSOLUTE)

    Exec Addr    Load Addr    Size         Type   Attr      Idx    E Section Name        Object

    0x00000000   0x00000000   0x000000cc   Data   RO         1592    RESET               startup_lpc17xx.o
    0x000000cc   0x000000cc   0x00000000   Code   RO         3223  * .ARM.Collect$$$$00000000  mc_w.l(entry.o)
    0x000000cc   0x000000cc   0x00000004   Code   RO         3525    .ARM.Collect$$$$00000001  mc_w.l(entry2.o)
    0x000000d0   0x000000d0   0x00000004   Code   RO         3528    .ARM.Collect$$$$00000004  mc_w.l(entry5.o)
    0x000000d4   0x000000d4   0x00000000   Code   RO         3530    .ARM.Collect$$$$00000008  mc_w.l(entry7b.o)
    0x000000d4   0x000000d4   0x00000000   Code   RO         3532    .ARM.Collect$$$$0000000A  mc_w.l(entry8b.o)
    0x000000d4   0x000000d4   0x00000008   Code   RO         3533    .ARM.Collect$$$$0000000B  mc_w.l(entry9a.o)
    0x000000dc   0x000000dc   0x00000000   Code   RO         3535    .ARM.Collect$$$$0000000D  mc_w.l(entry10a.o)
    0x000000dc   0x000000dc   0x00000000   Code   RO         3537    .ARM.Collect$$$$0000000F  mc_w.l(entry11a.o)
    0x000000dc   0x000000dc   0x00000004   Code   RO         3526    .ARM.Collect$$$$00002712  mc_w.l(entry2.o)
    0x000000e0   0x000000e0   0x00000074   Code   RO         1284    .emb_text           eventrecorder.o
    0x00000154   0x00000154   0x00000024   Code   RO         1594    .text               startup_lpc17xx.o
    0x00000178   0x00000178   0x00000094   Code   RO         2259    .text               RTX_CM3.lib(irq_cm3.o)
    0x0000020c   0x0000020c   0x00000062   Code   RO         3226    .text               mc_w.l(uldiv.o)
    0x0000026e   0x0000026e   0x00000024   Code   RO         3232    .text               mc_w.l(memcpya.o)
    0x00000292   0x00000292   0x00000024   Code   RO         3234    .text               mc_w.l(memseta.o)
    0x000002b6   0x000002b6   0x0000000e   Code   RO         3236    .text               mc_w.l(strlen.o)
    0x000002c4   0x000002c4   0x0000001c   Code   RO         3238    .text               mc_w.l(strcmp.o)
    0x000002e0   0x000002e0   0x0000001a   Code   RO         3240    .text               mc_w.l(memcmp.o)
    0x000002fa   0x000002fa   0x00000000   Code   RO         3563    .text               mc_w.l(iusefp.o)
    0x000002fa   0x000002fa   0x00000002   Code   RO         3621    i.__scatterload_null  mc_w.l(handlers.o)
    0x000002fc   0x000002fc   0x00000004   Code   RO         1593    .ARM.__at_0x02FC    startup_lpc17xx.o
    0x00000300   0x00000300   0x00000094   Code   RO         3228    .text               mc_w.l(localtime.o)
    0x00000394   0x00000394   0x00000012   Code   RO         3242    .text               mc_w.l(strcpy.o)
    0x000003a6   0x000003a6   0x0000001e   Code   RO         3244    .text               mc_w.l(strncmp.o)
    0x000003c4   0x000003c4   0x00000038   Code   RO         3509    .text               mc_w.l(__0sscanf.o)
    0x000003fc   0x000003fc   0x0000014c   Code   RO         3511    .text               mc_w.l(_scanf_int.o)
    0x00000548   0x00000548   0x0000001a   Code   RO         3513    .text               mc_w.l(atoi.o)
    0x00000562   0x00000562   0x00000064   Code   RO         3517    .text               mf_w.l(fmul.o)
    0x000005c6   0x000005c6   0x000000de   Code   RO         3519    .text               mf_w.l(ddiv.o)
    0x000006a4   0x000006a4   0x0000000a   Code   RO         3521    .text               mf_w.l(ffltui.o)
    0x000006ae   0x000006ae   0x00000026   Code   RO         3523    .text               mf_w.l(f2d.o)
    0x000006d4   0x000006d4   0x0000002c   Code   RO         3542    .text               mc_w.l(uidiv.o)
    0x00000700   0x00000700   0x0000001e   Code   RO         3544    .text               mc_w.l(llshl.o)
    0x0000071e   0x0000071e   0x00000020   Code   RO         3546    .text               mc_w.l(llushr.o)
    0x0000073e   0x0000073e   0x0000001c   Code   RO         3555    .text               mc_w.l(_chval.o)
    0x0000075a   0x0000075a   0x00000002   PAD
    0x0000075c   0x0000075c   0x00000028   Code   RO         3557    .text               mc_w.l(scanf_char.o)
    0x00000784   0x00000784   0x00000040   Code   RO         3559    .text               mc_w.l(_sgetc.o)
    0x000007c4   0x000007c4   0x00000070   Code   RO         3561    .text               mc_w.l(strtol.o)
    0x00000834   0x00000834   0x0000006e   Code   RO         3564    .text               mf_w.l(fepilogue.o)
    0x000008a2   0x000008a2   0x000000ba   Code   RO         3566    .text               mf_w.l(depilogue.o)
    0x0000095c   0x0000095c   0x0000014e   Code   RO         3568    .text               mf_w.l(dadd.o)
    0x00000aaa   0x00000aaa   0x000000e4   Code   RO         3570    .text               mf_w.l(dmul.o)
    0x00000b8e   0x00000b8e   0x00000030   Code   RO         3572    .text               mf_w.l(dfixul.o)
    0x00000bbe   0x00000bbe   0x00000002   PAD
    0x00000bc0   0x00000bc0   0x00000030   Code   RO         3574    .text               mf_w.l(cdrcmple.o)
    0x00000bf0   0x00000bf0   0x00000024   Code   RO         3576    .text               mc_w.l(init.o)
    0x00000c14   0x00000c14   0x00000024   Code   RO         3579    .text               mc_w.l(llsshr.o)
    0x00000c38   0x00000c38   0x00000008   Code   RO         3583    .text               mc_w.l(ctype_o.o)
    0x00000c40   0x00000c40   0x00000012   Code   RO         3605    .text               mc_w.l(isspace_o.o)
    0x00000c52   0x00000c52   0x00000002   PAD
    0x00000c54   0x00000c54   0x0000032c   Code   RO         3611    .text               mc_w.l(_scanf.o)
    0x00000f80   0x00000f80   0x0000009e   Code   RO         3613    .text               mc_w.l(_strtoul.o)
    0x0000101e   0x0000101e   0x00000056   Code   RO         3626    .text               mc_w.l(__dczerorl2.o)
    0x00001074   0x00001074   0x00000044   Code   RO         2884    .text.MessageQueueGet  RTX_CM3.lib(rtx_msgqueue.o)
    0x000010b8   0x000010b8   0x00000062   Code   RO         2878    .text.MessageQueuePut  RTX_CM3.lib(rtx_msgqueue.o)
    0x0000111a   0x0000111a   0x0000001c   Code   RO         2876    .text.MessageQueueRemove  RTX_CM3.lib(rtx_msgqueue.o)
    0x00001136   0x00001136   0x00000002   PAD
    0x00001138   0x00001138   0x0000000c   Code   RO         2922    .text.OS_Tick_AcknowledgeIRQ  RTX_CM3.lib(os_systick.o)
    0x00001144   0x00001144   0x0000002c   Code   RO         2918    .text.OS_Tick_Enable  RTX_CM3.lib(os_systick.o)
    0x00001170   0x00001170   0x0000000c   Code   RO         2926    .text.OS_Tick_GetClock  RTX_CM3.lib(os_systick.o)
    0x0000117c   0x0000117c   0x00000010   Code   RO         2930    .text.OS_Tick_GetCount  RTX_CM3.lib(os_systick.o)
    0x0000118c   0x0000118c   0x00000006   Code   RO         2924    .text.OS_Tick_GetIRQn  RTX_CM3.lib(os_systick.o)
    0x00001192   0x00001192   0x00000002   PAD
    0x00001194   0x00001194   0x0000000c   Code   RO         2928    .text.OS_Tick_GetInterval  RTX_CM3.lib(os_systick.o)
    0x000011a0   0x000011a0   0x00000010   Code   RO         2932    .text.OS_Tick_GetOverflow  RTX_CM3.lib(os_systick.o)
    0x000011b0   0x000011b0   0x00000040   Code   RO         2916    .text.OS_Tick_Setup  RTX_CM3.lib(os_systick.o)
    0x000011f0   0x000011f0   0x0000006a   Code   RO         2078    .text.ThreadFlagsCheck  RTX_CM3.lib(rtx_thread.o)
    0x0000125a   0x0000125a   0x00000002   PAD
    0x0000125c   0x0000125c   0x00000050   Code   RO         2164    .text.TimerInsert   RTX_CM3.lib(rtx_timer.o)
    0x000012ac   0x000012ac   0x00000028   Code   RO         2172    .text.TimerRemove   RTX_CM3.lib(rtx_timer.o)
    0x000012d4   0x000012d4   0x00000024   Code   RO         2131    .text.osDelay       RTX_CM3.lib(rtx_delay.o)
    0x000012f8   0x000012f8   0x00000030   Code   RO         1941    .text.osKernelGetState  RTX_CM3.lib(rtx_kernel.o)
    0x00001328   0x00001328   0x00000024   Code   RO         1965    .text.osKernelGetSysTimerCount  RTX_CM3.lib(rtx_kernel.o)
    0x0000134c   0x0000134c   0x00000024   Code   RO         1969    .text.osKernelGetSysTimerFreq  RTX_CM3.lib(rtx_kernel.o)
    0x00001370   0x00001370   0x0000002c   Code   RO         1935    .text.osKernelInitialize  RTX_CM3.lib(rtx_kernel.o)
    0x0000139c   0x0000139c   0x00000024   Code   RO         1945    .text.osKernelStart  RTX_CM3.lib(rtx_kernel.o)
    0x000013c0   0x000013c0   0x0000006c   Code   RO         2850    .text.osMessageQueueGet  RTX_CM3.lib(rtx_msgqueue.o)
    0x0000142c   0x0000142c   0x00000024   Code   RO         2844    .text.osMessageQueueNew  RTX_CM3.lib(rtx_msgqueue.o)
    0x00001450   0x00001450   0x00000078   Code   RO         2848    .text.osMessageQueuePut  RTX_CM3.lib(rtx_msgqueue.o)
    0x000014c8   0x000014c8   0x00000024   Code   RO         2195    .text.osMutexAcquire  RTX_CM3.lib(rtx_mutex.o)
    0x000014ec   0x000014ec   0x00000024   Code   RO         2191    .text.osMutexNew    RTX_CM3.lib(rtx_mutex.o)
    0x00001510   0x00001510   0x00000024   Code   RO         2197    .text.osMutexRelease  RTX_CM3.lib(rtx_mutex.o)
    0x00001534   0x00001534   0x00000080   Code   RO         2778    .text.osRtxMemoryAlloc  RTX_CM3.lib(rtx_memory.o)
    0x000015b4   0x000015b4   0x00000052   Code   RO         2780    .text.osRtxMemoryFree  RTX_CM3.lib(rtx_memory.o)
    0x00001606   0x00001606   0x00000036   Code   RO         2776    .text.osRtxMemoryInit  RTX_CM3.lib(rtx_memory.o)
    0x0000163c   0x0000163c   0x0000003a   Code   RO         2793    .text.osRtxMemoryPoolAlloc  RTX_CM3.lib(rtx_mempool.o)
    0x00001676   0x00001676   0x0000004a   Code   RO         2795    .text.osRtxMemoryPoolFree  RTX_CM3.lib(rtx_mempool.o)
    0x000016c0   0x000016c0   0x00000046   Code   RO         2791    .text.osRtxMemoryPoolInit  RTX_CM3.lib(rtx_mempool.o)
    0x00001706   0x00001706   0x000000ba   Code   RO         2874    .text.osRtxMessageQueuePostProcess  RTX_CM3.lib(rtx_msgqueue.o)
    0x000017c0   0x000017c0   0x0000004a   Code   RO         2189    .text.osRtxMutexOwnerRelease  RTX_CM3.lib(rtx_mutex.o)
    0x0000180a   0x0000180a   0x00000002   PAD
    0x0000180c   0x0000180c   0x00000090   Code   RO         2903    .text.osRtxPendSV_Handler  RTX_CM3.lib(rtx_system.o)
    0x0000189c   0x0000189c   0x00000074   Code   RO         2905    .text.osRtxPostProcess  RTX_CM3.lib(rtx_system.o)
    0x00001910   0x00001910   0x00000036   Code   RO         2240    .text.osRtxSemaphorePostProcess  RTX_CM3.lib(rtx_semaphore.o)
    0x00001946   0x00001946   0x00000002   PAD
    0x00001948   0x00001948   0x00000038   Code   RO         2018    .text.osRtxThreadBlock  RTX_CM3.lib(rtx_thread.o)
    0x00001980   0x00001980   0x00000088   Code   RO         2026    .text.osRtxThreadDelayInsert  RTX_CM3.lib(rtx_thread.o)
    0x00001a08   0x00001a08   0x0000003c   Code   RO         2022    .text.osRtxThreadDelayRemove  RTX_CM3.lib(rtx_thread.o)
    0x00001a44   0x00001a44   0x00000034   Code   RO         2008    .text.osRtxThreadDelayTick  RTX_CM3.lib(rtx_thread.o)
    0x00001a78   0x00001a78   0x0000005c   Code   RO         2016    .text.osRtxThreadDispatch  RTX_CM3.lib(rtx_thread.o)
    0x00001ad4   0x00001ad4   0x00000058   Code   RO         2102    .text.osRtxThreadFree  RTX_CM3.lib(rtx_thread.o)
    0x00001b2c   0x00001b2c   0x00000014   Code   RO         2000    .text.osRtxThreadListGet  RTX_CM3.lib(rtx_thread.o)
    0x00001b40   0x00001b40   0x0000002a   Code   RO         1998    .text.osRtxThreadListPut  RTX_CM3.lib(rtx_thread.o)
    0x00001b6a   0x00001b6a   0x00000014   Code   RO         2004    .text.osRtxThreadListRemove  RTX_CM3.lib(rtx_thread.o)
    0x00001b7e   0x00001b7e   0x00000028   Code   RO         2002    .text.osRtxThreadListSort  RTX_CM3.lib(rtx_thread.o)
    0x00001ba6   0x00001ba6   0x0000002a   Code   RO         2076    .text.osRtxThreadPostProcess  RTX_CM3.lib(rtx_thread.o)
    0x00001bd0   0x00001bd0   0x00000014   Code   RO         2006    .text.osRtxThreadReadyPut  RTX_CM3.lib(rtx_thread.o)
    0x00001be4   0x00001be4   0x00000006   Code   RO         2010    .text.osRtxThreadRegPtr  RTX_CM3.lib(rtx_thread.o)
    0x00001bea   0x00001bea   0x00000002   PAD
    0x00001bec   0x00001bec   0x00000028   Code   RO         2014    .text.osRtxThreadStackCheck  RTX_CM3.lib(rtx_thread.o)
    0x00001c14   0x00001c14   0x00000040   Code   RO         2028    .text.osRtxThreadStartup  RTX_CM3.lib(rtx_thread.o)
    0x00001c54   0x00001c54   0x00000010   Code   RO         2012    .text.osRtxThreadSwitch  RTX_CM3.lib(rtx_thread.o)
    0x00001c64   0x00001c64   0x0000003c   Code   RO         2024    .text.osRtxThreadWaitEnter  RTX_CM3.lib(rtx_thread.o)
    0x00001ca0   0x00001ca0   0x00000024   Code   RO         2020    .text.osRtxThreadWaitExit  RTX_CM3.lib(rtx_thread.o)
    0x00001cc4   0x00001cc4   0x00000070   Code   RO         2901    .text.osRtxTick_Handler  RTX_CM3.lib(rtx_system.o)
    0x00001d34   0x00001d34   0x0000003c   Code   RO         2148    .text.osRtxTimerThread  RTX_CM3.lib(rtx_timer.o)
    0x00001d70   0x00001d70   0x00000058   Code   RO         2150    .text.osRtxTimerTick  RTX_CM3.lib(rtx_timer.o)
    0x00001dc8   0x00001dc8   0x00000054   Code   RO         2228    .text.osSemaphoreAcquire  RTX_CM3.lib(rtx_semaphore.o)
    0x00001e1c   0x00001e1c   0x00000024   Code   RO         2236    .text.osSemaphoreDelete  RTX_CM3.lib(rtx_semaphore.o)
    0x00001e40   0x00001e40   0x00000024   Code   RO         2224    .text.osSemaphoreNew  RTX_CM3.lib(rtx_semaphore.o)
    0x00001e64   0x00001e64   0x00000064   Code   RO         2230    .text.osSemaphoreRelease  RTX_CM3.lib(rtx_semaphore.o)
    0x00001ec8   0x00001ec8   0x0000000c   Code   RO         2060    .text.osThreadExit  RTX_CM3.lib(rtx_thread.o)
    0x00001ed4   0x00001ed4   0x00000024   Code   RO         2070    .text.osThreadFlagsClear  RTX_CM3.lib(rtx_thread.o)
    0x00001ef8   0x00001ef8   0x00000058   Code   RO         2068    .text.osThreadFlagsSet  RTX_CM3.lib(rtx_thread.o)
    0x00001f50   0x00001f50   0x00000024   Code   RO         2074    .text.osThreadFlagsWait  RTX_CM3.lib(rtx_thread.o)
    0x00001f74   0x00001f74   0x00000024   Code   RO         2032    .text.osThreadNew   RTX_CM3.lib(rtx_thread.o)
    0x00001f98   0x00001f98   0x00000024   Code   RO         2062    .text.osThreadTerminate  RTX_CM3.lib(rtx_thread.o)
    0x00001fbc   0x00001fbc   0x00000024   Code   RO         2050    .text.osThreadYield  RTX_CM3.lib(rtx_thread.o)
    0x00001fe0   0x00001fe0   0x00000030   Code   RO         2152    .text.osTimerNew    RTX_CM3.lib(rtx_timer.o)
    0x00002010   0x00002010   0x00000024   Code   RO         2156    .text.osTimerStart  RTX_CM3.lib(rtx_timer.o)
    0x00002034   0x00002034   0x00000014   Code   RO         2135    .text.svcRtxDelay   RTX_CM3.lib(rtx_delay.o)
    0x00002048   0x00002048   0x0000000c   Code   RO         1943    .text.svcRtxKernelGetState  RTX_CM3.lib(rtx_kernel.o)
    0x00002054   0x00002054   0x00000028   Code   RO         1967    .text.svcRtxKernelGetSysTimerCount  RTX_CM3.lib(rtx_kernel.o)
    0x0000207c   0x0000207c   0x00000004   Code   RO         1971    .text.svcRtxKernelGetSysTimerFreq  RTX_CM3.lib(rtx_kernel.o)
    0x00002080   0x00002080   0x00000154   Code   RO         1973    .text.svcRtxKernelInitialize  RTX_CM3.lib(rtx_kernel.o)
    0x000021d4   0x000021d4   0x00000088   Code   RO         1975    .text.svcRtxKernelStart  RTX_CM3.lib(rtx_kernel.o)
    0x0000225c   0x0000225c   0x000000e0   Code   RO         2886    .text.svcRtxMessageQueueGet  RTX_CM3.lib(rtx_msgqueue.o)
    0x0000233c   0x0000233c   0x00000134   Code   RO         2872    .text.svcRtxMessageQueueNew  RTX_CM3.lib(rtx_msgqueue.o)
    0x00002470   0x00002470   0x000000c0   Code   RO         2882    .text.svcRtxMessageQueuePut  RTX_CM3.lib(rtx_msgqueue.o)
    0x00002530   0x00002530   0x00000090   Code   RO         2207    .text.svcRtxMutexAcquire  RTX_CM3.lib(rtx_mutex.o)
    0x000025c0   0x000025c0   0x0000006c   Code   RO         2203    .text.svcRtxMutexNew  RTX_CM3.lib(rtx_mutex.o)
    0x0000262c   0x0000262c   0x000000b8   Code   RO         2209    .text.svcRtxMutexRelease  RTX_CM3.lib(rtx_mutex.o)
    0x000026e4   0x000026e4   0x00000058   Code   RO         2244    .text.svcRtxSemaphoreAcquire  RTX_CM3.lib(rtx_semaphore.o)
    0x0000273c   0x0000273c   0x00000060   Code   RO         2248    .text.svcRtxSemaphoreDelete  RTX_CM3.lib(rtx_semaphore.o)
    0x0000279c   0x0000279c   0x00000080   Code   RO         2238    .text.svcRtxSemaphoreNew  RTX_CM3.lib(rtx_semaphore.o)
    0x0000281c   0x0000281c   0x00000054   Code   RO         2246    .text.svcRtxSemaphoreRelease  RTX_CM3.lib(rtx_semaphore.o)
    0x00002870   0x00002870   0x00000070   Code   RO         2106    .text.svcRtxThreadExit  RTX_CM3.lib(rtx_thread.o)
    0x000028e0   0x000028e0   0x00000034   Code   RO         2116    .text.svcRtxThreadFlagsClear  RTX_CM3.lib(rtx_thread.o)
    0x00002914   0x00002914   0x00000066   Code   RO         2114    .text.svcRtxThreadFlagsSet  RTX_CM3.lib(rtx_thread.o)
    0x0000297a   0x0000297a   0x00000002   PAD
    0x0000297c   0x0000297c   0x0000004c   Code   RO         2120    .text.svcRtxThreadFlagsWait  RTX_CM3.lib(rtx_thread.o)
    0x000029c8   0x000029c8   0x000001dc   Code   RO         2030    .text.svcRtxThreadNew  RTX_CM3.lib(rtx_thread.o)
    0x00002ba4   0x00002ba4   0x000000c0   Code   RO         2108    .text.svcRtxThreadTerminate  RTX_CM3.lib(rtx_thread.o)
    0x00002c64   0x00002c64   0x00000038   Code   RO         2092    .text.svcRtxThreadYield  RTX_CM3.lib(rtx_thread.o)
    0x00002c9c   0x00002c9c   0x0000007c   Code   RO         2166    .text.svcRtxTimerNew  RTX_CM3.lib(rtx_timer.o)
    0x00002d18   0x00002d18   0x0000004c   Code   RO         2170    .text.svcRtxTimerStart  RTX_CM3.lib(rtx_timer.o)
    0x00002d64   0x00002d64   0x00000012   Code   RO           86    i.AD_in             http_server.o
    0x00002d76   0x00002d76   0x00000002   PAD
    0x00002d78   0x00002d78   0x0000003c   Code   RO          714    i.BlankCheckSector  lpc17xx_iap.o
    0x00002db4   0x00002db4   0x0000003c   Code   RO           87    i.BlinkLed          http_server.o
    0x00002df0   0x00002df0   0x00000020   Code   RO         1413    i.Clear_Channel_active_flag  gpdma_lpc17xx.o
    0x00002e10   0x00002e10   0x00000198   Code   RO          945    i.Control           emac_lpc17xx.o
    0x00002fa8   0x00002fa8   0x00000008   Code   RO          946    i.ControlTimer      emac_lpc17xx.o
    0x00002fb0   0x00002fb0   0x00000058   Code   RO          716    i.CopyRAM2Flash     lpc17xx_iap.o
    0x00003008   0x00003008   0x00000180   Code   RO         1414    i.DMA_IRQHandler    gpdma_lpc17xx.o
    0x00003188   0x00003188   0x000000e8   Code   RO           88    i.Display           http_server.o
    0x00003270   0x00003270   0x0000007c   Code   RO          665    i.EINT3_IRQHandler  switch.o
    0x000032ec   0x000032ec   0x00000048   Code   RO          947    i.ENET_IRQHandler   emac_lpc17xx.o
    0x00003334   0x00003334   0x00000048   Code   RO          717    i.EraseSector       lpc17xx_iap.o
    0x0000337c   0x0000337c   0x00000080   Code   RO          359    i.EscribeLetra_L1   lcd.o
    0x000033fc   0x000033fc   0x00000084   Code   RO          360    i.EscribeLetra_L2   lcd.o
    0x00003480   0x00003480   0x00000028   Code   RO         1285    i.EventCheckFilter  eventrecorder.o
    0x000034a8   0x000034a8   0x0000003c   Code   RO         1286    i.EventGetTS        eventrecorder.o
    0x000034e4   0x000034e4   0x00000046   Code   RO         1287    i.EventRecord2      eventrecorder.o
    0x0000352a   0x0000352a   0x00000076   Code   RO         1288    i.EventRecord4      eventrecorder.o
    0x000035a0   0x000035a0   0x00000116   Code   RO         1289    i.EventRecordData   eventrecorder.o
    0x000036b6   0x000036b6   0x00000002   PAD
    0x000036b8   0x000036b8   0x000000d8   Code   RO         1290    i.EventRecordItem   eventrecorder.o
    0x00003790   0x00003790   0x0000005c   Code   RO         1292    i.EventRecorderDisable  eventrecorder.o
    0x000037ec   0x000037ec   0x0000005c   Code   RO         1293    i.EventRecorderEnable  eventrecorder.o
    0x00003848   0x00003848   0x00000128   Code   RO         1294    i.EventRecorderInitialize  eventrecorder.o
    0x00003970   0x00003970   0x00000030   Code   RO         1295    i.EventRecorderStart  eventrecorder.o
    0x000039a0   0x000039a0   0x0000000c   Code   RO         1297    i.EventRecorderTimerGetCount  eventrecorder.o
    0x000039ac   0x000039ac   0x0000000c   Code   RO         1298    i.EventRecorderTimerGetFreq  eventrecorder.o
    0x000039b8   0x000039b8   0x00000024   Code   RO         1299    i.EventRecorderTimerSetup  eventrecorder.o
    0x000039dc   0x000039dc   0x000000f4   Code   RO         1415    i.GPDMA_ChannelConfigure  gpdma_lpc17xx.o
    0x00003ad0   0x00003ad0   0x00000030   Code   RO         1416    i.GPDMA_ChannelDisable  gpdma_lpc17xx.o
    0x00003b00   0x00003b00   0x00000030   Code   RO         1418    i.GPDMA_ChannelGetCount  gpdma_lpc17xx.o
    0x00003b30   0x00003b30   0x000000b0   Code   RO         1420    i.GPDMA_Initialize  gpdma_lpc17xx.o
    0x00003be0   0x00003be0   0x00000044   Code   RO         1421    i.GPDMA_PeripheralSelect  gpdma_lpc17xx.o
    0x00003c24   0x00003c24   0x00000080   Code   RO         1422    i.GPDMA_Uninitialize  gpdma_lpc17xx.o
    0x00003ca4   0x00003ca4   0x00000028   Code   RO         1504    i.GPIO_PinWrite     gpio_lpc17xx.o
    0x00003ccc   0x00003ccc   0x0000002c   Code   RO         1505    i.GPIO_PortClock    gpio_lpc17xx.o
    0x00003cf8   0x00003cf8   0x00000014   Code   RO         1506    i.GPIO_PortRead     gpio_lpc17xx.o
    0x00003d0c   0x00003d0c   0x00000038   Code   RO         1508    i.GPIO_SetDir       gpio_lpc17xx.o
    0x00003d44   0x00003d44   0x0000000c   Code   RO          948    i.GetCapabilities   emac_lpc17xx.o
    0x00003d50   0x00003d50   0x00000010   Code   RO         1300    i.GetContext        eventrecorder.o
    0x00003d60   0x00003d60   0x00000068   Code   RO          883    i.GetLinkInfo       phy_dp83848c.o
    0x00003dc8   0x00003dc8   0x0000002c   Code   RO          884    i.GetLinkState      phy_dp83848c.o
    0x00003df4   0x00003df4   0x00000048   Code   RO          949    i.GetMacAddress     emac_lpc17xx.o
    0x00003e3c   0x00003e3c   0x00000054   Code   RO          950    i.GetRxFrameSize    emac_lpc17xx.o
    0x00003e90   0x00003e90   0x00000008   Code   RO          951    i.GetRxFrameTime    emac_lpc17xx.o
    0x00003e98   0x00003e98   0x00000044   Code   RO         1110    i.GetSSPClockFreq   ssp_lpc17xx.o
    0x00003edc   0x00003edc   0x00000010   Code   RO          718    i.GetSecNum         lpc17xx_iap.o
    0x00003eec   0x00003eec   0x00000008   Code   RO          952    i.GetTxFrameTime    emac_lpc17xx.o
    0x00003ef4   0x00003ef4   0x00000010   Code   RO          885    i.GetVersion        phy_dp83848c.o
    0x00003f04   0x00003f04   0x00000010   Code   RO          953    i.GetVersion        emac_lpc17xx.o
    0x00003f14   0x00003f14   0x00000018   Code   RO          513    i.IAlarma           rtc.o
    0x00003f2c   0x00003f2c   0x00000030   Code   RO          886    i.Initialize        phy_dp83848c.o
    0x00003f5c   0x00003f5c   0x00000170   Code   RO          954    i.Initialize        emac_lpc17xx.o
    0x000040cc   0x000040cc   0x0000001c   Code   RO          361    i.LCD_reset         lcd.o
    0x000040e8   0x000040e8   0x0000005c   Code   RO          457    i.LED_Initialize    led.o
    0x00004144   0x00004144   0x0000002c   Code   RO          458    i.LED_Off           led.o
    0x00004170   0x00004170   0x0000002c   Code   RO          459    i.LED_On            led.o
    0x0000419c   0x0000419c   0x00000028   Code   RO          460    i.LED_SetOut        led.o
    0x000041c4   0x000041c4   0x000000f4   Code   RO          955    i.PHY_Read          emac_lpc17xx.o
    0x000042b8   0x000042b8   0x000000e4   Code   RO          956    i.PHY_Write         emac_lpc17xx.o
    0x0000439c   0x0000439c   0x000000fc   Code   RO         1557    i.PIN_Configure     pin_lpc17xx.o
    0x00004498   0x00004498   0x000000d4   Code   RO          887    i.PowerControl      phy_dp83848c.o
    0x0000456c   0x0000456c   0x0000023c   Code   RO          957    i.PowerControl      emac_lpc17xx.o
    0x000047a8   0x000047a8   0x00000028   Code   RO          720    i.PrepareSector     lpc17xx_iap.o
    0x000047d0   0x000047d0   0x00000050   Code   RO          514    i.RTC_IRQHandler    rtc.o
    0x00004820   0x00004820   0x00000074   Code   RO          958    i.ReadFrame         emac_lpc17xx.o
    0x00004894   0x00004894   0x00000060   Code   RO           89    i.Rtc_led           http_server.o
    0x000048f4   0x000048f4   0x000000a4   Code   RO           90    i.Rtc_setDate       http_server.o
    0x00004998   0x00004998   0x00000088   Code   RO           91    i.Rtc_setTime       http_server.o
    0x00004a20   0x00004a20   0x00000048   Code   RO           92    i.SNTP_thread       http_server.o
    0x00004a68   0x00004a68   0x00000018   Code   RO         1111    i.SSP1_Control      ssp_lpc17xx.o
    0x00004a80   0x00004a80   0x00000014   Code   RO         1112    i.SSP1_GPDMA_Rx_SignalEvent  ssp_lpc17xx.o
    0x00004a94   0x00004a94   0x00000014   Code   RO         1113    i.SSP1_GPDMA_Tx_SignalEvent  ssp_lpc17xx.o
    0x00004aa8   0x00004aa8   0x00000010   Code   RO         1114    i.SSP1_GetDataCount  ssp_lpc17xx.o
    0x00004ab8   0x00004ab8   0x00000010   Code   RO         1115    i.SSP1_GetStatus    ssp_lpc17xx.o
    0x00004ac8   0x00004ac8   0x00000010   Code   RO         1116    i.SSP1_IRQHandler   ssp_lpc17xx.o
    0x00004ad8   0x00004ad8   0x00000014   Code   RO         1117    i.SSP1_Initialize   ssp_lpc17xx.o
    0x00004aec   0x00004aec   0x00000014   Code   RO         1118    i.SSP1_PowerControl  ssp_lpc17xx.o
    0x00004b00   0x00004b00   0x00000018   Code   RO         1119    i.SSP1_Receive      ssp_lpc17xx.o
    0x00004b18   0x00004b18   0x00000018   Code   RO         1120    i.SSP1_Send         ssp_lpc17xx.o
    0x00004b30   0x00004b30   0x0000001c   Code   RO         1121    i.SSP1_Transfer     ssp_lpc17xx.o
    0x00004b4c   0x00004b4c   0x00000010   Code   RO         1122    i.SSP1_Uninitialize  ssp_lpc17xx.o
    0x00004b5c   0x00004b5c   0x0000000c   Code   RO         1123    i.SSP_GetCapabilities  ssp_lpc17xx.o
    0x00004b68   0x00004b68   0x00000010   Code   RO         1124    i.SSP_GetVersion    ssp_lpc17xx.o
    0x00004b78   0x00004b78   0x0000051e   Code   RO         1125    i.SSPx_Control      ssp_lpc17xx.o
    0x00005096   0x00005096   0x00000036   Code   RO         1126    i.SSPx_GPDMA_Rx_SignalEvent  ssp_lpc17xx.o
    0x000050cc   0x000050cc   0x0000001c   Code   RO         1127    i.SSPx_GPDMA_Tx_SignalEvent  ssp_lpc17xx.o
    0x000050e8   0x000050e8   0x0000002c   Code   RO         1128    i.SSPx_GetDataCount  ssp_lpc17xx.o
    0x00005114   0x00005114   0x0000005a   Code   RO         1129    i.SSPx_GetStatus    ssp_lpc17xx.o
    0x0000516e   0x0000516e   0x00000104   Code   RO         1130    i.SSPx_IRQHandler   ssp_lpc17xx.o
    0x00005272   0x00005272   0x000000a8   Code   RO         1131    i.SSPx_Initialize   ssp_lpc17xx.o
    0x0000531a   0x0000531a   0x00000002   PAD
    0x0000531c   0x0000531c   0x000001cc   Code   RO         1132    i.SSPx_PowerControl  ssp_lpc17xx.o
    0x000054e8   0x000054e8   0x0000015c   Code   RO         1133    i.SSPx_Receive      ssp_lpc17xx.o
    0x00005644   0x00005644   0x00000154   Code   RO         1134    i.SSPx_Send         ssp_lpc17xx.o
    0x00005798   0x00005798   0x00000152   Code   RO         1135    i.SSPx_Transfer     ssp_lpc17xx.o
    0x000058ea   0x000058ea   0x00000070   Code   RO         1136    i.SSPx_Uninitialize  ssp_lpc17xx.o
    0x0000595a   0x0000595a   0x00000002   PAD
    0x0000595c   0x0000595c   0x0000007c   Code   RO           93    i.SW_Thread         http_server.o
    0x000059d8   0x000059d8   0x000000b8   Code   RO          959    i.SendFrame         emac_lpc17xx.o
    0x00005a90   0x00005a90   0x000000ac   Code   RO          960    i.SetAddressFilter  emac_lpc17xx.o
    0x00005b3c   0x00005b3c   0x00000040   Code   RO          888    i.SetInterface      phy_dp83848c.o
    0x00005b7c   0x00005b7c   0x0000004c   Code   RO          961    i.SetMacAddress     emac_lpc17xx.o
    0x00005bc8   0x00005bc8   0x00000088   Code   RO          889    i.SetMode           phy_dp83848c.o
    0x00005c50   0x00005c50   0x00000038   Code   RO         1423    i.Set_Channel_active_flag  gpdma_lpc17xx.o
    0x00005c88   0x00005c88   0x000001a8   Code   RO         1603    i.SystemCoreClockUpdate  system_lpc17xx.o
    0x00005e30   0x00005e30   0x00000140   Code   RO         1604    i.SystemInit        system_lpc17xx.o
    0x00005f70   0x00005f70   0x00000014   Code   RO           94    i.Timer_SNTP_callback  http_server.o
    0x00005f84   0x00005f84   0x00000014   Code   RO          890    i.Uninitialize      phy_dp83848c.o
    0x00005f98   0x00005f98   0x00000100   Code   RO          962    i.Uninitialize      emac_lpc17xx.o
    0x00006098   0x00006098   0x00000028   Code   RO         3483    i.__0sprintf        mc_w.l(printfa.o)
    0x000060c0   0x000060c0   0x0000001c   Code   RO         1137    i.__NVIC_ClearPendingIRQ  ssp_lpc17xx.o
    0x000060dc   0x000060dc   0x0000001c   Code   RO         1424    i.__NVIC_ClearPendingIRQ  gpdma_lpc17xx.o
    0x000060f8   0x000060f8   0x00000008   Code   RO         3548    i.__aeabi_errno_addr  mc_w.l(errno.o)
    0x00006100   0x00006100   0x0000000e   Code   RO         3620    i.__scatterload_copy  mc_w.l(handlers.o)
    0x0000610e   0x0000610e   0x0000000e   Code   RO         3622    i.__scatterload_zeroinit  mc_w.l(handlers.o)
    0x0000611c   0x0000611c   0x00000184   Code   RO         3488    i._fp_digits        mc_w.l(printfa.o)
    0x000062a0   0x000062a0   0x000006dc   Code   RO         3489    i._printf_core      mc_w.l(printfa.o)
    0x0000697c   0x0000697c   0x00000024   Code   RO         3490    i._printf_post_padding  mc_w.l(printfa.o)
    0x000069a0   0x000069a0   0x0000002e   Code   RO         3491    i._printf_pre_padding  mc_w.l(printfa.o)
    0x000069ce   0x000069ce   0x0000000a   Code   RO         3493    i._sputc            mc_w.l(printfa.o)
    0x000069d8   0x000069d8   0x00000098   Code   RO          362    i.actualizar        lcd.o
    0x00006a70   0x00006a70   0x00000080   Code   RO           95    i.actualizarIPMAC   http_server.o
    0x00006af0   0x00006af0   0x00000070   Code   RO           96    i.actualizarLed     http_server.o
    0x00006b60   0x00006b60   0x00000034   Code   RO         2524    i.add_server_id     Net_Dbg_CM3_L.lib(net_http_server.o)
    0x00006b94   0x00006b94   0x000000f8   Code   RO           97    i.app_main          http_server.o
    0x00006c8c   0x00006c8c   0x00000084   Code   RO         2943    i.arp_cache_alloc   Net_Dbg_CM3_L.lib(net_arp.o)
    0x00006d10   0x00006d10   0x00000040   Code   RO         2944    i.arp_is_cacheable  Net_Dbg_CM3_L.lib(net_arp.o)
    0x00006d50   0x00006d50   0x00000058   Code   RO         2945    i.arp_probe_run     Net_Dbg_CM3_L.lib(net_arp.o)
    0x00006da8   0x00006da8   0x000000d4   Code   RO         2946    i.arp_proc_response  Net_Dbg_CM3_L.lib(net_arp.o)
    0x00006e7c   0x00006e7c   0x0000001a   Code   RO         2947    i.arp_que_free      Net_Dbg_CM3_L.lib(net_arp.o)
    0x00006e96   0x00006e96   0x00000002   PAD
    0x00006e98   0x00006e98   0x00000098   Code   RO         2948    i.arp_send_reply    Net_Dbg_CM3_L.lib(net_arp.o)
    0x00006f30   0x00006f30   0x000000cc   Code   RO         2949    i.arp_send_request  Net_Dbg_CM3_L.lib(net_arp.o)
    0x00006ffc   0x00006ffc   0x00000068   Code   RO         2950    i.arp_sender_valid  Net_Dbg_CM3_L.lib(net_arp.o)
    0x00007064   0x00007064   0x00000036   Code   RO           98    i.borrarSector      http_server.o
    0x0000709a   0x0000709a   0x00000002   PAD
    0x0000709c   0x0000709c   0x00000188   Code   RO         2525    i.chk_post_req      Net_Dbg_CM3_L.lib(net_http_server.o)
    0x00007224   0x00007224   0x000000c0   Code   RO          363    i.copy_to_lcd       lcd.o
    0x000072e4   0x000072e4   0x00000042   Code   RO         1301    i.crc16_ccitt       eventrecorder.o
    0x00007326   0x00007326   0x00000002   PAD
    0x00007328   0x00007328   0x00000024   Code   RO          303    i.crc32_8bit        web.o
    0x0000734c   0x0000734c   0x00000028   Code   RO         3187    i.crc32_8bit        Net_Dbg_CM3_L.lib(net_common.o)
    0x00007374   0x00007374   0x00000028   Code   RO          963    i.crc32_8bit_rev    emac_lpc17xx.o
    0x0000739c   0x0000739c   0x00000022   Code   RO          964    i.crc32_data        emac_lpc17xx.o
    0x000073be   0x000073be   0x00000002   PAD
    0x000073c0   0x000073c0   0x00000044   Code   RO           99    i.escribirFlash     http_server.o
    0x00007404   0x00007404   0x000000c4   Code   RO         2263    i.eth_check_link    Net_Dbg_CM3_L.lib(net_eth.o)
    0x000074c8   0x000074c8   0x0000000c   Code   RO         2264    i.eth_lock          Net_Dbg_CM3_L.lib(net_eth.o)
    0x000074d4   0x000074d4   0x0000001c   Code   RO         2265    i.eth_mtu_limit     Net_Dbg_CM3_L.lib(net_eth.o)
    0x000074f0   0x000074f0   0x00000014   Code   RO         2266    i.eth_notify        Net_Dbg_CM3_L.lib(net_eth.o)
    0x00007504   0x00007504   0x00000044   Code   RO         2267    i.eth_opt_len       Net_Dbg_CM3_L.lib(net_eth.o)
    0x00007548   0x00007548   0x00000084   Code   RO         2268    i.eth_receive       Net_Dbg_CM3_L.lib(net_eth.o)
    0x000075cc   0x000075cc   0x0000000c   Code   RO         2269    i.eth_unlock        Net_Dbg_CM3_L.lib(net_eth.o)
    0x000075d8   0x000075d8   0x0000007a   Code   RO          793    i.evr_initialize    rtx_lib.o
    0x00007652   0x00007652   0x00000002   PAD
    0x00007654   0x00007654   0x0000007c   Code   RO         2326    i.frag_map_session  Net_Dbg_CM3_L.lib(net_ip4_frag.o)
    0x000076d0   0x000076d0   0x00000010   Code   RO          515    i.getAnio           rtc.o
    0x000076e0   0x000076e0   0x00000010   Code   RO          516    i.getDia            rtc.o
    0x000076f0   0x000076f0   0x0000003c   Code   RO          100    i.getEstadoLeds     http_server.o
    0x0000772c   0x0000772c   0x00000010   Code   RO          517    i.getHora           rtc.o
    0x0000773c   0x0000773c   0x00000010   Code   RO          518    i.getMes            rtc.o
    0x0000774c   0x0000774c   0x00000010   Code   RO          519    i.getMin            rtc.o
    0x0000775c   0x0000775c   0x00000046   Code   RO          101    i.getNumber         http_server.o
    0x000077a2   0x000077a2   0x00000002   PAD
    0x000077a4   0x000077a4   0x00000010   Code   RO          520    i.getSeg            rtc.o
    0x000077b4   0x000077b4   0x0000003e   Code   RO          521    i.getTotalSeconds   rtc.o
    0x000077f2   0x000077f2   0x00000028   Code   RO         2526    i.get_next_field    Net_Dbg_CM3_L.lib(net_http_server.o)
    0x0000781a   0x0000781a   0x00000032   Code   RO         2527    i.get_next_par      Net_Dbg_CM3_L.lib(net_http_server.o)
    0x0000784c   0x0000784c   0x00000014   Code   RO          622    i.get_time          sntp.o
    0x00007860   0x00007860   0x00000022   Code   RO         2528    i.hex2byte          Net_Dbg_CM3_L.lib(net_http_server.o)
    0x00007882   0x00007882   0x00000002   PAD
    0x00007884   0x00007884   0x0000033c   Code   RO         2529    i.http_add_header   Net_Dbg_CM3_L.lib(net_http_server.o)
    0x00007bc0   0x00007bc0   0x00000194   Code   RO         2530    i.http_error_msg    Net_Dbg_CM3_L.lib(net_http_server.o)
    0x00007d54   0x00007d54   0x00000078   Code   RO         2531    i.http_get_ftype    Net_Dbg_CM3_L.lib(net_http_server.o)
    0x00007dcc   0x00007dcc   0x0000005e   Code   RO         2532    i.http_kill_session  Net_Dbg_CM3_L.lib(net_http_server.o)
    0x00007e2a   0x00007e2a   0x00000002   PAD
    0x00007e2c   0x00007e2c   0x000002ac   Code   RO         2533    i.http_listener     Net_Dbg_CM3_L.lib(net_http_server.o)
    0x000080d8   0x000080d8   0x00000184   Code   RO         2534    i.http_open_file    Net_Dbg_CM3_L.lib(net_http_server.o)
    0x0000825c   0x0000825c   0x0000011c   Code   RO         2535    i.http_parse_header  Net_Dbg_CM3_L.lib(net_http_server.o)
    0x00008378   0x00008378   0x000001a8   Code   RO         2536    i.http_proc_multipart  Net_Dbg_CM3_L.lib(net_http_server.o)
    0x00008520   0x00008520   0x00000138   Code   RO         2537    i.http_proc_post    Net_Dbg_CM3_L.lib(net_http_server.o)
    0x00008658   0x00008658   0x00000468   Code   RO         2538    i.http_server_run   Net_Dbg_CM3_L.lib(net_http_server.o)
    0x00008ac0   0x00008ac0   0x00000060   Code   RO         2539    i.http_server_start  Net_Dbg_CM3_L.lib(net_http_server.o)
    0x00008b20   0x00008b20   0x00000020   Code   RO         2541    i.http_strcpy       Net_Dbg_CM3_L.lib(net_http_server.o)
    0x00008b40   0x00008b40   0x000000a4   Code   RO         2542    i.http_to_utc       Net_Dbg_CM3_L.lib(net_http_server.o)
    0x00008be4   0x00008be4   0x00000064   Code   RO          304    i.imageFileInfo     web.o
    0x00008c48   0x00008c48   0x00000044   Code   RO          666    i.initPulsador      switch.o
    0x00008c8c   0x00008c8c   0x000000b0   Code   RO          522    i.initRTC           rtc.o
    0x00008d3c   0x00008d3c   0x00000038   Code   RO          326    i.init_adc          adc.o
    0x00008d74   0x00008d74   0x00000098   Code   RO          365    i.init_lcd          lcd.o
    0x00008e0c   0x00008e0c   0x00000068   Code   RO          965    i.init_rx_desc      emac_lpc17xx.o
    0x00008e74   0x00008e74   0x0000005c   Code   RO          966    i.init_tx_desc      emac_lpc17xx.o
    0x00008ed0   0x00008ed0   0x00000044   Code   RO          967    i.input_MDIO        emac_lpc17xx.o
    0x00008f14   0x00008f14   0x00000038   Code   RO         3061    i.ip4_dispatch      Net_Dbg_CM3_L.lib(net_ip4.o)
    0x00008f4c   0x00008f4c   0x0000000a   Code   RO         3062    i.ip4_get_chksum    Net_Dbg_CM3_L.lib(net_ip4.o)
    0x00008f56   0x00008f56   0x00000002   PAD
    0x00008f58   0x00008f58   0x00000020   Code   RO         3063    i.ip4_get_mtu       Net_Dbg_CM3_L.lib(net_ip4.o)
    0x00008f78   0x00008f78   0x000000a0   Code   RO         3064    i.ip4_get_route     Net_Dbg_CM3_L.lib(net_ip4.o)
    0x00009018   0x00009018   0x00000034   Code   RO         2708    i.ip4_ntoa          Net_Dbg_CM3_L.lib(net_addr.o)
    0x0000904c   0x0000904c   0x00000048   Code   RO         3111    i.ip6_get_route     Net_Dbg_CM3_L.lib(net_ip6.o)
    0x00009094   0x00009094   0x000000d4   Code   RO         2709    i.ip6_ntoa          Net_Dbg_CM3_L.lib(net_addr.o)
    0x00009168   0x00009168   0x00000020   Code   RO          366    i.lcd_clean         lcd.o
    0x00009188   0x00009188   0x0000002c   Code   RO            4    i.main              main.o
    0x000091b4   0x000091b4   0x00000040   Code   RO          327    i.medida_adc        adc.o
    0x000091f4   0x000091f4   0x0000000c   Code   RO         3164    i.mem_lock          Net_Dbg_CM3_L.lib(net_mem.o)
    0x00009200   0x00009200   0x0000000c   Code   RO         3165    i.mem_unlock        Net_Dbg_CM3_L.lib(net_mem.o)
    0x0000920c   0x0000920c   0x000000f8   Code   RO         2999    i.ndp_cache_add     Net_Dbg_CM3_L.lib(net_ndp.o)
    0x00009304   0x00009304   0x0000008c   Code   RO         3000    i.ndp_cache_alloc   Net_Dbg_CM3_L.lib(net_ndp.o)
    0x00009390   0x00009390   0x00000070   Code   RO         3001    i.ndp_cache_delete  Net_Dbg_CM3_L.lib(net_ndp.o)
    0x00009400   0x00009400   0x0000002c   Code   RO         3002    i.ndp_check_frame   Net_Dbg_CM3_L.lib(net_ndp.o)
    0x0000942c   0x0000942c   0x0000005c   Code   RO         3003    i.ndp_is_onlink     Net_Dbg_CM3_L.lib(net_ndp.o)
    0x00009488   0x00009488   0x00000012   Code   RO         3004    i.ndp_next_opt      Net_Dbg_CM3_L.lib(net_ndp.o)
    0x0000949a   0x0000949a   0x00000002   PAD
    0x0000949c   0x0000949c   0x000000cc   Code   RO         3005    i.ndp_prefix_add    Net_Dbg_CM3_L.lib(net_ndp.o)
    0x00009568   0x00009568   0x0000005c   Code   RO         3006    i.ndp_probe_run     Net_Dbg_CM3_L.lib(net_ndp.o)
    0x000095c4   0x000095c4   0x000000e8   Code   RO         3007    i.ndp_proc_response  Net_Dbg_CM3_L.lib(net_ndp.o)
    0x000096ac   0x000096ac   0x0000001a   Code   RO         3008    i.ndp_que_free      Net_Dbg_CM3_L.lib(net_ndp.o)
    0x000096c6   0x000096c6   0x00000002   PAD
    0x000096c8   0x000096c8   0x0000003c   Code   RO         3009    i.ndp_router_remove  Net_Dbg_CM3_L.lib(net_ndp.o)
    0x00009704   0x00009704   0x00000084   Code   RO         3010    i.ndp_send_reply    Net_Dbg_CM3_L.lib(net_ndp.o)
    0x00009788   0x00009788   0x000000a4   Code   RO         3011    i.ndp_send_request  Net_Dbg_CM3_L.lib(net_ndp.o)
    0x0000982c   0x0000982c   0x0000015c   Code   RO         3012    i.ndp_slaac_run     Net_Dbg_CM3_L.lib(net_ndp.o)
    0x00009988   0x00009988   0x00000004   Code   RO         2543    i.netCGI_Charset    Net_Dbg_CM3_L.lib(net_http_server.o)
    0x0000998c   0x0000998c   0x00000004   Code   RO         2544    i.netCGI_ContentType  Net_Dbg_CM3_L.lib(net_http_server.o)
    0x00009990   0x00009990   0x0000006c   Code   RO         2545    i.netCGI_GetEnvVar  Net_Dbg_CM3_L.lib(net_http_server.o)
    0x000099fc   0x000099fc   0x00000220   Code   RO          245    i.netCGI_ProcessData  http_server_cgi.o
    0x00009c1c   0x00009c1c   0x000000e0   Code   RO          246    i.netCGI_ProcessQuery  http_server_cgi.o
    0x00009cfc   0x00009cfc   0x00000004   Code   RO         2548    i.netCGI_Redirect   Net_Dbg_CM3_L.lib(net_http_server.o)
    0x00009d00   0x00009d00   0x000004dc   Code   RO          247    i.netCGI_Script     http_server_cgi.o
    0x0000a1dc   0x0000a1dc   0x00000004   Code   RO         2550    i.netCGX_ContentType  Net_Dbg_CM3_L.lib(net_http_server.o)
    0x0000a1e0   0x0000a1e0   0x00000068   Code   RO         2663    i.netCore_Thread    Net_Dbg_CM3_L.lib(net_sys.o)
    0x0000a248   0x0000a248   0x00000002   Code   RO         2270    i.netETH_Notify     Net_Dbg_CM3_L.lib(net_eth.o)
    0x0000a24a   0x0000a24a   0x00000002   Code   RO         2271    i.netETH_ReceiveRaw  Net_Dbg_CM3_L.lib(net_eth.o)
    0x0000a24c   0x0000a24c   0x0000003c   Code   RO         2273    i.netETH_Thread     Net_Dbg_CM3_L.lib(net_eth.o)
    0x0000a288   0x0000a288   0x00000004   Code   RO         2551    i.netHTTPs_AcceptClient  Net_Dbg_CM3_L.lib(net_http_server.o)
    0x0000a28c   0x0000a28c   0x00000004   Code   RO         2552    i.netHTTPs_FileAccess  Net_Dbg_CM3_L.lib(net_http_server.o)
    0x0000a290   0x0000a290   0x00000020   Code   RO         2555    i.netHTTPs_GetLanguage  Net_Dbg_CM3_L.lib(net_http_server.o)
    0x0000a2b0   0x0000a2b0   0x0000000c   Code   RO         2556    i.netHTTPs_GetPassword  Net_Dbg_CM3_L.lib(net_http_server.o)
    0x0000a2bc   0x0000a2bc   0x0000000c   Code   RO         2562    i.netHTTPs_LoginActive  Net_Dbg_CM3_L.lib(net_http_server.o)
    0x0000a2c8   0x0000a2c8   0x00000058   Code   RO         2565    i.netHTTPs_SetPassword  Net_Dbg_CM3_L.lib(net_http_server.o)
    0x0000a320   0x0000a320   0x00000002   Code   RO         1641    i.netHTTPs_fclose   net_config.o
    0x0000a322   0x0000a322   0x00000004   Code   RO         1642    i.netHTTPs_fgets    net_config.o
    0x0000a326   0x0000a326   0x00000004   Code   RO         1643    i.netHTTPs_fopen    net_config.o
    0x0000a32a   0x0000a32a   0x00000004   Code   RO         1644    i.netHTTPs_fread    net_config.o
    0x0000a32e   0x0000a32e   0x00000002   Code   RO         1645    i.netHTTPs_fstat    net_config.o
    0x0000a330   0x0000a330   0x0000009c   Code   RO         2664    i.netIF_GetOption   Net_Dbg_CM3_L.lib(net_sys.o)
    0x0000a3cc   0x0000a3cc   0x0000009c   Code   RO         2666    i.netIF_SetOption   Net_Dbg_CM3_L.lib(net_sys.o)
    0x0000a468   0x0000a468   0x0000001a   Code   RO         2711    i.netIP_aton        Net_Dbg_CM3_L.lib(net_addr.o)
    0x0000a482   0x0000a482   0x00000032   Code   RO         2712    i.netIP_ntoa        Net_Dbg_CM3_L.lib(net_addr.o)
    0x0000a4b4   0x0000a4b4   0x000000a8   Code   RO         2667    i.netInitialize     Net_Dbg_CM3_L.lib(net_sys.o)
    0x0000a55c   0x0000a55c   0x0000007c   Code   RO         2713    i.netMAC_aton       Net_Dbg_CM3_L.lib(net_addr.o)
    0x0000a5d8   0x0000a5d8   0x00000004   Code   RO         1648    i.netSNTPc_GetTime  net_config.o
    0x0000a5dc   0x0000a5dc   0x00000004   Code   RO         2407    i.netTCP_GetLocalPort  Net_Dbg_CM3_L.lib(net_tcp.o)
    0x0000a5e0   0x0000a5e0   0x00000020   Code   RO         2409    i.netTCP_GetPeer    Net_Dbg_CM3_L.lib(net_tcp.o)
    0x0000a600   0x0000a600   0x00000004   Code   RO         2411    i.netTCP_GetState   Net_Dbg_CM3_L.lib(net_tcp.o)
    0x0000a604   0x0000a604   0x00000004   Code   RO         2412    i.netTCP_GetTimer   Net_Dbg_CM3_L.lib(net_tcp.o)
    0x0000a608   0x0000a608   0x00000068   Code   RO         2715    i.net_addr4_aton    Net_Dbg_CM3_L.lib(net_addr.o)
    0x0000a670   0x0000a670   0x0000001a   Code   RO         2716    i.net_addr4_is_subnet  Net_Dbg_CM3_L.lib(net_addr.o)
    0x0000a68a   0x0000a68a   0x0000001e   Code   RO         2718    i.net_addr4_to_mac  Net_Dbg_CM3_L.lib(net_addr.o)
    0x0000a6a8   0x0000a6a8   0x000000f4   Code   RO         2719    i.net_addr6_aton    Net_Dbg_CM3_L.lib(net_addr.o)
    0x0000a79c   0x0000a79c   0x00000028   Code   RO         2720    i.net_addr6_comp    Net_Dbg_CM3_L.lib(net_addr.o)
    0x0000a7c4   0x0000a7c4   0x00000012   Code   RO         2721    i.net_addr6_copy    Net_Dbg_CM3_L.lib(net_addr.o)
    0x0000a7d6   0x0000a7d6   0x00000002   PAD
    0x0000a7d8   0x0000a7d8   0x0000004c   Code   RO         2722    i.net_addr6_create  Net_Dbg_CM3_L.lib(net_addr.o)
    0x0000a824   0x0000a824   0x00000028   Code   RO         2723    i.net_addr6_get_solicited  Net_Dbg_CM3_L.lib(net_addr.o)
    0x0000a84c   0x0000a84c   0x00000018   Code   RO         2724    i.net_addr6_is_linklocal  Net_Dbg_CM3_L.lib(net_addr.o)
    0x0000a864   0x0000a864   0x0000006c   Code   RO         2725    i.net_addr6_is_onlink  Net_Dbg_CM3_L.lib(net_addr.o)
    0x0000a8d0   0x0000a8d0   0x00000048   Code   RO         2726    i.net_addr6_is_solicited  Net_Dbg_CM3_L.lib(net_addr.o)
    0x0000a918   0x0000a918   0x00000018   Code   RO         2727    i.net_addr6_is_unspec  Net_Dbg_CM3_L.lib(net_addr.o)
    0x0000a930   0x0000a930   0x0000000e   Code   RO         2729    i.net_addr6_to_mac  Net_Dbg_CM3_L.lib(net_addr.o)
    0x0000a93e   0x0000a93e   0x0000001a   Code   RO         2731    i.net_addr_copy     Net_Dbg_CM3_L.lib(net_addr.o)
    0x0000a958   0x0000a958   0x0000010c   Code   RO         2956    i.net_arp_cache_add  Net_Dbg_CM3_L.lib(net_arp.o)
    0x0000aa64   0x0000aa64   0x000000b8   Code   RO         2957    i.net_arp_cache_early  Net_Dbg_CM3_L.lib(net_arp.o)
    0x0000ab1c   0x0000ab1c   0x000000d4   Code   RO         2958    i.net_arp_cache_find  Net_Dbg_CM3_L.lib(net_arp.o)
    0x0000abf0   0x0000abf0   0x00000074   Code   RO         2959    i.net_arp_enqueue   Net_Dbg_CM3_L.lib(net_arp.o)
    0x0000ac64   0x0000ac64   0x00000044   Code   RO         2961    i.net_arp_init      Net_Dbg_CM3_L.lib(net_arp.o)
    0x0000aca8   0x0000aca8   0x00000028   Code   RO         2962    i.net_arp_notify    Net_Dbg_CM3_L.lib(net_arp.o)
    0x0000acd0   0x0000acd0   0x000001e0   Code   RO         2964    i.net_arp_process   Net_Dbg_CM3_L.lib(net_arp.o)
    0x0000aeb0   0x0000aeb0   0x00000160   Code   RO         2965    i.net_arp_run       Net_Dbg_CM3_L.lib(net_arp.o)
    0x0000b010   0x0000b010   0x0000003c   Code   RO         2966    i.net_arp_uninit    Net_Dbg_CM3_L.lib(net_arp.o)
    0x0000b04c   0x0000b04c   0x00000018   Code   RO         3189    i.net_crc_buf       Net_Dbg_CM3_L.lib(net_common.o)
    0x0000b064   0x0000b064   0x000000cc   Code   RO         2275    i.net_eth_get_option  Net_Dbg_CM3_L.lib(net_eth.o)
    0x0000b130   0x0000b130   0x000002b8   Code   RO         2276    i.net_eth_iface_init  Net_Dbg_CM3_L.lib(net_eth.o)
    0x0000b3e8   0x0000b3e8   0x00000290   Code   RO         2277    i.net_eth_iface_run  Net_Dbg_CM3_L.lib(net_eth.o)
    0x0000b678   0x0000b678   0x0000008c   Code   RO         2278    i.net_eth_iface_uninit  Net_Dbg_CM3_L.lib(net_eth.o)
    0x0000b704   0x0000b704   0x000000a0   Code   RO         2279    i.net_eth_output    Net_Dbg_CM3_L.lib(net_eth.o)
    0x0000b7a4   0x0000b7a4   0x00000184   Code   RO         2280    i.net_eth_send_frame  Net_Dbg_CM3_L.lib(net_eth.o)
    0x0000b928   0x0000b928   0x000001f0   Code   RO         2281    i.net_eth_set_option  Net_Dbg_CM3_L.lib(net_eth.o)
    0x0000bb18   0x0000bb18   0x00000064   Code   RO         2282    i.net_eth_update_filter  Net_Dbg_CM3_L.lib(net_eth.o)
    0x0000bb7c   0x0000bb7c   0x0000014e   Code   RO         1897    i.net_evr_init      net_debug.o
    0x0000bcca   0x0000bcca   0x00000002   PAD
    0x0000bccc   0x0000bccc   0x000000e8   Code   RO         2571    i.net_http_server_init  Net_Dbg_CM3_L.lib(net_http_server.o)
    0x0000bdb4   0x0000bdb4   0x00000028   Code   RO         2572    i.net_http_server_run  Net_Dbg_CM3_L.lib(net_http_server.o)
    0x0000bddc   0x0000bddc   0x00000070   Code   RO         2573    i.net_http_server_uninit  Net_Dbg_CM3_L.lib(net_http_server.o)
    0x0000be4c   0x0000be4c   0x000001dc   Code   RO         3144    i.net_icmp6_process  Net_Dbg_CM3_L.lib(net_icmp6.o)
    0x0000c028   0x0000c028   0x0000006c   Code   RO         3145    i.net_icmp6_send    Net_Dbg_CM3_L.lib(net_icmp6.o)
    0x0000c094   0x0000c094   0x00000050   Code   RO         3146    i.net_icmp6_send_echo  Net_Dbg_CM3_L.lib(net_icmp6.o)
    0x0000c0e4   0x0000c0e4   0x00000194   Code   RO         3101    i.net_icmp_process  Net_Dbg_CM3_L.lib(net_icmp.o)
    0x0000c278   0x0000c278   0x00000090   Code   RO         3102    i.net_icmp_send_echo  Net_Dbg_CM3_L.lib(net_icmp.o)
    0x0000c308   0x0000c308   0x00000004   Code   RO         1649    i.net_igmp_collect_addr  net_config.o
    0x0000c30c   0x0000c30c   0x00000004   Code   RO         1650    i.net_igmp_is_member  net_config.o
    0x0000c310   0x0000c310   0x00000002   Code   RO         1651    i.net_igmp_process  net_config.o
    0x0000c312   0x0000c312   0x0000004c   Code   RO         3065    i.net_ip4_checksum  Net_Dbg_CM3_L.lib(net_ip4.o)
    0x0000c35e   0x0000c35e   0x00000002   PAD
    0x0000c360   0x0000c360   0x0000017c   Code   RO         3066    i.net_ip4_chk_frame  Net_Dbg_CM3_L.lib(net_ip4.o)
    0x0000c4dc   0x0000c4dc   0x00000032   Code   RO         3067    i.net_ip4_chksum_buf  Net_Dbg_CM3_L.lib(net_ip4.o)
    0x0000c50e   0x0000c50e   0x00000002   PAD
    0x0000c510   0x0000c510   0x00000124   Code   RO         2327    i.net_ip4_frag_add  Net_Dbg_CM3_L.lib(net_ip4_frag.o)
    0x0000c634   0x0000c634   0x000000ac   Code   RO         2328    i.net_ip4_frag_get  Net_Dbg_CM3_L.lib(net_ip4_frag.o)
    0x0000c6e0   0x0000c6e0   0x00000010   Code   RO         2329    i.net_ip4_frag_init  Net_Dbg_CM3_L.lib(net_ip4_frag.o)
    0x0000c6f0   0x0000c6f0   0x0000003c   Code   RO         2330    i.net_ip4_frag_run  Net_Dbg_CM3_L.lib(net_ip4_frag.o)
    0x0000c72c   0x0000c72c   0x00000010   Code   RO         2331    i.net_ip4_frag_uninit  Net_Dbg_CM3_L.lib(net_ip4_frag.o)
    0x0000c73c   0x0000c73c   0x00000040   Code   RO         3069    i.net_ip4_get_local  Net_Dbg_CM3_L.lib(net_ip4.o)
    0x0000c77c   0x0000c77c   0x0000005c   Code   RO         3070    i.net_ip4_init      Net_Dbg_CM3_L.lib(net_ip4.o)
    0x0000c7d8   0x0000c7d8   0x00000034   Code   RO         3071    i.net_ip4_is_subcast  Net_Dbg_CM3_L.lib(net_ip4.o)
    0x0000c80c   0x0000c80c   0x0000000e   Code   RO         3072    i.net_ip4_reass_frame  Net_Dbg_CM3_L.lib(net_ip4.o)
    0x0000c81a   0x0000c81a   0x00000002   PAD
    0x0000c81c   0x0000c81c   0x00000154   Code   RO         3073    i.net_ip4_send_frame  Net_Dbg_CM3_L.lib(net_ip4.o)
    0x0000c970   0x0000c970   0x0000005c   Code   RO         3075    i.net_ip4_tx_offload  Net_Dbg_CM3_L.lib(net_ip4.o)
    0x0000c9cc   0x0000c9cc   0x00000020   Code   RO         3076    i.net_ip4_uninit    Net_Dbg_CM3_L.lib(net_ip4.o)
    0x0000c9ec   0x0000c9ec   0x00000052   Code   RO         3112    i.net_ip6_checksum  Net_Dbg_CM3_L.lib(net_ip6.o)
    0x0000ca3e   0x0000ca3e   0x00000002   PAD
    0x0000ca40   0x0000ca40   0x000000ec   Code   RO         3113    i.net_ip6_chk_frame  Net_Dbg_CM3_L.lib(net_ip6.o)
    0x0000cb2c   0x0000cb2c   0x00000088   Code   RO         3114    i.net_ip6_collect_addr  Net_Dbg_CM3_L.lib(net_ip6.o)
    0x0000cbb4   0x0000cbb4   0x00000064   Code   RO         3116    i.net_ip6_get_local  Net_Dbg_CM3_L.lib(net_ip6.o)
    0x0000cc18   0x0000cc18   0x0000004c   Code   RO         3117    i.net_ip6_init      Net_Dbg_CM3_L.lib(net_ip6.o)
    0x0000cc64   0x0000cc64   0x00000114   Code   RO         3118    i.net_ip6_send_frame  Net_Dbg_CM3_L.lib(net_ip6.o)
    0x0000cd78   0x0000cd78   0x0000000c   Code   RO         3120    i.net_ip6_tx_netif  Net_Dbg_CM3_L.lib(net_ip6.o)
    0x0000cd84   0x0000cd84   0x00000030   Code   RO         3121    i.net_ip6_tx_offload  Net_Dbg_CM3_L.lib(net_ip6.o)
    0x0000cdb4   0x0000cdb4   0x00000020   Code   RO         3122    i.net_ip6_uninit    Net_Dbg_CM3_L.lib(net_ip6.o)
    0x0000cdd4   0x0000cdd4   0x00000038   Code   RO         2310    i.net_loop_iface_init  Net_Dbg_CM3_L.lib(net_loopback.o)
    0x0000ce0c   0x0000ce0c   0x000000a4   Code   RO         2311    i.net_loop_iface_run  Net_Dbg_CM3_L.lib(net_loopback.o)
    0x0000ceb0   0x0000ceb0   0x00000028   Code   RO         2312    i.net_loop_iface_uninit  Net_Dbg_CM3_L.lib(net_loopback.o)
    0x0000ced8   0x0000ced8   0x0000006c   Code   RO         2313    i.net_loop_send_frame  Net_Dbg_CM3_L.lib(net_loopback.o)
    0x0000cf44   0x0000cf44   0x000000b8   Code   RO         3166    i.net_mem_alloc     Net_Dbg_CM3_L.lib(net_mem.o)
    0x0000cffc   0x0000cffc   0x0000001c   Code   RO         3167    i.net_mem_avail     Net_Dbg_CM3_L.lib(net_mem.o)
    0x0000d018   0x0000d018   0x00000094   Code   RO         3168    i.net_mem_free      Net_Dbg_CM3_L.lib(net_mem.o)
    0x0000d0ac   0x0000d0ac   0x00000070   Code   RO         3169    i.net_mem_init      Net_Dbg_CM3_L.lib(net_mem.o)
    0x0000d11c   0x0000d11c   0x00000044   Code   RO         3170    i.net_mem_shrink    Net_Dbg_CM3_L.lib(net_mem.o)
    0x0000d160   0x0000d160   0x00000108   Code   RO         3017    i.net_ndp_cache_find  Net_Dbg_CM3_L.lib(net_ndp.o)
    0x0000d268   0x0000d268   0x00000078   Code   RO         3019    i.net_ndp_cache_refresh  Net_Dbg_CM3_L.lib(net_ndp.o)
    0x0000d2e0   0x0000d2e0   0x00000070   Code   RO         3020    i.net_ndp_enqueue   Net_Dbg_CM3_L.lib(net_ndp.o)
    0x0000d350   0x0000d350   0x0000006c   Code   RO         3022    i.net_ndp_init      Net_Dbg_CM3_L.lib(net_ndp.o)
    0x0000d3bc   0x0000d3bc   0x000002c4   Code   RO         3023    i.net_ndp_process   Net_Dbg_CM3_L.lib(net_ndp.o)
    0x0000d680   0x0000d680   0x00000144   Code   RO         3024    i.net_ndp_run       Net_Dbg_CM3_L.lib(net_ndp.o)
    0x0000d7c4   0x0000d7c4   0x00000040   Code   RO         3025    i.net_ndp_uninit    Net_Dbg_CM3_L.lib(net_ndp.o)
    0x0000d804   0x0000d804   0x00000034   Code   RO         2671    i.net_path          Net_Dbg_CM3_L.lib(net_sys.o)
    0x0000d838   0x0000d838   0x00000020   Code   RO         2644    i.net_ping_client_init  Net_Dbg_CM3_L.lib(net_ping_core.o)
    0x0000d858   0x0000d858   0x0000007c   Code   RO         2645    i.net_ping_client_run  Net_Dbg_CM3_L.lib(net_ping_core.o)
    0x0000d8d4   0x0000d8d4   0x00000020   Code   RO         2647    i.net_ping_client_uninit  Net_Dbg_CM3_L.lib(net_ping_core.o)
    0x0000d8f4   0x0000d8f4   0x0000001c   Code   RO         2672    i.net_rand32        Net_Dbg_CM3_L.lib(net_sys.o)
    0x0000d910   0x0000d910   0x0000002e   Code   RO         3190    i.net_strcasecmp    Net_Dbg_CM3_L.lib(net_common.o)
    0x0000d93e   0x0000d93e   0x0000001a   Code   RO         3192    i.net_strcmp        Net_Dbg_CM3_L.lib(net_common.o)
    0x0000d958   0x0000d958   0x00000012   Code   RO         3193    i.net_strcpy        Net_Dbg_CM3_L.lib(net_common.o)
    0x0000d96a   0x0000d96a   0x0000001c   Code   RO         3195    i.net_strnchr       Net_Dbg_CM3_L.lib(net_common.o)
    0x0000d986   0x0000d986   0x00000002   Code   RO         1652    i.net_sys_error     net_config.o
    0x0000d988   0x0000d988   0x0000000c   Code   RO         2673    i.net_sys_lock      Net_Dbg_CM3_L.lib(net_sys.o)
    0x0000d994   0x0000d994   0x00000014   Code   RO         2676    i.net_sys_tick      Net_Dbg_CM3_L.lib(net_sys.o)
    0x0000d9a8   0x0000d9a8   0x0000000c   Code   RO         2677    i.net_sys_unlock    Net_Dbg_CM3_L.lib(net_sys.o)
    0x0000d9b4   0x0000d9b4   0x00000020   Code   RO         2679    i.net_sys_wakeup    Net_Dbg_CM3_L.lib(net_sys.o)
    0x0000d9d4   0x0000d9d4   0x00000084   Code   RO         2419    i.net_tcp_abort     Net_Dbg_CM3_L.lib(net_tcp.o)
    0x0000da58   0x0000da58   0x000000e4   Code   RO         2422    i.net_tcp_close     Net_Dbg_CM3_L.lib(net_tcp.o)
    0x0000db3c   0x0000db3c   0x0000002e   Code   RO         2426    i.net_tcp_get_buf   Net_Dbg_CM3_L.lib(net_tcp.o)
    0x0000db6a   0x0000db6a   0x00000002   PAD
    0x0000db6c   0x0000db6c   0x00000034   Code   RO         2427    i.net_tcp_get_local_port  Net_Dbg_CM3_L.lib(net_tcp.o)
    0x0000dba0   0x0000dba0   0x00000028   Code   RO         2428    i.net_tcp_get_mss   Net_Dbg_CM3_L.lib(net_tcp.o)
    0x0000dbc8   0x0000dbc8   0x00000054   Code   RO         2430    i.net_tcp_get_peer  Net_Dbg_CM3_L.lib(net_tcp.o)
    0x0000dc1c   0x0000dc1c   0x00000070   Code   RO         2431    i.net_tcp_get_socket  Net_Dbg_CM3_L.lib(net_tcp.o)
    0x0000dc8c   0x0000dc8c   0x0000002c   Code   RO         2432    i.net_tcp_get_state  Net_Dbg_CM3_L.lib(net_tcp.o)
    0x0000dcb8   0x0000dcb8   0x00000034   Code   RO         2433    i.net_tcp_get_timer  Net_Dbg_CM3_L.lib(net_tcp.o)
    0x0000dcec   0x0000dcec   0x000000b0   Code   RO         2434    i.net_tcp_listen    Net_Dbg_CM3_L.lib(net_tcp.o)
    0x0000dd9c   0x0000dd9c   0x0000079c   Code   RO         2436    i.net_tcp_process   Net_Dbg_CM3_L.lib(net_tcp.o)
    0x0000e538   0x0000e538   0x0000015c   Code   RO         2440    i.net_tcp_send      Net_Dbg_CM3_L.lib(net_tcp.o)
    0x0000e694   0x0000e694   0x0000012c   Code   RO         2442    i.net_tcp_set_option  Net_Dbg_CM3_L.lib(net_tcp.o)
    0x0000e7c0   0x0000e7c0   0x00000028   Code   RO         2443    i.net_tcp_socket_init  Net_Dbg_CM3_L.lib(net_tcp.o)
    0x0000e7e8   0x0000e7e8   0x000003c4   Code   RO         2444    i.net_tcp_socket_run  Net_Dbg_CM3_L.lib(net_tcp.o)
    0x0000ebac   0x0000ebac   0x00000028   Code   RO         2445    i.net_tcp_socket_uninit  Net_Dbg_CM3_L.lib(net_tcp.o)
    0x0000ebd4   0x0000ebd4   0x00000164   Code   RO         2364    i.net_udp_process   Net_Dbg_CM3_L.lib(net_udp.o)
    0x0000ed38   0x0000ed38   0x00000028   Code   RO         2368    i.net_udp_socket_init  Net_Dbg_CM3_L.lib(net_udp.o)
    0x0000ed60   0x0000ed60   0x00000028   Code   RO         2369    i.net_udp_socket_uninit  Net_Dbg_CM3_L.lib(net_udp.o)
    0x0000ed88   0x0000ed88   0x00000030   Code   RO         1653    i.netif_create      net_config.o
    0x0000edb8   0x0000edb8   0x00000014   Code   RO         1654    i.netif_delete      net_config.o
    0x0000edcc   0x0000edcc   0x00000008   Code   RO         1655    i.netif_lock        net_config.o
    0x0000edd4   0x0000edd4   0x00000004   Code   RO         1656    i.netif_unlock      net_config.o
    0x0000edd8   0x0000edd8   0x00000004   Code   RO         1657    i.netos_delay       net_config.o
    0x0000eddc   0x0000eddc   0x00000006   Code   RO         1658    i.netos_flag_clear  net_config.o
    0x0000ede2   0x0000ede2   0x00000004   Code   RO         1659    i.netos_flag_set    net_config.o
    0x0000ede6   0x0000ede6   0x00000008   Code   RO         1660    i.netos_flag_wait   net_config.o
    0x0000edee   0x0000edee   0x00000008   Code   RO         1661    i.netos_lock        net_config.o
    0x0000edf6   0x0000edf6   0x00000002   PAD
    0x0000edf8   0x0000edf8   0x00000014   Code   RO         1662    i.netos_mutex_create  net_config.o
    0x0000ee0c   0x0000ee0c   0x00000014   Code   RO         1664    i.netos_thread_create  net_config.o
    0x0000ee20   0x0000ee20   0x00000004   Code   RO         1667    i.netos_thread_pass  net_config.o
    0x0000ee24   0x0000ee24   0x00000014   Code   RO         1668    i.netos_timer_create  net_config.o
    0x0000ee38   0x0000ee38   0x00000004   Code   RO         1670    i.netos_timer_start  net_config.o
    0x0000ee3c   0x0000ee3c   0x00000004   Code   RO         1671    i.netos_unlock      net_config.o
    0x0000ee40   0x0000ee40   0x00000020   Code   RO          852    i.osRtxErrorNotify  rtx_config.o
    0x0000ee60   0x0000ee60   0x00000004   Code   RO          853    i.osRtxIdleThread   rtx_config.o
    0x0000ee64   0x0000ee64   0x0000000e   Code   RO          794    i.osRtxKernelPreInit  rtx_lib.o
    0x0000ee72   0x0000ee72   0x00000002   PAD
    0x0000ee74   0x0000ee74   0x00000040   Code   RO          968    i.output_MDIO       emac_lpc17xx.o
    0x0000eeb4   0x0000eeb4   0x0000001c   Code   RO         2648    i.ping_send_req     Net_Dbg_CM3_L.lib(net_ping_core.o)
    0x0000eed0   0x0000eed0   0x00000058   Code   RO         2575    i.proc_req_line     Net_Dbg_CM3_L.lib(net_http_server.o)
    0x0000ef28   0x0000ef28   0x0000001a   Code   RO         2332    i.que_free_list     Net_Dbg_CM3_L.lib(net_ip4_frag.o)
    0x0000ef42   0x0000ef42   0x000000a0   Code   RO         2576    i.read_script_line  Net_Dbg_CM3_L.lib(net_http_server.o)
    0x0000efe2   0x0000efe2   0x00000002   PAD
    0x0000efe4   0x0000efe4   0x00000040   Code   RO          523    i.resetHoraFecha0   rtc.o
    0x0000f024   0x0000f024   0x00000048   Code   RO         2577    i.search_delim      Net_Dbg_CM3_L.lib(net_http_server.o)
    0x0000f06c   0x0000f06c   0x00000014   Code   RO          524    i.setFecha          rtc.o
    0x0000f080   0x0000f080   0x00000018   Code   RO          525    i.setHora           rtc.o
    0x0000f098   0x0000f098   0x0000004c   Code   RO         2680    i.sys_proc_tick     Net_Dbg_CM3_L.lib(net_sys.o)
    0x0000f0e4   0x0000f0e4   0x00000104   Code   RO         2446    i.tcp_map_socket    Net_Dbg_CM3_L.lib(net_tcp.o)
    0x0000f1e8   0x0000f1e8   0x00000084   Code   RO         2447    i.tcp_parse_opt     Net_Dbg_CM3_L.lib(net_tcp.o)
    0x0000f26c   0x0000f26c   0x0000011c   Code   RO         2448    i.tcp_proc_acknr    Net_Dbg_CM3_L.lib(net_tcp.o)
    0x0000f388   0x0000f388   0x000000ac   Code   RO         2449    i.tcp_proc_dupack   Net_Dbg_CM3_L.lib(net_tcp.o)
    0x0000f434   0x0000f434   0x0000001a   Code   RO         2450    i.tcp_que_free      Net_Dbg_CM3_L.lib(net_tcp.o)
    0x0000f44e   0x0000f44e   0x0000001a   Code   RO         2451    i.tcp_que_init      Net_Dbg_CM3_L.lib(net_tcp.o)
    0x0000f468   0x0000f468   0x000000ac   Code   RO         2452    i.tcp_que_resend    Net_Dbg_CM3_L.lib(net_tcp.o)
    0x0000f514   0x0000f514   0x0000008c   Code   RO         2453    i.tcp_send_ctrl     Net_Dbg_CM3_L.lib(net_tcp.o)
    0x0000f5a0   0x0000f5a0   0x00000078   Code   RO         2454    i.tcp_send_data     Net_Dbg_CM3_L.lib(net_tcp.o)
    0x0000f618   0x0000f618   0x00000084   Code   RO         2455    i.tcp_send_reset    Net_Dbg_CM3_L.lib(net_tcp.o)
    0x0000f69c   0x0000f69c   0x00000044   Code   RO         2456    i.tcp_set_cwnd      Net_Dbg_CM3_L.lib(net_tcp.o)
    0x0000f6e0   0x0000f6e0   0x00000074   Code   RO         2457    i.tcp_transit       Net_Dbg_CM3_L.lib(net_tcp.o)
    0x0000f754   0x0000f754   0x000000f8   Code   RO         2458    i.tcp_write         Net_Dbg_CM3_L.lib(net_tcp.o)
    0x0000f84c   0x0000f84c   0x0000005c   Code   RO          623    i.time_callback     sntp.o
    0x0000f8a8   0x0000f8a8   0x0000002c   Code   RO          969    i.turnaround_MDIO   emac_lpc17xx.o
    0x0000f8d4   0x0000f8d4   0x00000118   Code   RO          700    i.unix_time_in_seconds  mktime.o
    0x0000f9ec   0x0000f9ec   0x000000f0   Code   RO         2578    i.utc_to_http       Net_Dbg_CM3_L.lib(net_http_server.o)
    0x0000fadc   0x0000fadc   0x00000034   Code   RO          368    i.wr_cmd            lcd.o
    0x0000fb10   0x0000fb10   0x00000034   Code   RO          369    i.wr_data           lcd.o
    0x0000fb44   0x0000fb44   0x00000024   Data   RO          104    .constdata          http_server.o
    0x0000fb68   0x0000fb68   0x00007818   Data   RO          305    .constdata          web.o
    0x00017380   0x00017380   0x0000098c   Data   RO          371    .constdata          lcd.o
    0x00017d0c   0x00017d0c   0x00000008   Data   RO          462    .constdata          led.o
    0x00017d14   0x00017d14   0x00000008   Data   RO          624    .constdata          sntp.o
    0x00017d1c   0x00017d1c   0x00000064   Data   RO          801    .constdata          rtx_lib.o
    0x00017d80   0x00017d80   0x00000024   Data   RO          892    .constdata          phy_dp83848c.o
    0x00017da4   0x00017da4   0x0000004c   Data   RO          971    .constdata          emac_lpc17xx.o
    0x00017df0   0x00017df0   0x00000080   Data   RO         1139    .constdata          ssp_lpc17xx.o
    0x00017e70   0x00017e70   0x00000018   Data   RO         1303    .constdata          eventrecorder.o
    0x00017e88   0x00017e88   0x00000248   Data   RO         1678    .constdata          net_config.o
    0x000180d0   0x000180d0   0x000000fa   Data   RO         2580    .constdata          Net_Dbg_CM3_L.lib(net_http_server.o)
    0x000181ca   0x000181ca   0x00000012   Data   RO         2650    .constdata          Net_Dbg_CM3_L.lib(net_ping_core.o)
    0x000181dc   0x000181dc   0x00000010   Data   RO         2738    .constdata          Net_Dbg_CM3_L.lib(net_addr.o)
    0x000181ec   0x000181ec   0x00000006   Data   RO         2739    .constdata          Net_Dbg_CM3_L.lib(net_addr.o)
    0x000181f2   0x000181f2   0x00000004   Data   RO         3077    .constdata          Net_Dbg_CM3_L.lib(net_ip4.o)
    0x000181f6   0x000181f6   0x00000020   Data   RO         3123    .constdata          Net_Dbg_CM3_L.lib(net_ip6.o)
    0x00018216   0x00018216   0x00000010   Data   RO         3124    .constdata          Net_Dbg_CM3_L.lib(net_ip6.o)
    0x00018226   0x00018226   0x00000002   PAD
    0x00018228   0x00018228   0x00000018   Data   RO         3156    .constdata          Net_Dbg_CM3_L.lib(net_http_server_err.o)
    0x00018240   0x00018240   0x00000004   Data   RO         3216    .constdata          Net_Dbg_CM3_L.lib(net_version.o)
    0x00018244   0x00018244   0x0000000c   Data   RO         3230    .constdata          mc_w.l(localtime.o)
    0x00018250   0x00018250   0x00000081   Data   RO         3584    .constdata          mc_w.l(ctype_o.o)
    0x000182d1   0x000182d1   0x00000003   PAD
    0x000182d4   0x000182d4   0x00000004   Data   RO         3585    .constdata          mc_w.l(ctype_o.o)
    0x000182d8   0x000182d8   0x000000da   Data   RO          249    .conststring        http_server_cgi.o
    0x000183b2   0x000183b2   0x00000002   PAD
    0x000183b4   0x000183b4   0x000000fd   Data   RO         1679    .conststring        net_config.o
    0x000184b1   0x000184b1   0x00000003   PAD
    0x000184b4   0x000184b4   0x00000203   Data   RO         3157    .conststring        Net_Dbg_CM3_L.lib(net_http_server_err.o)
    0x000186b7   0x000186b7   0x00000001   PAD
    0x000186b8   0x000186b8   0x000000a0   Data   RO          805    .rodata             rtx_lib.o
    0x00018758   0x00018758   0x0000000b   Data   RO         1987    .rodata.str1.4      RTX_CM3.lib(rtx_kernel.o)
    0x00018763   0x00018763   0x00000001   PAD
    0x00018764   0x00018764   0x00000040   Data   RO         3619    Region$$Table       anon$$obj.o


    Execution Region RW_IRAM1 (Exec base: 0x10000000, Load base: 0x000187a4, Size: 0x00006058, Max: 0x00008000, ABSOLUTE)

    Exec Addr    Load Addr    Size         Type   Attr      Idx    E Section Name        Object

    0x10000000   0x000187a4   0x00000010   Data   RW         1674    .bss.os.semaphore.cb  net_config.o
    0x10000010   0x000187b4   0x00000002   Data   RW          328    .data               adc.o
    0x10000012   0x000187b6   0x00000002   PAD
    0x10000014   0x000187b8   0x00000004   Data   RW          724    .data               lpc17xx_iap.o
    0x10000018   0x000187bc   0x00000018   Data   RW          972    .data               emac_lpc17xx.o
    0x10000030   0x000187d4   0x00000008   Data   RW         1140    .data               ssp_lpc17xx.o
    0x10000038   0x000187dc   0x00000004   Data   RW         1605    .data               system_lpc17xx.o
    0x1000003c   0x000187e0   0x00000008   Data   RW         1680    .data               net_config.o
    0x10000044   0x000187e8   0x00000004   Data   RW         2461    .data               Net_Dbg_CM3_L.lib(net_tcp.o)
    0x10000048   0x000187ec   0x0000000c   Data   RW         2683    .data               Net_Dbg_CM3_L.lib(net_sys.o)
    0x10000054   0x000187f8   0x00000002   Data   RW         3027    .data               Net_Dbg_CM3_L.lib(net_ndp.o)
    0x10000056   0x000187fa   0x00000002   PAD
    0x10000058   0x000187fc   0x00000008   Data   RW         3078    .data               Net_Dbg_CM3_L.lib(net_ip4.o)
    0x10000060   0x00018804   0x00000030   Data   RW          803    .data.os.thread.mpi  rtx_lib.o
    0x10000090   0x00018834   0x00000018   Data   RW          804    .data.os.timer.mpi  rtx_lib.o
    0x100000a8        -       0x00002a74   Zero   RW          970    .bss                emac_lpc17xx.o
    0x10002b1c        -       0x0000002c   Zero   RW         1138    .bss                ssp_lpc17xx.o
    0x10002b48        -       0x00003488   Zero   RW         1672    .bss                net_config.o
    0x10005fd0        -       0x00000028   Zero   RW         2649    .bss                Net_Dbg_CM3_L.lib(net_ping_core.o)
    0x10005ff8        -       0x00000038   Zero   RW         2681    .bss                Net_Dbg_CM3_L.lib(net_sys.o)
    0x10006030        -       0x00000018   Zero   RW         2682    .bss                Net_Dbg_CM3_L.lib(net_sys.o)
    0x10006048        -       0x00000010   Zero   RW         2967    .bss                Net_Dbg_CM3_L.lib(net_arp.o)


    Execution Region RW_IRAM2 (Exec base: 0x2007c000, Load base: 0x0001884c, Size: 0x00005860, Max: 0x00007800, ABSOLUTE, COMPRESSED[0x000000dc])

    Exec Addr    Load Addr    Size         Type   Attr      Idx    E Section Name        Object

    0x2007c000   COMPRESSED   0x00001040   Data   RW          795    .bss.os             rtx_lib.o
    0x2007d040   COMPRESSED   0x00000034   Data   RW          796    .bss.os.msgqueue.cb  rtx_lib.o
    0x2007d074   COMPRESSED   0x00000050   Data   RW          797    .bss.os.msgqueue.mem  rtx_lib.o
    0x2007d0c4   COMPRESSED   0x00000038   Data   RW         1673    .bss.os.mutex.cb    net_config.o
    0x2007d0fc   COMPRESSED   0x00000374   Data   RW          798    .bss.os.thread.cb   rtx_lib.o
    0x2007d470   COMPRESSED   0x00000088   Data   RW         1675    .bss.os.thread.cb   net_config.o
    0x2007d4f8   COMPRESSED   0x00002e00   Data   RW          799    .bss.os.thread.stack  rtx_lib.o
    0x200802f8   COMPRESSED   0x00000600   Data   RW         1676    .bss.os.thread.stack  net_config.o
    0x200808f8   COMPRESSED   0x00000020   Data   RW          800    .bss.os.timer.cb    rtx_lib.o
    0x20080918   COMPRESSED   0x00000020   Data   RW         1677    .bss.os.timer.cb    net_config.o
    0x20080938   COMPRESSED   0x00000086   Data   RW          105    .data               http_server.o
    0x200809be   COMPRESSED   0x00000002   PAD
    0x200809c0   COMPRESSED   0x00000008   Data   RW          250    .data               http_server_cgi.o
    0x200809c8   COMPRESSED   0x00000014   Data   RW          372    .data               lcd.o
    0x200809dc   COMPRESSED   0x00000068   Data   RW          701    .data               mktime.o
    0x20080a44   COMPRESSED   0x00000008   Data   RW         1426    .data               gpdma_lpc17xx.o
    0x20080a4c   COMPRESSED   0x00000008   Data   RW         2314    .data               Net_Dbg_CM3_L.lib(net_loopback.o)
    0x20080a54   COMPRESSED   0x00000004   Data   RW         2333    .data               Net_Dbg_CM3_L.lib(net_ip4_frag.o)
    0x20080a58   COMPRESSED   0x0000000c   Data   RW         2581    .data               Net_Dbg_CM3_L.lib(net_http_server.o)
    0x20080a64   COMPRESSED   0x00000002   Data   RW         2968    .data               Net_Dbg_CM3_L.lib(net_arp.o)
    0x20080a66   COMPRESSED   0x00000002   PAD
    0x20080a68   COMPRESSED   0x00000008   Data   RW         3125    .data               Net_Dbg_CM3_L.lib(net_ip6.o)
    0x20080a70   COMPRESSED   0x00000004   Data   RW         3551    .data               mc_w.l(errno.o)
    0x20080a74   COMPRESSED   0x000000a4   Data   RW         1988    .data.os            RTX_CM3.lib(rtx_kernel.o)
    0x20080b18        -       0x0000053d   Zero   RW          103    .bss                http_server.o
    0x20081055        -       0x00000038   Zero   RW          248    .bss                http_server_cgi.o
    0x2008108d        -       0x00000300   Zero   RW          370    .bss                lcd.o
    0x2008138d   COMPRESSED   0x00000003   PAD
    0x20081390        -       0x0000000c   Zero   RW          891    .bss                phy_dp83848c.o
    0x2008139c        -       0x000000a0   Zero   RW         1425    .bss                gpdma_lpc17xx.o
    0x2008143c        -       0x00000098   Zero   RW         2283    .bss                Net_Dbg_CM3_L.lib(net_eth.o)
    0x200814d4        -       0x00000018   Zero   RW         2371    .bss                Net_Dbg_CM3_L.lib(net_udp.o)
    0x200814ec        -       0x00000098   Zero   RW         2579    .bss                Net_Dbg_CM3_L.lib(net_http_server.o)
    0x20081584        -       0x0000005c   Zero   RW         2737    .bss                Net_Dbg_CM3_L.lib(net_addr.o)
    0x200815e0        -       0x0000003a   Zero   RW         3026    .bss                Net_Dbg_CM3_L.lib(net_ndp.o)
    0x2008161a   COMPRESSED   0x00000002   PAD
    0x2008161c        -       0x00000014   Zero   RW         3172    .bss                Net_Dbg_CM3_L.lib(net_mem.o)
    0x20081630        -       0x0000002c   Zero   RW         3229    .bss                mc_w.l(localtime.o)
    0x2008165c        -       0x00000001   Zero   RW         2934    .bss.PendST         RTX_CM3.lib(os_systick.o)
    0x2008165d   COMPRESSED   0x00000003   PAD
    0x20081660        -       0x00000200   Zero   RW         1590    STACK               startup_lpc17xx.o


    Execution Region RW_RAM1 (Exec base: 0x20083800, Load base: 0x0001884c, Size: 0x000004a4, Max: 0x00000800, ABSOLUTE, UNINIT)

    Exec Addr    Load Addr    Size         Type   Attr      Idx    E Section Name        Object

    0x20083800        -       0x000004a4   Zero   RW         1302    .bss.noinit         eventrecorder.o


==============================================================================

Image component sizes


      Code (inc. data)   RO Data    RW Data    ZI Data      Debug   Object Name

       120         22          0          2          0       1201   adc.o
      3350        280         76         24      10868      55193   emac_lpc17xx.o
      1568         90         24          0       1188      20511   eventrecorder.o
      1212         94          0          8        160       8610   gpdma_lpc17xx.o
       160         20          0          0          0       2379   gpio_lpc17xx.o
      1662        218         36        134       1341      21100   http_server.o
      2012        302        218          8         56       8339   http_server_cgi.o
       920         94       2444         20        768      11054   lcd.o
       220         12          8          0          0       2931   led.o
       276         26          0          4          0       4371   lpc17xx_iap.o
        44         10          0          0          0      26447   main.o
       280         10          0        104          0       1347   mktime.o
       214         34        837       1784      13448      38497   net_config.o
       334          0          0          0          0        695   net_debug.o
       644         44         36          0         12      11438   phy_dp83848c.o
       252          6          0          0          0        844   pin_lpc17xx.o
       546         84          0          0          0      33573   rtc.o
        36          6          0          0          0       1093   rtx_config.o
       136          0        260      17056          0      10467   rtx_lib.o
       112         14          8          0          0       3052   sntp.o
      3920        106        128          8         44      28016   ssp_lpc17xx.o
        40         12        204          0        512       1132   startup_lpc17xx.o
       192         14          0          0          0      27621   switch.o
       744         34          0          4          0       1567   system_lpc17xx.o
       136          8      30744          0          0       2136   web.o

    ----------------------------------------------------------------------
     19154       1540      35092      19160      28400     323614   Object Totals
         0          0         64          0          0          0   (incl. Generated)
        24          0          5          4          3          0   (incl. Padding)

    ----------------------------------------------------------------------

      Code (inc. data)   RO Data    RW Data    ZI Data      Debug   Library Member Name

      1310         78         22          0         92       1412   net_addr.o
      2762        220          0          2         16       1516   net_arp.o
       182          6          0          0          0        436   net_common.o
      3372        230          0          0        152       1468   net_eth.o
      6746       1328        250         12        152       2856   net_http_server.o
         0          0        539          0          0          0   net_http_server_err.o
       548         36          0          0          0        168   net_icmp.o
       664         38          0          0          0        252   net_icmp6.o
      1450        122          4          8          0       1060   net_ip4.o
       706         34          0          4          0        544   net_ip4_frag.o
      1070        118         48          8          0        824   net_ip6.o
       368         44          0          8          0        324   net_loopback.o
       564         60          0          0         20        568   net_mem.o
      3612        252          0          2         58       1912   net_ndp.o
       216         42         18          0         40        300   net_ping_core.o
       816         92          0         12         80        808   net_sys.o
      6546        290          0          4          0       2780   net_tcp.o
       436         34          0          0         24        292   net_udp.o
         0          0          4          0          0          0   net_version.o
       148         10          0          0          0        484   irq_cm3.o
       182         48          0          0          1       3108   os_systick.o
        56          4          0          0          0       2838   rtx_delay.o
       732         60         11        164          0      17132   rtx_kernel.o
       264          0          0          0          0       2403   rtx_memory.o
       202          0          0          0          0      16408   rtx_mempool.o
      1368         28          0          0          0      18781   rtx_msgqueue.o
       618         24          0          0          0       9465   rtx_mutex.o
       706         32          0          0          0      10965   rtx_semaphore.o
       372         26          0          0          0       5417   rtx_system.o
      2342        128          0          0          0      32225   rtx_thread.o
       552         40          0          0          0      10252   rtx_timer.o
        56          8          0          0          0         84   __0sscanf.o
        86          0          0          0          0          0   __dczerorl2.o
        28          0          0          0          0         68   _chval.o
       812          4          0          0          0        112   _scanf.o
       332          0          0          0          0         96   _scanf_int.o
        64          0          0          0          0         84   _sgetc.o
       158          0          0          0          0         92   _strtoul.o
        26          0          0          0          0         80   atoi.o
         8          4        133          0          0         68   ctype_o.o
         0          0          0          0          0          0   entry.o
         0          0          0          0          0          0   entry10a.o
         0          0          0          0          0          0   entry11a.o
         8          4          0          0          0          0   entry2.o
         4          0          0          0          0          0   entry5.o
         0          0          0          0          0          0   entry7b.o
         0          0          0          0          0          0   entry8b.o
         8          4          0          0          0          0   entry9a.o
         8          4          0          4          0         68   errno.o
        30          0          0          0          0          0   handlers.o
        36          8          0          0          0         68   init.o
        18          0          0          0          0         76   isspace_o.o
         0          0          0          0          0          0   iusefp.o
        30          0          0          0          0         68   llshl.o
        36          0          0          0          0         68   llsshr.o
        32          0          0          0          0         68   llushr.o
       148         10         12          0         44         76   localtime.o
        26          0          0          0          0         80   memcmp.o
        36          0          0          0          0         68   memcpya.o
        36          0          0          0          0        108   memseta.o
      2276         86          0          0          0        520   printfa.o
        40          8          0          0          0         84   scanf_char.o
        28          0          0          0          0         76   strcmp.o
        18          0          0          0          0         68   strcpy.o
        14          0          0          0          0         68   strlen.o
        30          0          0          0          0         80   strncmp.o
       112          0          0          0          0         88   strtol.o
        44          0          0          0          0         80   uidiv.o
        98          0          0          0          0         92   uldiv.o
        48          0          0          0          0         68   cdrcmple.o
       334          0          0          0          0        148   dadd.o
       222          0          0          0          0        100   ddiv.o
       186          0          0          0          0        176   depilogue.o
        48          0          0          0          0         68   dfixul.o
       228          0          0          0          0         96   dmul.o
        38          0          0          0          0         68   f2d.o
       110          0          0          0          0        168   fepilogue.o
        10          0          0          0          0         68   ffltui.o
       100          0          0          0          0         76   fmul.o

    ----------------------------------------------------------------------
     44966       3564       1048        232        684     150622   Library Totals
        46          0          7          4          5          0   (incl. Padding)

    ----------------------------------------------------------------------

      Code (inc. data)   RO Data    RW Data    ZI Data      Debug   Library Name

     31368       3024        885         60        634      17520   Net_Dbg_CM3_L.lib
      7542        400         11        164          1     129478   RTX_CM3.lib
      4686        140        145          4         44       2588   mc_w.l
      1324          0          0          0          0       1036   mf_w.l

    ----------------------------------------------------------------------
     44966       3564       1048        232        684     150622   Library Totals

    ----------------------------------------------------------------------

==============================================================================


      Code (inc. data)   RO Data    RW Data    ZI Data      Debug   

     64120       5104      36140      19392      29084     451688   Grand Totals
     64120       5104      36140        388      29084     451688   ELF Image Totals (compressed)
     64120       5104      36140        388          0          0   ROM Totals

==============================================================================

    Total RO  Size (Code + RO Data)               100260 (  97.91kB)
    Total RW  Size (RW Data + ZI Data)             48476 (  47.34kB)
    Total ROM Size (Code + RO Data + RW Data)     100648 (  98.29kB)

==============================================================================

