Component: ARM Compiler 5.06 update 6 (build 750) Tool: armlink [4d35ed]

==============================================================================

Section Cross References

    main.o(i.main) refers to system_lpc17xx.o(i.SystemCoreClockUpdate) for SystemCoreClockUpdate
    main.o(i.main) refers to led.o(i.LED_Initialize) for LED_Initialize
    main.o(i.main) refers to adc.o(i.init_adc) for init_adc
    main.o(i.main) refers to rtx_kernel.o(.text.osKernelInitialize) for osKernelInitialize
    main.o(i.main) refers to rtx_thread.o(.text.osThreadNew) for osThreadNew
    main.o(i.main) refers to rtx_kernel.o(.text.osKernelStart) for osKernelStart
    main.o(i.main) refers to http_server.o(.constdata) for app_main_attr
    main.o(i.main) refers to http_server.o(i.app_main) for app_main
    http_server.o(i.AD_in) refers to adc.o(i.medida_adc) for medida_adc
    http_server.o(i.BlinkLed) refers to led.o(i.LED_SetOut) for LED_SetOut
    http_server.o(i.BlinkLed) refers to rtx_delay.o(.text.osDelay) for osDelay
    http_server.o(i.BlinkLed) refers to http_server.o(.data) for .data
    http_server.o(i.Display) refers to lcd.o(i.init_lcd) for init_lcd
    http_server.o(i.Display) refers to lcd.o(i.LCD_reset) for LCD_reset
    http_server.o(i.Display) refers to lcd.o(i.lcd_clean) for lcd_clean
    http_server.o(i.Display) refers to printfa.o(i.__0sprintf) for __2sprintf
    http_server.o(i.Display) refers to lcd.o(i.actualizar) for actualizar
    http_server.o(i.Display) refers to rtx_delay.o(.text.osDelay) for osDelay
    http_server.o(i.Display) refers to net_sys.o(i.netIF_GetOption) for netIF_GetOption
    http_server.o(i.Display) refers to http_server.o(i.actualizarIPMAC) for actualizarIPMAC
    http_server.o(i.Display) refers to net_addr.o(i.netIP_ntoa) for netIP_ntoa
    http_server.o(i.Display) refers to rtx_thread.o(.text.osThreadFlagsWait) for osThreadFlagsWait
    http_server.o(i.Display) refers to http_server.o(.data) for .data
    http_server.o(i.Display) refers to http_server.o(.bss) for .bss
    http_server.o(i.Rtc_led) refers to rtx_thread.o(.text.osThreadFlagsWait) for osThreadFlagsWait
    http_server.o(i.Rtc_led) refers to rtc.o(i.getSeg) for getSeg
    http_server.o(i.Rtc_led) refers to led.o(i.LED_SetOut) for LED_SetOut
    http_server.o(i.Rtc_led) refers to http_server.o(.data) for .data
    http_server.o(i.Rtc_setDate) refers to rtx_thread.o(.text.osThreadFlagsWait) for osThreadFlagsWait
    http_server.o(i.Rtc_setDate) refers to printfa.o(i.__0sprintf) for __2sprintf
    http_server.o(i.Rtc_setDate) refers to http_server.o(i.getNumber) for getNumber
    http_server.o(i.Rtc_setDate) refers to rtc.o(i.setFecha) for setFecha
    http_server.o(i.Rtc_setDate) refers to http_server.o(.data) for .data
    http_server.o(i.Rtc_setTime) refers to rtx_thread.o(.text.osThreadFlagsWait) for osThreadFlagsWait
    http_server.o(i.Rtc_setTime) refers to printfa.o(i.__0sprintf) for __2sprintf
    http_server.o(i.Rtc_setTime) refers to http_server.o(i.getNumber) for getNumber
    http_server.o(i.Rtc_setTime) refers to rtc.o(i.setHora) for setHora
    http_server.o(i.Rtc_setTime) refers to http_server.o(.data) for .data
    http_server.o(i.SNTP_thread) refers to rtx_thread.o(.text.osThreadFlagsWait) for osThreadFlagsWait
    http_server.o(i.SNTP_thread) refers to sntp.o(i.get_time) for get_time
    http_server.o(i.SNTP_thread) refers to led.o(i.LED_SetOut) for LED_SetOut
    http_server.o(i.SNTP_thread) refers to http_server.o(.data) for .data
    http_server.o(i.SW_Thread) refers to switch.o(i.initPulsador) for initPulsador
    http_server.o(i.SW_Thread) refers to rtx_thread.o(.text.osThreadFlagsWait) for osThreadFlagsWait
    http_server.o(i.SW_Thread) refers to rtc.o(i.resetHoraFecha0) for resetHoraFecha0
    http_server.o(i.Timer_SNTP_callback) refers to rtx_thread.o(.text.osThreadFlagsSet) for osThreadFlagsSet
    http_server.o(i.Timer_SNTP_callback) refers to http_server.o(.data) for .data
    http_server.o(i.actualizarIPMAC) refers to lpc17xx_iap.o(i.GetSecNum) for GetSecNum
    http_server.o(i.actualizarIPMAC) refers to http_server.o(i.borrarSector) for borrarSector
    http_server.o(i.actualizarIPMAC) refers to http_server.o(i.escribirFlash) for escribirFlash
    http_server.o(i.actualizarIPMAC) refers to http_server.o(.bss) for .bss
    http_server.o(i.actualizarLed) refers to lpc17xx_iap.o(i.GetSecNum) for GetSecNum
    http_server.o(i.actualizarLed) refers to http_server.o(i.borrarSector) for borrarSector
    http_server.o(i.actualizarLed) refers to http_server.o(i.escribirFlash) for escribirFlash
    http_server.o(i.actualizarLed) refers to http_server.o(.bss) for .bss
    http_server.o(i.app_main) refers to rtc.o(i.initRTC) for initRTC
    http_server.o(i.app_main) refers to rgb.o(i.init_RGB) for init_RGB
    http_server.o(i.app_main) refers to net_sys.o(i.netInitialize) for netInitialize
    http_server.o(i.app_main) refers to http_server.o(i.getEstadoLeds) for getEstadoLeds
[...]
    net_localm6                              0x00015544   Data          16  net_config.o(.constdata)
    net_ip4_frag_config                      0x00015554   Data           8  net_config.o(.constdata)
    net_udp_config                           0x0001555c   Data          12  net_config.o(.constdata)
    net_tcp_config                           0x00015568   Data          24  net_config.o(.constdata)
    net_http_config                          0x00015580   Data          52  net_config.o(.constdata)
    net_sntp_config                          0x000155b4   Data           8  net_config.o(.constdata)
    netif_getopt_func                        0x00015600   Data          16  net_config.o(.constdata)
    netif_setopt_func                        0x00015610   Data          16  net_config.o(.constdata)
    netif_send_func                          0x00015620   Data          16  net_config.o(.constdata)
    net_ping_payload                         0x0001572a   Data          18  net_ping_core.o(.constdata)
    net_addr_unspec                          0x0001573c   Data          16  net_addr.o(.constdata)
    net_addr_bcast                           0x0001574c   Data           6  net_addr.o(.constdata)
    net_addr4_loopback                       0x00015752   Data           4  net_ip4.o(.constdata)
    net_addr6_all_nodes                      0x00015756   Data          16  net_ip6.o(.constdata)
    net_addr6_loopback                       0x00015766   Data          16  net_ip6.o(.constdata)
    net_addr6_all_routers                    0x00015776   Data          16  net_ip6.o(.constdata)
    net_http_error                           0x00015788   Data          24  net_http_server_err.o(.constdata)
    net_lib_version                          0x000157a0   Data           4  net_version.o(.constdata)
    network_ip4ip6_release_v7.12.0           0x000157a0   Data           4  net_version.o(.constdata)
    __ctype_table                            0x000157b0   Data         129  ctype_o.o(.constdata)
    osRtxConfig                              0x00015c24   Data         104  rtx_lib.o(.rodata)
    os_cb_sections                           0x00015c8c   Data          56  rtx_lib.o(.rodata)
    Region$$Table$$Base                      0x00015cd0   Number         0  anon$$obj.o(Region$$Table)
    Region$$Table$$Limit                     0x00015d10   Number         0  anon$$obj.o(Region$$Table)
    .bss.os.msgqueue.cb$$Base                0x10001040   Number         0  rtx_lib.o(.bss.os.msgqueue.cb)
    .bss.os.msgqueue.cb$$Limit               0x10001074   Number         0  rtx_lib.o(.bss.os.msgqueue.cb)
    .bss.os.mutex.cb$$Base                   0x10001074   Number         0  net_config.o(.bss.os.mutex.cb)
    .bss.os.mutex.cb$$Limit                  0x100010ac   Number         0  net_config.o(.bss.os.mutex.cb)
    .bss.os.semaphore.cb$$Base               0x100010ac   Number         0  net_config.o(.bss.os.semaphore.cb)
    .bss.os.semaphore.cb$$Limit              0x100010bc   Number         0  net_config.o(.bss.os.semaphore.cb)
    .bss.os.thread.cb$$Base                  0x100010bc   Number         0  rtx_lib.o(.bss.os.thread.cb)
    .bss.os.thread.cb$$Limit                 0x100014b8   Number         0  net_config.o(.bss.os.thread.cb)
    .bss.os.timer.cb$$Base                   0x10001bb8   Number         0  rtx_lib.o(.bss.os.timer.cb)
    .bss.os.timer.cb$$Limit                  0x10001bf8   Number         0  net_config.o(.bss.os.timer.cb)
    LEDrun                                   0x10001bf8   Data           1  http_server.o(.data)
    TID_Display                              0x10001c00   Data           4  http_server.o(.data)
    TID_Led                                  0x10001c04   Data           4  http_server.o(.data)
    TID_Rtc_setTime                          0x10001c08   Data           4  http_server.o(.data)
    TID_Rtc_setDate                          0x10001c0c   Data           4  http_server.o(.data)
    TID_Rtc_led                              0x10001c10   Data           4  http_server.o(.data)
    TID_SNTP                                 0x10001c14   Data           4  http_server.o(.data)
    TID_Thread_sw                            0x10001c18   Data           4  http_server.o(.data)
    Timer_SNTP                               0x10001c1c   Data           4  http_server.o(.data)
    lcd_text                                 0x10001c26   Data          42  http_server.o(.data)
    time_text                                0x10001c50   Data          42  http_server.o(.data)
    posicionL1                               0x10001c84   Data           1  lcd.o(.data)
    recoger1                                 0x10001c85   Data           1  lcd.o(.data)
    posicionL2                               0x10001c86   Data           2  lcd.o(.data)
    comienzo                                 0x10001c88   Data           2  lcd.o(.data)
    recoger2                                 0x10001c8a   Data           2  lcd.o(.data)
    SPIdrv                                   0x10001c8c   Data           4  lcd.o(.data)
    j                                        0x10001c90   Data           4  lcd.o(.data)
    iap_entry                                0x10001c94   Data           4  emac_lpc17xx.o(.data)
    osRtxInfo                                0x10001cdc   Data         164  rtx_kernel.o(.data.os)
    buffer                                   0x10001dc0   Data         256  http_server.o(.bss)
    bufferLCD                                0x100022f8   Data         512  lcd.o(.bss)
    L1                                       0x100024f8   Data         128  lcd.o(.bss)
    L2                                       0x10002578   Data         128  lcd.o(.bss)
    net_eth_control                          0x10005984   Data         152  net_eth.o(.bss)
    __initial_sp                             0x10005c68   Data           0  startup_lpc17xx.o(STACK)
    adc_result                               0x2007ed50   Data           2  adc.o(.data)
    iap_entry_flash                          0x2007edbc   Data           4  lpc17xx_iap.o(.data)
    SystemCoreClock                          0x2007edc8   Data           4  system_lpc17xx.o(.data)
    net_http_control                         0x20081b0c   Data          20  net_http_server.o(.bss)
    net_sntp_control                         0x20081b20   Data          44  net_sntp_client_core.o(.bss)
    net_ping_control                         0x20081b4c   Data          40  net_ping_core.o(.bss)
    net_sys_control                          0x20081b84   Data          40  net_sys.o(.bss)



==============================================================================

Memory Map of the image

  Image Entry point : 0x000000cd

  Load Region LR_IROM1 (Base: 0x00000000, Size: 0x0001a8cc, Max: 0x00080000, ABSOLUTE, COMPRESSED[0x00015e30])

    Execution Region ER_IROM1 (Exec base: 0x00000000, Load base: 0x00000000, Size: 0x00015d10, Max: 0x00080000, ABSOLUTE)

    Exec Addr    Load Addr    Size         Type   Attr      Idx    E Section Name        Object

    0x00000000   0x00000000   0x000000cc   Data   RO         1486    RESET               startup_lpc17xx.o
    0x000000cc   0x000000cc   0x00000000   Code   RO         3134  * .ARM.Collect$$$$00000000  mc_w.l(entry.o)
    0x000000cc   0x000000cc   0x00000004   Code   RO         3436    .ARM.Collect$$$$00000001  mc_w.l(entry2.o)
    0x000000d0   0x000000d0   0x00000004   Code   RO         3439    .ARM.Collect$$$$00000004  mc_w.l(entry5.o)
    0x000000d4   0x000000d4   0x00000000   Code   RO         3441    .ARM.Collect$$$$00000008  mc_w.l(entry7b.o)
    0x000000d4   0x000000d4   0x00000000   Code   RO         3443    .ARM.Collect$$$$0000000A  mc_w.l(entry8b.o)
    0x000000d4   0x000000d4   0x00000008   Code   RO         3444    .ARM.Collect$$$$0000000B  mc_w.l(entry9a.o)
    0x000000dc   0x000000dc   0x00000000   Code   RO         3446    .ARM.Collect$$$$0000000D  mc_w.l(entry10a.o)
    0x000000dc   0x000000dc   0x00000000   Code   RO         3448    .ARM.Collect$$$$0000000F  mc_w.l(entry11a.o)
    0x000000dc   0x000000dc   0x00000004   Code   RO         3437    .ARM.Collect$$$$00002712  mc_w.l(entry2.o)
    0x000000e0   0x000000e0   0x00000024   Code   RO         1488    .text               startup_lpc17xx.o
    0x00000104   0x00000104   0x00000094   Code   RO         2150    .text               RTX_CM3.lib(irq_cm3.o)
    0x00000198   0x00000198   0x00000062   Code   RO         3137    .text               mc_w.l(uldiv.o)
    0x000001fa   0x000001fa   0x00000002   PAD
    0x000001fc   0x000001fc   0x00000094   Code   RO         3139    .text               mc_w.l(localtime.o)
    0x00000290   0x00000290   0x00000024   Code   RO         3143    .text               mc_w.l(memcpya.o)
    0x000002b4   0x000002b4   0x00000024   Code   RO         3145    .text               mc_w.l(memseta.o)
    0x000002d8   0x000002d8   0x0000000e   Code   RO         3147    .text               mc_w.l(strlen.o)
    0x000002e6   0x000002e6   0x00000012   Code   RO         3153    .text               mc_w.l(strcpy.o)
    0x000002f8   0x000002f8   0x00000000   Code   RO         3474    .text               mc_w.l(iusefp.o)
    0x000002f8   0x000002f8   0x00000002   Code   RO         1824    .text.osRtxKernelPreInit  RTX_CM3.lib(rtx_kernel.o)
    0x000002fa   0x000002fa   0x00000002   Code   RO         3534    i.__scatterload_null  mc_w.l(handlers.o)
    0x000002fc   0x000002fc   0x00000004   Code   RO         1487    .ARM.__at_0x02FC    startup_lpc17xx.o
    0x00000300   0x00000300   0x0000001c   Code   RO         3149    .text               mc_w.l(strcmp.o)
    0x0000031c   0x0000031c   0x0000001a   Code   RO         3151    .text               mc_w.l(memcmp.o)
    0x00000336   0x00000336   0x0000001e   Code   RO         3155    .text               mc_w.l(strncmp.o)
    0x00000354   0x00000354   0x00000038   Code   RO         3420    .text               mc_w.l(__0sscanf.o)
    0x0000038c   0x0000038c   0x0000014c   Code   RO         3422    .text               mc_w.l(_scanf_int.o)
    0x000004d8   0x000004d8   0x0000001a   Code   RO         3424    .text               mc_w.l(atoi.o)
    0x000004f2   0x000004f2   0x00000064   Code   RO         3428    .text               mf_w.l(fmul.o)
    0x00000556   0x00000556   0x0000002e   Code   RO         3430    .text               mf_w.l(dscalb.o)
    0x00000584   0x00000584   0x0000000a   Code   RO         3432    .text               mf_w.l(ffltui.o)
    0x0000058e   0x0000058e   0x00000026   Code   RO         3434    .text               mf_w.l(f2d.o)
    0x000005b4   0x000005b4   0x0000002c   Code   RO         3453    .text               mc_w.l(uidiv.o)
    0x000005e0   0x000005e0   0x0000001e   Code   RO         3455    .text               mc_w.l(llshl.o)
    0x000005fe   0x000005fe   0x00000020   Code   RO         3457    .text               mc_w.l(llushr.o)
    0x0000061e   0x0000061e   0x0000001c   Code   RO         3466    .text               mc_w.l(_chval.o)
    0x0000063a   0x0000063a   0x00000002   PAD
    0x0000063c   0x0000063c   0x00000028   Code   RO         3468    .text               mc_w.l(scanf_char.o)
    0x00000664   0x00000664   0x00000040   Code   RO         3470    .text               mc_w.l(_sgetc.o)
    0x000006a4   0x000006a4   0x00000070   Code   RO         3472    .text               mc_w.l(strtol.o)
    0x00000714   0x00000714   0x0000006e   Code   RO         3475    .text               mf_w.l(fepilogue.o)
    0x00000782   0x00000782   0x0000014e   Code   RO         3477    .text               mf_w.l(dadd.o)
    0x000008d0   0x000008d0   0x000000e4   Code   RO         3479    .text               mf_w.l(dmul.o)
    0x000009b4   0x000009b4   0x000000de   Code   RO         3481    .text               mf_w.l(ddiv.o)
    0x00000a92   0x00000a92   0x00000030   Code   RO         3483    .text               mf_w.l(dfixul.o)
    0x00000ac2   0x00000ac2   0x00000002   PAD
    0x00000ac4   0x00000ac4   0x00000030   Code   RO         3485    .text               mf_w.l(cdrcmple.o)
    0x00000af4   0x00000af4   0x00000024   Code   RO         3487    .text               mc_w.l(init.o)
    0x00000b18   0x00000b18   0x00000024   Code   RO         3490    .text               mc_w.l(llsshr.o)
    0x00000b3c   0x00000b3c   0x00000008   Code   RO         3494    .text               mc_w.l(ctype_o.o)
    0x00000b44   0x00000b44   0x00000012   Code   RO         3516    .text               mc_w.l(isspace_o.o)
    0x00000b56   0x00000b56   0x00000002   PAD
    0x00000b58   0x00000b58   0x0000032c   Code   RO         3522    .text               mc_w.l(_scanf.o)
    0x00000e84   0x00000e84   0x0000009e   Code   RO         3524    .text               mc_w.l(_strtoul.o)
    0x00000f22   0x00000f22   0x000000ba   Code   RO         3527    .text               mf_w.l(depilogue.o)
    0x00000fdc   0x00000fdc   0x00000056   Code   RO         3539    .text               mc_w.l(__dczerorl2.o)
    0x00001032   0x00001032   0x00000044   Code   RO         2797    .text.MessageQueueGet  RTX_CM3.lib(rtx_msgqueue.o)
    0x00001076   0x00001076   0x00000062   Code   RO         2791    .text.MessageQueuePut  RTX_CM3.lib(rtx_msgqueue.o)
    0x000010d8   0x000010d8   0x0000001c   Code   RO         2789    .text.MessageQueueRemove  RTX_CM3.lib(rtx_msgqueue.o)
    0x000010f4   0x000010f4   0x0000000c   Code   RO         2835    .text.OS_Tick_AcknowledgeIRQ  RTX_CM3.lib(os_systick.o)
    0x00001100   0x00001100   0x0000002c   Code   RO         2831    .text.OS_Tick_Enable  RTX_CM3.lib(os_systick.o)
    0x0000112c   0x0000112c   0x0000000c   Code   RO         2839    .text.OS_Tick_GetClock  RTX_CM3.lib(os_systick.o)
    0x00001138   0x00001138   0x00000010   Code   RO         2843    .text.OS_Tick_GetCount  RTX_CM3.lib(os_systick.o)
    0x00001148   0x00001148   0x00000006   Code   RO         2837    .text.OS_Tick_GetIRQn  RTX_CM3.lib(os_systick.o)
    0x0000114e   0x0000114e   0x00000002   PAD
    0x00001150   0x00001150   0x0000000c   Code   RO         2841    .text.OS_Tick_GetInterval  RTX_CM3.lib(os_systick.o)
    0x0000115c   0x0000115c   0x00000010   Code   RO         2845    .text.OS_Tick_GetOverflow  RTX_CM3.lib(os_systick.o)
    0x0000116c   0x0000116c   0x00000040   Code   RO         2829    .text.OS_Tick_Setup  RTX_CM3.lib(os_systick.o)
    0x000011ac   0x000011ac   0x0000006a   Code   RO         1969    .text.ThreadFlagsCheck  RTX_CM3.lib(rtx_thread.o)
    0x00001216   0x00001216   0x00000002   PAD
    0x00001218   0x00001218   0x00000050   Code   RO         2055    .text.TimerInsert   RTX_CM3.lib(rtx_timer.o)
    0x00001268   0x00001268   0x00000028   Code   RO         2063    .text.TimerRemove   RTX_CM3.lib(rtx_timer.o)
    0x00001290   0x00001290   0x00000024   Code   RO         2022    .text.osDelay       RTX_CM3.lib(rtx_delay.o)
    0x000012b4   0x000012b4   0x00000024   Code   RO         1856    .text.osKernelGetSysTimerCount  RTX_CM3.lib(rtx_kernel.o)
    0x000012d8   0x000012d8   0x00000024   Code   RO         1860    .text.osKernelGetSysTimerFreq  RTX_CM3.lib(rtx_kernel.o)
    0x000012fc   0x000012fc   0x0000002c   Code   RO         1826    .text.osKernelInitialize  RTX_CM3.lib(rtx_kernel.o)
    0x00001328   0x00001328   0x00000024   Code   RO         1836    .text.osKernelStart  RTX_CM3.lib(rtx_kernel.o)
    0x0000134c   0x0000134c   0x0000006c   Code   RO         2763    .text.osMessageQueueGet  RTX_CM3.lib(rtx_msgqueue.o)
    0x000013b8   0x000013b8   0x00000024   Code   RO         2757    .text.osMessageQueueNew  RTX_CM3.lib(rtx_msgqueue.o)
    0x000013dc   0x000013dc   0x00000078   Code   RO         2761    .text.osMessageQueuePut  RTX_CM3.lib(rtx_msgqueue.o)
    0x00001454   0x00001454   0x00000024   Code   RO         2086    .text.osMutexAcquire  RTX_CM3.lib(rtx_mutex.o)
    0x00001478   0x00001478   0x00000024   Code   RO         2082    .text.osMutexNew    RTX_CM3.lib(rtx_mutex.o)
    0x0000149c   0x0000149c   0x00000024   Code   RO         2088    .text.osMutexRelease  RTX_CM3.lib(rtx_mutex.o)
    0x000014c0   0x000014c0   0x00000080   Code   RO         2691    .text.osRtxMemoryAlloc  RTX_CM3.lib(rtx_memory.o)
    0x00001540   0x00001540   0x00000052   Code   RO         2693    .text.osRtxMemoryFree  RTX_CM3.lib(rtx_memory.o)
    0x00001592   0x00001592   0x00000036   Code   RO         2689    .text.osRtxMemoryInit  RTX_CM3.lib(rtx_memory.o)
    0x000015c8   0x000015c8   0x0000003a   Code   RO         2706    .text.osRtxMemoryPoolAlloc  RTX_CM3.lib(rtx_mempool.o)
    0x00001602   0x00001602   0x0000004a   Code   RO         2708    .text.osRtxMemoryPoolFree  RTX_CM3.lib(rtx_mempool.o)
    0x0000164c   0x0000164c   0x00000046   Code   RO         2704    .text.osRtxMemoryPoolInit  RTX_CM3.lib(rtx_mempool.o)
    0x00001692   0x00001692   0x000000ba   Code   RO         2787    .text.osRtxMessageQueuePostProcess  RTX_CM3.lib(rtx_msgqueue.o)
    0x0000174c   0x0000174c   0x0000004a   Code   RO         2080    .text.osRtxMutexOwnerRelease  RTX_CM3.lib(rtx_mutex.o)
    0x00001796   0x00001796   0x00000002   PAD
    0x00001798   0x00001798   0x00000090   Code   RO         2816    .text.osRtxPendSV_Handler  RTX_CM3.lib(rtx_system.o)
    0x00001828   0x00001828   0x00000074   Code   RO         2818    .text.osRtxPostProcess  RTX_CM3.lib(rtx_system.o)
    0x0000189c   0x0000189c   0x00000036   Code   RO         2131    .text.osRtxSemaphorePostProcess  RTX_CM3.lib(rtx_semaphore.o)
    0x000018d2   0x000018d2   0x00000002   PAD
    0x000018d4   0x000018d4   0x00000038   Code   RO         1909    .text.osRtxThreadBlock  RTX_CM3.lib(rtx_thread.o)
    0x0000190c   0x0000190c   0x00000088   Code   RO         1917    .text.osRtxThreadDelayInsert  RTX_CM3.lib(rtx_thread.o)
    0x00001994   0x00001994   0x0000003c   Code   RO         1913    .text.osRtxThreadDelayRemove  RTX_CM3.lib(rtx_thread.o)
    0x000019d0   0x000019d0   0x00000034   Code   RO         1899    .text.osRtxThreadDelayTick  RTX_CM3.lib(rtx_thread.o)
    0x00001a04   0x00001a04   0x0000005c   Code   RO         1907    .text.osRtxThreadDispatch  RTX_CM3.lib(rtx_thread.o)
    0x00001a60   0x00001a60   0x00000058   Code   RO         1993    .text.osRtxThreadFree  RTX_CM3.lib(rtx_thread.o)
    0x00001ab8   0x00001ab8   0x00000014   Code   RO         1891    .text.osRtxThreadListGet  RTX_CM3.lib(rtx_thread.o)
    0x00001acc   0x00001acc   0x0000002a   Code   RO         1889    .text.osRtxThreadListPut  RTX_CM3.lib(rtx_thread.o)
    0x00001af6   0x00001af6   0x00000014   Code   RO         1895    .text.osRtxThreadListRemove  RTX_CM3.lib(rtx_thread.o)
    0x00001b0a   0x00001b0a   0x00000028   Code   RO         1893    .text.osRtxThreadListSort  RTX_CM3.lib(rtx_thread.o)
    0x00001b32   0x00001b32   0x0000002a   Code   RO         1967    .text.osRtxThreadPostProcess  RTX_CM3.lib(rtx_thread.o)
    0x00001b5c   0x00001b5c   0x00000014   Code   RO         1897    .text.osRtxThreadReadyPut  RTX_CM3.lib(rtx_thread.o)
    0x00001b70   0x00001b70   0x00000006   Code   RO         1901    .text.osRtxThreadRegPtr  RTX_CM3.lib(rtx_thread.o)
    0x00001b76   0x00001b76   0x00000002   PAD
    0x00001b78   0x00001b78   0x00000028   Code   RO         1905    .text.osRtxThreadStackCheck  RTX_CM3.lib(rtx_thread.o)
    0x00001ba0   0x00001ba0   0x00000040   Code   RO         1919    .text.osRtxThreadStartup  RTX_CM3.lib(rtx_thread.o)
    0x00001be0   0x00001be0   0x00000010   Code   RO         1903    .text.osRtxThreadSwitch  RTX_CM3.lib(rtx_thread.o)
    0x00001bf0   0x00001bf0   0x0000003c   Code   RO         1915    .text.osRtxThreadWaitEnter  RTX_CM3.lib(rtx_thread.o)
    0x00001c2c   0x00001c2c   0x00000024   Code   RO         1911    .text.osRtxThreadWaitExit  RTX_CM3.lib(rtx_thread.o)
    0x00001c50   0x00001c50   0x00000070   Code   RO         2814    .text.osRtxTick_Handler  RTX_CM3.lib(rtx_system.o)
    0x00001cc0   0x00001cc0   0x0000003c   Code   RO         2039    .text.osRtxTimerThread  RTX_CM3.lib(rtx_timer.o)
    0x00001cfc   0x00001cfc   0x00000058   Code   RO         2041    .text.osRtxTimerTick  RTX_CM3.lib(rtx_timer.o)
    0x00001d54   0x00001d54   0x00000054   Code   RO         2119    .text.osSemaphoreAcquire  RTX_CM3.lib(rtx_semaphore.o)
    0x00001da8   0x00001da8   0x00000024   Code   RO         2115    .text.osSemaphoreNew  RTX_CM3.lib(rtx_semaphore.o)
    0x00001dcc   0x00001dcc   0x00000064   Code   RO         2121    .text.osSemaphoreRelease  RTX_CM3.lib(rtx_semaphore.o)
    0x00001e30   0x00001e30   0x0000000c   Code   RO         1951    .text.osThreadExit  RTX_CM3.lib(rtx_thread.o)
    0x00001e3c   0x00001e3c   0x00000024   Code   RO         1961    .text.osThreadFlagsClear  RTX_CM3.lib(rtx_thread.o)
    0x00001e60   0x00001e60   0x00000058   Code   RO         1959    .text.osThreadFlagsSet  RTX_CM3.lib(rtx_thread.o)
    0x00001eb8   0x00001eb8   0x00000024   Code   RO         1965    .text.osThreadFlagsWait  RTX_CM3.lib(rtx_thread.o)
    0x00001edc   0x00001edc   0x00000024   Code   RO         1923    .text.osThreadNew   RTX_CM3.lib(rtx_thread.o)
    0x00001f00   0x00001f00   0x00000024   Code   RO         1941    .text.osThreadYield  RTX_CM3.lib(rtx_thread.o)
    0x00001f24   0x00001f24   0x00000030   Code   RO         2043    .text.osTimerNew    RTX_CM3.lib(rtx_timer.o)
    0x00001f54   0x00001f54   0x00000024   Code   RO         2047    .text.osTimerStart  RTX_CM3.lib(rtx_timer.o)
    0x00001f78   0x00001f78   0x00000014   Code   RO         2026    .text.svcRtxDelay   RTX_CM3.lib(rtx_delay.o)
    0x00001f8c   0x00001f8c   0x00000028   Code   RO         1858    .text.svcRtxKernelGetSysTimerCount  RTX_CM3.lib(rtx_kernel.o)
    0x00001fb4   0x00001fb4   0x00000004   Code   RO         1862    .text.svcRtxKernelGetSysTimerFreq  RTX_CM3.lib(rtx_kernel.o)
    0x00001fb8   0x00001fb8   0x00000154   Code   RO         1864    .text.svcRtxKernelInitialize  RTX_CM3.lib(rtx_kernel.o)
    0x0000210c   0x0000210c   0x00000088   Code   RO         1866    .text.svcRtxKernelStart  RTX_CM3.lib(rtx_kernel.o)
    0x00002194   0x00002194   0x000000e0   Code   RO         2799    .text.svcRtxMessageQueueGet  RTX_CM3.lib(rtx_msgqueue.o)
    0x00002274   0x00002274   0x00000134   Code   RO         2785    .text.svcRtxMessageQueueNew  RTX_CM3.lib(rtx_msgqueue.o)
    0x000023a8   0x000023a8   0x000000c0   Code   RO         2795    .text.svcRtxMessageQueuePut  RTX_CM3.lib(rtx_msgqueue.o)
    0x00002468   0x00002468   0x00000090   Code   RO         2098    .text.svcRtxMutexAcquire  RTX_CM3.lib(rtx_mutex.o)
    0x000024f8   0x000024f8   0x0000006c   Code   RO         2094    .text.svcRtxMutexNew  RTX_CM3.lib(rtx_mutex.o)
    0x00002564   0x00002564   0x000000b8   Code   RO         2100    .text.svcRtxMutexRelease  RTX_CM3.lib(rtx_mutex.o)
    0x0000261c   0x0000261c   0x00000058   Code   RO         2135    .text.svcRtxSemaphoreAcquire  RTX_CM3.lib(rtx_semaphore.o)
    0x00002674   0x00002674   0x00000080   Code   RO         2129    .text.svcRtxSemaphoreNew  RTX_CM3.lib(rtx_semaphore.o)
    0x000026f4   0x000026f4   0x00000054   Code   RO         2137    .text.svcRtxSemaphoreRelease  RTX_CM3.lib(rtx_semaphore.o)
    0x00002748   0x00002748   0x00000070   Code   RO         1997    .text.svcRtxThreadExit  RTX_CM3.lib(rtx_thread.o)
    0x000027b8   0x000027b8   0x00000034   Code   RO         2007    .text.svcRtxThreadFlagsClear  RTX_CM3.lib(rtx_thread.o)
    0x000027ec   0x000027ec   0x00000066   Code   RO         2005    .text.svcRtxThreadFlagsSet  RTX_CM3.lib(rtx_thread.o)
    0x00002852   0x00002852   0x00000002   PAD
    0x00002854   0x00002854   0x0000004c   Code   RO         2011    .text.svcRtxThreadFlagsWait  RTX_CM3.lib(rtx_thread.o)
    0x000028a0   0x000028a0   0x000001dc   Code   RO         1921    .text.svcRtxThreadNew  RTX_CM3.lib(rtx_thread.o)
    0x00002a7c   0x00002a7c   0x00000038   Code   RO         1983    .text.svcRtxThreadYield  RTX_CM3.lib(rtx_thread.o)
    0x00002ab4   0x00002ab4   0x0000007c   Code   RO         2057    .text.svcRtxTimerNew  RTX_CM3.lib(rtx_timer.o)
    0x00002b30   0x00002b30   0x0000004c   Code   RO         2061    .text.svcRtxTimerStart  RTX_CM3.lib(rtx_timer.o)
    0x00002b7c   0x00002b7c   0x0000000e   Code   RO           86    i.AD_in             http_server.o
    0x00002b8a   0x00002b8a   0x00000002   PAD
    0x00002b8c   0x00002b8c   0x00000038   Code   RO          718    i.BlankCheckSector  lpc17xx_iap.o
    0x00002bc4   0x00002bc4   0x00000038   Code   RO           87    i.BlinkLed          http_server.o
    0x00002bfc   0x00002bfc   0x0000001c   Code   RO         1307    i.Clear_Channel_active_flag  gpdma_lpc17xx.o
    0x00002c18   0x00002c18   0x00000130   Code   RO          989    i.Control           emac_lpc17xx.o
    0x00002d48   0x00002d48   0x00000006   Code   RO          990    i.ControlTimer      emac_lpc17xx.o
    0x00002d4e   0x00002d4e   0x00000002   PAD
    0x00002d50   0x00002d50   0x0000004c   Code   RO          720    i.CopyRAM2Flash     lpc17xx_iap.o
    0x00002d9c   0x00002d9c   0x000000e8   Code   RO         1308    i.DMA_IRQHandler    gpdma_lpc17xx.o
    0x00002e84   0x00002e84   0x000000e8   Code   RO           88    i.Display           http_server.o
    0x00002f6c   0x00002f6c   0x0000004c   Code   RO          666    i.EINT3_IRQHandler  switch.o
    0x00002fb8   0x00002fb8   0x0000003c   Code   RO          991    i.ENET_IRQHandler   emac_lpc17xx.o
    0x00002ff4   0x00002ff4   0x00000040   Code   RO          721    i.EraseSector       lpc17xx_iap.o
    0x00003034   0x00003034   0x00000058   Code   RO          367    i.EscribeLetra_L1   lcd.o
    0x0000308c   0x0000308c   0x0000005c   Code   RO          368    i.EscribeLetra_L2   lcd.o
    0x000030e8   0x000030e8   0x000000c8   Code   RO         1309    i.GPDMA_ChannelConfigure  gpdma_lpc17xx.o
    0x000031b0   0x000031b0   0x0000002c   Code   RO         1310    i.GPDMA_ChannelDisable  gpdma_lpc17xx.o
    0x000031dc   0x000031dc   0x00000030   Code   RO         1312    i.GPDMA_ChannelGetCount  gpdma_lpc17xx.o
    0x0000320c   0x0000320c   0x00000074   Code   RO         1314    i.GPDMA_Initialize  gpdma_lpc17xx.o
    0x00003280   0x00003280   0x00000034   Code   RO         1315    i.GPDMA_PeripheralSelect  gpdma_lpc17xx.o
    0x000032b4   0x000032b4   0x00000048   Code   RO         1316    i.GPDMA_Uninitialize  gpdma_lpc17xx.o
    0x000032fc   0x000032fc   0x00000018   Code   RO         1398    i.GPIO_PinWrite     gpio_lpc17xx.o
    0x00003314   0x00003314   0x0000001c   Code   RO         1399    i.GPIO_PortClock    gpio_lpc17xx.o
    0x00003330   0x00003330   0x00000010   Code   RO         1400    i.GPIO_PortRead     gpio_lpc17xx.o
    0x00003340   0x00003340   0x00000020   Code   RO         1402    i.GPIO_SetDir       gpio_lpc17xx.o
    0x00003360   0x00003360   0x0000000c   Code   RO          992    i.GetCapabilities   emac_lpc17xx.o
    0x0000336c   0x0000336c   0x0000005c   Code   RO          926    i.GetLinkInfo       phy_dp83848c.o
    0x000033c8   0x000033c8   0x00000028   Code   RO          927    i.GetLinkState      phy_dp83848c.o
    0x000033f0   0x000033f0   0x0000003c   Code   RO          993    i.GetMacAddress     emac_lpc17xx.o
    0x0000342c   0x0000342c   0x00000044   Code   RO          994    i.GetRxFrameSize    emac_lpc17xx.o
    0x00003470   0x00003470   0x00000006   Code   RO          995    i.GetRxFrameTime    emac_lpc17xx.o
    0x00003476   0x00003476   0x00000002   PAD
    0x00003478   0x00003478   0x0000003c   Code   RO         1140    i.GetSSPClockFreq   ssp_lpc17xx.o
    0x000034b4   0x000034b4   0x0000000e   Code   RO          722    i.GetSecNum         lpc17xx_iap.o
    0x000034c2   0x000034c2   0x00000006   Code   RO          996    i.GetTxFrameTime    emac_lpc17xx.o
    0x000034c8   0x000034c8   0x0000000c   Code   RO          928    i.GetVersion        phy_dp83848c.o
    0x000034d4   0x000034d4   0x0000000c   Code   RO          997    i.GetVersion        emac_lpc17xx.o
    0x000034e0   0x000034e0   0x00000018   Code   RO          520    i.IAlarma           rtc.o
    0x000034f8   0x000034f8   0x00000028   Code   RO          929    i.Initialize        phy_dp83848c.o
    0x00003520   0x00003520   0x0000014c   Code   RO          998    i.Initialize        emac_lpc17xx.o
    0x0000366c   0x0000366c   0x0000001c   Code   RO          369    i.LCD_reset         lcd.o
    0x00003688   0x00003688   0x0000004c   Code   RO          465    i.LED_Initialize    led.o
    0x000036d4   0x000036d4   0x00000028   Code   RO          466    i.LED_Off           led.o
    0x000036fc   0x000036fc   0x00000028   Code   RO          467    i.LED_On            led.o
    0x00003724   0x00003724   0x00000026   Code   RO          468    i.LED_SetOut        led.o
    0x0000374a   0x0000374a   0x00000002   PAD
    0x0000374c   0x0000374c   0x000000f8   Code   RO          999    i.PHY_Read          emac_lpc17xx.o
    0x00003844   0x00003844   0x000000c0   Code   RO         1000    i.PHY_Write         emac_lpc17xx.o
    0x00003904   0x00003904   0x00000068   Code   RO         1451    i.PIN_Configure     pin_lpc17xx.o
    0x0000396c   0x0000396c   0x0000008c   Code   RO          930    i.PowerControl      phy_dp83848c.o
    0x000039f8   0x000039f8   0x0000017c   Code   RO         1001    i.PowerControl      emac_lpc17xx.o
    0x00003b74   0x00003b74   0x00000024   Code   RO          724    i.PrepareSector     lpc17xx_iap.o
    0x00003b98   0x00003b98   0x00000024   Code   RO          796    i.RGBoff            rgb.o
    0x00003bbc   0x00003bbc   0x00000024   Code   RO          521    i.RTC_IRQHandler    rtc.o
    0x00003be0   0x00003be0   0x00000070   Code   RO         1002    i.ReadFrame         emac_lpc17xx.o
    0x00003c50   0x00003c50   0x00000060   Code   RO           89    i.Rtc_led           http_server.o
    0x00003cb0   0x00003cb0   0x000000b0   Code   RO           90    i.Rtc_setDate       http_server.o
    0x00003d60   0x00003d60   0x00000088   Code   RO           91    i.Rtc_setTime       http_server.o
    0x00003de8   0x00003de8   0x00000048   Code   RO           92    i.SNTP_thread       http_server.o
    0x00003e30   0x00003e30   0x0000000c   Code   RO         1141    i.SSP1_Control      ssp_lpc17xx.o
    0x00003e3c   0x00003e3c   0x0000000c   Code   RO         1142    i.SSP1_GPDMA_Rx_SignalEvent  ssp_lpc17xx.o
    0x00003e48   0x00003e48   0x0000000c   Code   RO         1143    i.SSP1_GPDMA_Tx_SignalEvent  ssp_lpc17xx.o
    0x00003e54   0x00003e54   0x00000028   Code   RO         1144    i.SSP1_GetDataCount  ssp_lpc17xx.o
    0x00003e7c   0x00003e7c   0x0000004c   Code   RO         1145    i.SSP1_GetStatus    ssp_lpc17xx.o
    0x00003ec8   0x00003ec8   0x0000000c   Code   RO         1146    i.SSP1_IRQHandler   ssp_lpc17xx.o
    0x00003ed4   0x00003ed4   0x0000000c   Code   RO         1147    i.SSP1_Initialize   ssp_lpc17xx.o
    0x00003ee0   0x00003ee0   0x0000000c   Code   RO         1148    i.SSP1_PowerControl  ssp_lpc17xx.o
    0x00003eec   0x00003eec   0x0000000c   Code   RO         1149    i.SSP1_Receive      ssp_lpc17xx.o
    0x00003ef8   0x00003ef8   0x0000000c   Code   RO         1150    i.SSP1_Send         ssp_lpc17xx.o
    0x00003f04   0x00003f04   0x0000000c   Code   RO         1151    i.SSP1_Transfer     ssp_lpc17xx.o
    0x00003f10   0x00003f10   0x0000000c   Code   RO         1152    i.SSP1_Uninitialize  ssp_lpc17xx.o
    0x00003f1c   0x00003f1c   0x0000000c   Code   RO         1153    i.SSP_GetCapabilities  ssp_lpc17xx.o
    0x00003f28   0x00003f28   0x0000000c   Code   RO         1154    i.SSP_GetVersion    ssp_lpc17xx.o
    0x00003f34   0x00003f34   0x000003e4   Code   RO         1155    i.SSPx_Control      ssp_lpc17xx.o
    0x00004318   0x00004318   0x0000001e   Code   RO         1156    i.SSPx_GPDMA_Rx_SignalEvent  ssp_lpc17xx.o
    0x00004336   0x00004336   0x0000000c   Code   RO         1157    i.SSPx_GPDMA_Tx_SignalEvent  ssp_lpc17xx.o
    0x00004342   0x00004342   0x000000ce   Code   RO         1158    i.SSPx_IRQHandler   ssp_lpc17xx.o
    0x00004410   0x00004410   0x00000094   Code   RO         1159    i.SSPx_Initialize   ssp_lpc17xx.o
    0x000044a4   0x000044a4   0x00000168   Code   RO         1160    i.SSPx_PowerControl  ssp_lpc17xx.o
    0x0000460c   0x0000460c   0x0000012c   Code   RO         1161    i.SSPx_Receive      ssp_lpc17xx.o
    0x00004738   0x00004738   0x0000012c   Code   RO         1162    i.SSPx_Send         ssp_lpc17xx.o
    0x00004864   0x00004864   0x00000134   Code   RO         1163    i.SSPx_Transfer     ssp_lpc17xx.o
    0x00004998   0x00004998   0x00000064   Code   RO         1164    i.SSPx_Uninitialize  ssp_lpc17xx.o
    0x000049fc   0x000049fc   0x00000070   Code   RO           93    i.SW_Thread         http_server.o
    0x00004a6c   0x00004a6c   0x000000a0   Code   RO         1003    i.SendFrame         emac_lpc17xx.o
    0x00004b0c   0x00004b0c   0x000000b4   Code   RO         1004    i.SetAddressFilter  emac_lpc17xx.o
    0x00004bc0   0x00004bc0   0x0000002c   Code   RO          931    i.SetInterface      phy_dp83848c.o
    0x00004bec   0x00004bec   0x00000030   Code   RO         1005    i.SetMacAddress     emac_lpc17xx.o
    0x00004c1c   0x00004c1c   0x00000064   Code   RO          932    i.SetMode           phy_dp83848c.o
    0x00004c80   0x00004c80   0x0000002c   Code   RO         1317    i.Set_Channel_active_flag  gpdma_lpc17xx.o
    0x00004cac   0x00004cac   0x000000d0   Code   RO         1497    i.SystemCoreClockUpdate  system_lpc17xx.o
    0x00004d7c   0x00004d7c   0x000000d0   Code   RO         1498    i.SystemInit        system_lpc17xx.o
    0x00004e4c   0x00004e4c   0x00000010   Code   RO           94    i.Timer_SNTP_callback  http_server.o
    0x00004e5c   0x00004e5c   0x00000014   Code   RO          933    i.Uninitialize      phy_dp83848c.o
    0x00004e70   0x00004e70   0x000000c8   Code   RO         1006    i.Uninitialize      emac_lpc17xx.o
    0x00004f38   0x00004f38   0x00000028   Code   RO         3394    i.__0sprintf        mc_w.l(printfa.o)
    0x00004f60   0x00004f60   0x0000001a   Code   RO         1165    i.__NVIC_ClearPendingIRQ  ssp_lpc17xx.o
    0x00004f7a   0x00004f7a   0x0000001a   Code   RO         1318    i.__NVIC_ClearPendingIRQ  gpdma_lpc17xx.o
    0x00004f94   0x00004f94   0x00000008   Code   RO         3459    i.__aeabi_errno_addr  mc_w.l(errno.o)
    0x00004f9c   0x00004f9c   0x0000000e   Code   RO         3533    i.__scatterload_copy  mc_w.l(handlers.o)
    0x00004faa   0x00004faa   0x0000000e   Code   RO         3535    i.__scatterload_zeroinit  mc_w.l(handlers.o)
    0x00004fb8   0x00004fb8   0x00000184   Code   RO         3399    i._fp_digits        mc_w.l(printfa.o)
    0x0000513c   0x0000513c   0x000006dc   Code   RO         3400    i._printf_core      mc_w.l(printfa.o)
    0x00005818   0x00005818   0x00000024   Code   RO         3401    i._printf_post_padding  mc_w.l(printfa.o)
    0x0000583c   0x0000583c   0x0000002e   Code   RO         3402    i._printf_pre_padding  mc_w.l(printfa.o)
    0x0000586a   0x0000586a   0x0000000a   Code   RO         3404    i._sputc            mc_w.l(printfa.o)
    0x00005874   0x00005874   0x00000064   Code   RO          370    i.actualizar        lcd.o
    0x000058d8   0x000058d8   0x00000074   Code   RO           95    i.actualizarIPMAC   http_server.o
    0x0000594c   0x0000594c   0x00000058   Code   RO           96    i.actualizarLed     http_server.o
    0x000059a4   0x000059a4   0x00000034   Code   RO         2415    i.add_server_id     Net_CM3_L.lib(net_http_server.o)
    0x000059d8   0x000059d8   0x000000c0   Code   RO           97    i.app_main          http_server.o
    0x00005a98   0x00005a98   0x00000084   Code   RO         2856    i.arp_cache_alloc   Net_CM3_L.lib(net_arp.o)
    0x00005b1c   0x00005b1c   0x00000040   Code   RO         2857    i.arp_is_cacheable  Net_CM3_L.lib(net_arp.o)
    0x00005b5c   0x00005b5c   0x00000040   Code   RO         2858    i.arp_probe_run     Net_CM3_L.lib(net_arp.o)
    0x00005b9c   0x00005b9c   0x000000b8   Code   RO         2859    i.arp_proc_response  Net_CM3_L.lib(net_arp.o)
    0x00005c54   0x00005c54   0x0000001a   Code   RO         2860    i.arp_que_free      Net_CM3_L.lib(net_arp.o)
    0x00005c6e   0x00005c6e   0x00000002   PAD
    0x00005c70   0x00005c70   0x00000078   Code   RO         2861    i.arp_send_reply    Net_CM3_L.lib(net_arp.o)
    0x00005ce8   0x00005ce8   0x000000a0   Code   RO         2862    i.arp_send_request  Net_CM3_L.lib(net_arp.o)
    0x00005d88   0x00005d88   0x00000068   Code   RO         2863    i.arp_sender_valid  Net_CM3_L.lib(net_arp.o)
    0x00005df0   0x00005df0   0x0000000a   Code   RO          797    i.blueOn            rgb.o
    0x00005dfa   0x00005dfa   0x00000024   Code   RO           98    i.borrarSector      http_server.o
    0x00005e1e   0x00005e1e   0x00000002   PAD
    0x00005e20   0x00005e20   0x00000170   Code   RO         2416    i.chk_post_req      Net_CM3_L.lib(net_http_server.o)
    0x00005f90   0x00005f90   0x000000b0   Code   RO          371    i.copy_to_lcd       lcd.o
    0x00006040   0x00006040   0x00000028   Code   RO         3098    i.crc32_8bit        Net_CM3_L.lib(net_common.o)
    0x00006068   0x00006068   0x00000038   Code   RO           99    i.escribirFlash     http_server.o
    0x000060a0   0x000060a0   0x000000c4   Code   RO         2154    i.eth_check_link    Net_CM3_L.lib(net_eth.o)
    0x00006164   0x00006164   0x0000000c   Code   RO         2155    i.eth_lock          Net_CM3_L.lib(net_eth.o)
    0x00006170   0x00006170   0x0000001c   Code   RO         2156    i.eth_mtu_limit     Net_CM3_L.lib(net_eth.o)
    0x0000618c   0x0000618c   0x00000014   Code   RO         2157    i.eth_notify        Net_CM3_L.lib(net_eth.o)
    0x000061a0   0x000061a0   0x00000044   Code   RO         2158    i.eth_opt_len       Net_CM3_L.lib(net_eth.o)
    0x000061e4   0x000061e4   0x00000084   Code   RO         2159    i.eth_receive       Net_CM3_L.lib(net_eth.o)
    0x00006268   0x00006268   0x0000000c   Code   RO         2160    i.eth_unlock        Net_CM3_L.lib(net_eth.o)
    0x00006274   0x00006274   0x0000007c   Code   RO         2217    i.frag_map_session  Net_CM3_L.lib(net_ip4_frag.o)
    0x000062f0   0x000062f0   0x0000001e   Code   RO          100    i.getAdcSetRGB      http_server.o
    0x0000630e   0x0000630e   0x00000002   PAD
    0x00006310   0x00006310   0x00000010   Code   RO          522    i.getAnio           rtc.o
    0x00006320   0x00006320   0x00000010   Code   RO          523    i.getDia            rtc.o
    0x00006330   0x00006330   0x00000024   Code   RO          101    i.getEstadoLeds     http_server.o
    0x00006354   0x00006354   0x00000010   Code   RO          524    i.getHora           rtc.o
    0x00006364   0x00006364   0x00000010   Code   RO          525    i.getMes            rtc.o
    0x00006374   0x00006374   0x00000010   Code   RO          526    i.getMin            rtc.o
    0x00006384   0x00006384   0x0000003c   Code   RO          102    i.getNumber         http_server.o
    0x000063c0   0x000063c0   0x00000010   Code   RO          527    i.getSeg            rtc.o
    0x000063d0   0x000063d0   0x0000002e   Code   RO          528    i.getTotalSeconds   rtc.o
    0x000063fe   0x000063fe   0x00000028   Code   RO         2417    i.get_next_field    Net_CM3_L.lib(net_http_server.o)
    0x00006426   0x00006426   0x00000032   Code   RO         2418    i.get_next_par      Net_CM3_L.lib(net_http_server.o)
    0x00006458   0x00006458   0x00000010   Code   RO          623    i.get_time          sntp.o
    0x00006468   0x00006468   0x00000022   Code   RO         2419    i.hex2byte          Net_CM3_L.lib(net_http_server.o)
    0x0000648a   0x0000648a   0x00000002   PAD
    0x0000648c   0x0000648c   0x0000033c   Code   RO         2420    i.http_add_header   Net_CM3_L.lib(net_http_server.o)
    0x000067c8   0x000067c8   0x00000194   Code   RO         2421    i.http_error_msg    Net_CM3_L.lib(net_http_server.o)
    0x0000695c   0x0000695c   0x00000078   Code   RO         2422    i.http_get_ftype    Net_CM3_L.lib(net_http_server.o)
    0x000069d4   0x000069d4   0x0000005e   Code   RO         2423    i.http_kill_session  Net_CM3_L.lib(net_http_server.o)
    0x00006a32   0x00006a32   0x00000002   PAD
    0x00006a34   0x00006a34   0x00000210   Code   RO         2424    i.http_listener     Net_CM3_L.lib(net_http_server.o)
    0x00006c44   0x00006c44   0x00000118   Code   RO         2425    i.http_open_file    Net_CM3_L.lib(net_http_server.o)
    0x00006d5c   0x00006d5c   0x00000108   Code   RO         2426    i.http_parse_header  Net_CM3_L.lib(net_http_server.o)
    0x00006e64   0x00006e64   0x00000164   Code   RO         2427    i.http_proc_multipart  Net_CM3_L.lib(net_http_server.o)
    0x00006fc8   0x00006fc8   0x000000f4   Code   RO         2428    i.http_proc_post    Net_CM3_L.lib(net_http_server.o)
    0x000070bc   0x000070bc   0x000003c0   Code   RO         2429    i.http_server_run   Net_CM3_L.lib(net_http_server.o)
    0x0000747c   0x0000747c   0x00000050   Code   RO         2430    i.http_server_start  Net_CM3_L.lib(net_http_server.o)
    0x000074cc   0x000074cc   0x00000020   Code   RO         2431    i.http_strcpy       Net_CM3_L.lib(net_http_server.o)
    0x000074ec   0x000074ec   0x000000a4   Code   RO         2432    i.http_to_utc       Net_CM3_L.lib(net_http_server.o)
    0x00007590   0x00007590   0x0000005c   Code   RO          314    i.imageFileInfo     web.o
    0x000075ec   0x000075ec   0x0000002c   Code   RO          667    i.initPulsador      switch.o
    0x00007618   0x00007618   0x00000048   Code   RO          529    i.initRTC           rtc.o
    0x00007660   0x00007660   0x00000054   Code   RO          799    i.init_RGB          rgb.o
    0x000076b4   0x000076b4   0x00000034   Code   RO          334    i.init_adc          adc.o
    0x000076e8   0x000076e8   0x00000094   Code   RO          373    i.init_lcd          lcd.o
    0x0000777c   0x0000777c   0x00000058   Code   RO         1007    i.init_rx_desc      emac_lpc17xx.o
    0x000077d4   0x000077d4   0x0000004c   Code   RO         1008    i.init_tx_desc      emac_lpc17xx.o
    0x00007820   0x00007820   0x00000038   Code   RO         2972    i.ip4_dispatch      Net_CM3_L.lib(net_ip4.o)
    0x00007858   0x00007858   0x0000000a   Code   RO         2973    i.ip4_get_chksum    Net_CM3_L.lib(net_ip4.o)
    0x00007862   0x00007862   0x00000002   PAD
    0x00007864   0x00007864   0x00000020   Code   RO         2974    i.ip4_get_mtu       Net_CM3_L.lib(net_ip4.o)
    0x00007884   0x00007884   0x000000a0   Code   RO         2975    i.ip4_get_route     Net_CM3_L.lib(net_ip4.o)
    0x00007924   0x00007924   0x00000034   Code   RO         2621    i.ip4_ntoa          Net_CM3_L.lib(net_addr.o)
    0x00007958   0x00007958   0x00000048   Code   RO         3022    i.ip6_get_route     Net_CM3_L.lib(net_ip6.o)
    0x000079a0   0x000079a0   0x000000d4   Code   RO         2622    i.ip6_ntoa          Net_CM3_L.lib(net_addr.o)
    0x00007a74   0x00007a74   0x0000001c   Code   RO          374    i.lcd_clean         lcd.o
    0x00007a90   0x00007a90   0x00000028   Code   RO            4    i.main              main.o
    0x00007ab8   0x00007ab8   0x0000002c   Code   RO          335    i.medida_adc        adc.o
    0x00007ae4   0x00007ae4   0x0000000c   Code   RO         3075    i.mem_lock          Net_CM3_L.lib(net_mem.o)
    0x00007af0   0x00007af0   0x0000000c   Code   RO         3076    i.mem_unlock        Net_CM3_L.lib(net_mem.o)
    0x00007afc   0x00007afc   0x00000094   Code   RO         2912    i.ndp_cache_add     Net_CM3_L.lib(net_ndp.o)
    0x00007b90   0x00007b90   0x0000008c   Code   RO         2913    i.ndp_cache_alloc   Net_CM3_L.lib(net_ndp.o)
    0x00007c1c   0x00007c1c   0x0000002c   Code   RO         2914    i.ndp_check_frame   Net_CM3_L.lib(net_ndp.o)
    0x00007c48   0x00007c48   0x0000005c   Code   RO         2915    i.ndp_is_onlink     Net_CM3_L.lib(net_ndp.o)
    0x00007ca4   0x00007ca4   0x00000012   Code   RO         2916    i.ndp_next_opt      Net_CM3_L.lib(net_ndp.o)
    0x00007cb6   0x00007cb6   0x00000002   PAD
    0x00007cb8   0x00007cb8   0x000000b4   Code   RO         2917    i.ndp_prefix_add    Net_CM3_L.lib(net_ndp.o)
    0x00007d6c   0x00007d6c   0x00000040   Code   RO         2918    i.ndp_probe_run     Net_CM3_L.lib(net_ndp.o)
    0x00007dac   0x00007dac   0x000000b4   Code   RO         2919    i.ndp_proc_response  Net_CM3_L.lib(net_ndp.o)
    0x00007e60   0x00007e60   0x0000001a   Code   RO         2920    i.ndp_que_free      Net_CM3_L.lib(net_ndp.o)
    0x00007e7a   0x00007e7a   0x00000002   PAD
    0x00007e7c   0x00007e7c   0x0000003c   Code   RO         2921    i.ndp_router_remove  Net_CM3_L.lib(net_ndp.o)
    0x00007eb8   0x00007eb8   0x0000006c   Code   RO         2922    i.ndp_send_reply    Net_CM3_L.lib(net_ndp.o)
    0x00007f24   0x00007f24   0x00000084   Code   RO         2923    i.ndp_send_request  Net_CM3_L.lib(net_ndp.o)
    0x00007fa8   0x00007fa8   0x00000140   Code   RO         2924    i.ndp_slaac_run     Net_CM3_L.lib(net_ndp.o)
    0x000080e8   0x000080e8   0x00000004   Code   RO         2433    i.netCGI_Charset    Net_CM3_L.lib(net_http_server.o)
    0x000080ec   0x000080ec   0x00000004   Code   RO         2434    i.netCGI_ContentType  Net_CM3_L.lib(net_http_server.o)
    0x000080f0   0x000080f0   0x0000006c   Code   RO         2435    i.netCGI_GetEnvVar  Net_CM3_L.lib(net_http_server.o)
    0x0000815c   0x0000815c   0x000001fc   Code   RO          256    i.netCGI_ProcessData  http_server_cgi.o
    0x00008358   0x00008358   0x000000c4   Code   RO          257    i.netCGI_ProcessQuery  http_server_cgi.o
    0x0000841c   0x0000841c   0x00000004   Code   RO         2438    i.netCGI_Redirect   Net_CM3_L.lib(net_http_server.o)
    0x00008420   0x00008420   0x0000038c   Code   RO          258    i.netCGI_Script     http_server_cgi.o
    0x000087ac   0x000087ac   0x00000004   Code   RO         2440    i.netCGX_ContentType  Net_CM3_L.lib(net_http_server.o)
    0x000087b0   0x000087b0   0x00000068   Code   RO         2577    i.netCore_Thread    Net_CM3_L.lib(net_sys.o)
    0x00008818   0x00008818   0x00000002   Code   RO         2161    i.netETH_Notify     Net_CM3_L.lib(net_eth.o)
    0x0000881a   0x0000881a   0x00000002   Code   RO         2162    i.netETH_ReceiveRaw  Net_CM3_L.lib(net_eth.o)
    0x0000881c   0x0000881c   0x0000003c   Code   RO         2164    i.netETH_Thread     Net_CM3_L.lib(net_eth.o)
    0x00008858   0x00008858   0x00000004   Code   RO         2441    i.netHTTPs_AcceptClient  Net_CM3_L.lib(net_http_server.o)
    0x0000885c   0x0000885c   0x00000004   Code   RO         2442    i.netHTTPs_FileAccess  Net_CM3_L.lib(net_http_server.o)
    0x00008860   0x00008860   0x00000020   Code   RO         2445    i.netHTTPs_GetLanguage  Net_CM3_L.lib(net_http_server.o)
    0x00008880   0x00008880   0x0000000c   Code   RO         2446    i.netHTTPs_GetPassword  Net_CM3_L.lib(net_http_server.o)
    0x0000888c   0x0000888c   0x0000000c   Code   RO         2452    i.netHTTPs_LoginActive  Net_CM3_L.lib(net_http_server.o)
    0x00008898   0x00008898   0x00000044   Code   RO         2455    i.netHTTPs_SetPassword  Net_CM3_L.lib(net_http_server.o)
    0x000088dc   0x000088dc   0x00000002   Code   RO         1535    i.netHTTPs_fclose   net_config.o
    0x000088de   0x000088de   0x00000004   Code   RO         1536    i.netHTTPs_fgets    net_config.o
    0x000088e2   0x000088e2   0x00000004   Code   RO         1537    i.netHTTPs_fopen    net_config.o
    0x000088e6   0x000088e6   0x00000004   Code   RO         1538    i.netHTTPs_fread    net_config.o
    0x000088ea   0x000088ea   0x00000002   Code   RO         1539    i.netHTTPs_fstat    net_config.o
    0x000088ec   0x000088ec   0x00000080   Code   RO         2578    i.netIF_GetOption   Net_CM3_L.lib(net_sys.o)
    0x0000896c   0x0000896c   0x00000080   Code   RO         2580    i.netIF_SetOption   Net_CM3_L.lib(net_sys.o)
    0x000089ec   0x000089ec   0x0000001a   Code   RO         2624    i.netIP_aton        Net_CM3_L.lib(net_addr.o)
    0x00008a06   0x00008a06   0x00000032   Code   RO         2625    i.netIP_ntoa        Net_CM3_L.lib(net_addr.o)
    0x00008a38   0x00008a38   0x00000070   Code   RO         2581    i.netInitialize     Net_CM3_L.lib(net_sys.o)
    0x00008aa8   0x00008aa8   0x0000007c   Code   RO         2626    i.netMAC_aton       Net_CM3_L.lib(net_addr.o)
    0x00008b24   0x00008b24   0x0000001c   Code   RO         2532    i.netSNTPc_GetTime  Net_CM3_L.lib(net_sntp_client_core.o)
    0x00008b40   0x00008b40   0x00000004   Code   RO         2298    i.netTCP_GetLocalPort  Net_CM3_L.lib(net_tcp.o)
    0x00008b44   0x00008b44   0x00000020   Code   RO         2300    i.netTCP_GetPeer    Net_CM3_L.lib(net_tcp.o)
    0x00008b64   0x00008b64   0x00000004   Code   RO         2302    i.netTCP_GetState   Net_CM3_L.lib(net_tcp.o)
    0x00008b68   0x00008b68   0x00000004   Code   RO         2303    i.netTCP_GetTimer   Net_CM3_L.lib(net_tcp.o)
    0x00008b6c   0x00008b6c   0x00000068   Code   RO         2628    i.net_addr4_aton    Net_CM3_L.lib(net_addr.o)
    0x00008bd4   0x00008bd4   0x0000001a   Code   RO         2629    i.net_addr4_is_subnet  Net_CM3_L.lib(net_addr.o)
    0x00008bee   0x00008bee   0x0000001e   Code   RO         2631    i.net_addr4_to_mac  Net_CM3_L.lib(net_addr.o)
    0x00008c0c   0x00008c0c   0x000000f4   Code   RO         2632    i.net_addr6_aton    Net_CM3_L.lib(net_addr.o)
    0x00008d00   0x00008d00   0x00000028   Code   RO         2633    i.net_addr6_comp    Net_CM3_L.lib(net_addr.o)
    0x00008d28   0x00008d28   0x00000012   Code   RO         2634    i.net_addr6_copy    Net_CM3_L.lib(net_addr.o)
    0x00008d3a   0x00008d3a   0x00000002   PAD
    0x00008d3c   0x00008d3c   0x0000004c   Code   RO         2635    i.net_addr6_create  Net_CM3_L.lib(net_addr.o)
    0x00008d88   0x00008d88   0x00000028   Code   RO         2636    i.net_addr6_get_solicited  Net_CM3_L.lib(net_addr.o)
    0x00008db0   0x00008db0   0x00000018   Code   RO         2637    i.net_addr6_is_linklocal  Net_CM3_L.lib(net_addr.o)
    0x00008dc8   0x00008dc8   0x0000006c   Code   RO         2638    i.net_addr6_is_onlink  Net_CM3_L.lib(net_addr.o)
    0x00008e34   0x00008e34   0x00000048   Code   RO         2639    i.net_addr6_is_solicited  Net_CM3_L.lib(net_addr.o)
    0x00008e7c   0x00008e7c   0x00000018   Code   RO         2640    i.net_addr6_is_unspec  Net_CM3_L.lib(net_addr.o)
    0x00008e94   0x00008e94   0x0000000e   Code   RO         2642    i.net_addr6_to_mac  Net_CM3_L.lib(net_addr.o)
    0x00008ea2   0x00008ea2   0x0000002c   Code   RO         2643    i.net_addr_comp     Net_CM3_L.lib(net_addr.o)
    0x00008ece   0x00008ece   0x0000001a   Code   RO         2644    i.net_addr_copy     Net_CM3_L.lib(net_addr.o)
    0x00008ee8   0x00008ee8   0x0000000e   Code   RO         2646    i.net_addr_get_local  Net_CM3_L.lib(net_addr.o)
    0x00008ef6   0x00008ef6   0x00000022   Code   RO         2647    i.net_addr_is_unspec  Net_CM3_L.lib(net_addr.o)
    0x00008f18   0x00008f18   0x000000a4   Code   RO         2869    i.net_arp_cache_add  Net_CM3_L.lib(net_arp.o)
    0x00008fbc   0x00008fbc   0x00000088   Code   RO         2870    i.net_arp_cache_early  Net_CM3_L.lib(net_arp.o)
    0x00009044   0x00009044   0x00000080   Code   RO         2871    i.net_arp_cache_find  Net_CM3_L.lib(net_arp.o)
    0x000090c4   0x000090c4   0x00000064   Code   RO         2872    i.net_arp_enqueue   Net_CM3_L.lib(net_arp.o)
    0x00009128   0x00009128   0x00000034   Code   RO         2874    i.net_arp_init      Net_CM3_L.lib(net_arp.o)
    0x0000915c   0x0000915c   0x00000028   Code   RO         2875    i.net_arp_notify    Net_CM3_L.lib(net_arp.o)
    0x00009184   0x00009184   0x0000014c   Code   RO         2877    i.net_arp_process   Net_CM3_L.lib(net_arp.o)
    0x000092d0   0x000092d0   0x000000f4   Code   RO         2878    i.net_arp_run       Net_CM3_L.lib(net_arp.o)
    0x000093c4   0x000093c4   0x00000018   Code   RO         3100    i.net_crc_buf       Net_CM3_L.lib(net_common.o)
    0x000093dc   0x000093dc   0x000000c0   Code   RO         2166    i.net_eth_get_option  Net_CM3_L.lib(net_eth.o)
    0x0000949c   0x0000949c   0x00000244   Code   RO         2167    i.net_eth_iface_init  Net_CM3_L.lib(net_eth.o)
    0x000096e0   0x000096e0   0x00000228   Code   RO         2168    i.net_eth_iface_run  Net_CM3_L.lib(net_eth.o)
    0x00009908   0x00009908   0x00000094   Code   RO         2170    i.net_eth_output    Net_CM3_L.lib(net_eth.o)
    0x0000999c   0x0000999c   0x000000fc   Code   RO         2171    i.net_eth_send_frame  Net_CM3_L.lib(net_eth.o)
    0x00009a98   0x00009a98   0x00000148   Code   RO         2172    i.net_eth_set_option  Net_CM3_L.lib(net_eth.o)
    0x00009be0   0x00009be0   0x00000064   Code   RO         2173    i.net_eth_update_filter  Net_CM3_L.lib(net_eth.o)
    0x00009c44   0x00009c44   0x000000a8   Code   RO         2461    i.net_http_server_init  Net_CM3_L.lib(net_http_server.o)
    0x00009cec   0x00009cec   0x00000028   Code   RO         2462    i.net_http_server_run  Net_CM3_L.lib(net_http_server.o)
    0x00009d14   0x00009d14   0x00000134   Code   RO         3055    i.net_icmp6_process  Net_CM3_L.lib(net_icmp6.o)
    0x00009e48   0x00009e48   0x0000005c   Code   RO         3056    i.net_icmp6_send    Net_CM3_L.lib(net_icmp6.o)
    0x00009ea4   0x00009ea4   0x00000050   Code   RO         3057    i.net_icmp6_send_echo  Net_CM3_L.lib(net_icmp6.o)
    0x00009ef4   0x00009ef4   0x000000f4   Code   RO         3012    i.net_icmp_process  Net_CM3_L.lib(net_icmp.o)
    0x00009fe8   0x00009fe8   0x00000080   Code   RO         3013    i.net_icmp_send_echo  Net_CM3_L.lib(net_icmp.o)
    0x0000a068   0x0000a068   0x00000004   Code   RO         1542    i.net_igmp_collect_addr  net_config.o
    0x0000a06c   0x0000a06c   0x00000004   Code   RO         1543    i.net_igmp_is_member  net_config.o
    0x0000a070   0x0000a070   0x00000002   Code   RO         1544    i.net_igmp_process  net_config.o
    0x0000a072   0x0000a072   0x0000004c   Code   RO         2976    i.net_ip4_checksum  Net_CM3_L.lib(net_ip4.o)
    0x0000a0be   0x0000a0be   0x00000002   PAD
    0x0000a0c0   0x0000a0c0   0x00000100   Code   RO         2977    i.net_ip4_chk_frame  Net_CM3_L.lib(net_ip4.o)
    0x0000a1c0   0x0000a1c0   0x00000032   Code   RO         2978    i.net_ip4_chksum_buf  Net_CM3_L.lib(net_ip4.o)
    0x0000a1f2   0x0000a1f2   0x00000002   PAD
    0x0000a1f4   0x0000a1f4   0x00000124   Code   RO         2218    i.net_ip4_frag_add  Net_CM3_L.lib(net_ip4_frag.o)
    0x0000a318   0x0000a318   0x000000ac   Code   RO         2219    i.net_ip4_frag_get  Net_CM3_L.lib(net_ip4_frag.o)
    0x0000a3c4   0x0000a3c4   0x00000010   Code   RO         2220    i.net_ip4_frag_init  Net_CM3_L.lib(net_ip4_frag.o)
    0x0000a3d4   0x0000a3d4   0x0000003c   Code   RO         2221    i.net_ip4_frag_run  Net_CM3_L.lib(net_ip4_frag.o)
    0x0000a410   0x0000a410   0x00000040   Code   RO         2980    i.net_ip4_get_local  Net_CM3_L.lib(net_ip4.o)
    0x0000a450   0x0000a450   0x0000004c   Code   RO         2981    i.net_ip4_init      Net_CM3_L.lib(net_ip4.o)
    0x0000a49c   0x0000a49c   0x00000034   Code   RO         2982    i.net_ip4_is_subcast  Net_CM3_L.lib(net_ip4.o)
    0x0000a4d0   0x0000a4d0   0x0000000e   Code   RO         2983    i.net_ip4_reass_frame  Net_CM3_L.lib(net_ip4.o)
    0x0000a4de   0x0000a4de   0x00000002   PAD
    0x0000a4e0   0x0000a4e0   0x00000110   Code   RO         2984    i.net_ip4_send_frame  Net_CM3_L.lib(net_ip4.o)
    0x0000a5f0   0x0000a5f0   0x0000005c   Code   RO         2986    i.net_ip4_tx_offload  Net_CM3_L.lib(net_ip4.o)
    0x0000a64c   0x0000a64c   0x00000052   Code   RO         3023    i.net_ip6_checksum  Net_CM3_L.lib(net_ip6.o)
    0x0000a69e   0x0000a69e   0x00000002   PAD
    0x0000a6a0   0x0000a6a0   0x000000a8   Code   RO         3024    i.net_ip6_chk_frame  Net_CM3_L.lib(net_ip6.o)
    0x0000a748   0x0000a748   0x00000088   Code   RO         3025    i.net_ip6_collect_addr  Net_CM3_L.lib(net_ip6.o)
    0x0000a7d0   0x0000a7d0   0x00000064   Code   RO         3027    i.net_ip6_get_local  Net_CM3_L.lib(net_ip6.o)
    0x0000a834   0x0000a834   0x0000003c   Code   RO         3028    i.net_ip6_init      Net_CM3_L.lib(net_ip6.o)
    0x0000a870   0x0000a870   0x000000c8   Code   RO         3029    i.net_ip6_send_frame  Net_CM3_L.lib(net_ip6.o)
    0x0000a938   0x0000a938   0x0000000c   Code   RO         3031    i.net_ip6_tx_netif  Net_CM3_L.lib(net_ip6.o)
    0x0000a944   0x0000a944   0x00000030   Code   RO         3032    i.net_ip6_tx_offload  Net_CM3_L.lib(net_ip6.o)
    0x0000a974   0x0000a974   0x00000028   Code   RO         2201    i.net_loop_iface_init  Net_CM3_L.lib(net_loopback.o)
    0x0000a99c   0x0000a99c   0x00000094   Code   RO         2202    i.net_loop_iface_run  Net_CM3_L.lib(net_loopback.o)
    0x0000aa30   0x0000aa30   0x0000004c   Code   RO         2204    i.net_loop_send_frame  Net_CM3_L.lib(net_loopback.o)
    0x0000aa7c   0x0000aa7c   0x0000008c   Code   RO         3077    i.net_mem_alloc     Net_CM3_L.lib(net_mem.o)
    0x0000ab08   0x0000ab08   0x0000001c   Code   RO         3078    i.net_mem_avail     Net_CM3_L.lib(net_mem.o)
    0x0000ab24   0x0000ab24   0x0000006c   Code   RO         3079    i.net_mem_free      Net_CM3_L.lib(net_mem.o)
    0x0000ab90   0x0000ab90   0x00000060   Code   RO         3080    i.net_mem_init      Net_CM3_L.lib(net_mem.o)
    0x0000abf0   0x0000abf0   0x00000038   Code   RO         3081    i.net_mem_shrink    Net_CM3_L.lib(net_mem.o)
    0x0000ac28   0x0000ac28   0x000000a4   Code   RO         2929    i.net_ndp_cache_find  Net_CM3_L.lib(net_ndp.o)
    0x0000accc   0x0000accc   0x00000054   Code   RO         2931    i.net_ndp_cache_refresh  Net_CM3_L.lib(net_ndp.o)
    0x0000ad20   0x0000ad20   0x00000060   Code   RO         2932    i.net_ndp_enqueue   Net_CM3_L.lib(net_ndp.o)
    0x0000ad80   0x0000ad80   0x0000004c   Code   RO         2934    i.net_ndp_init      Net_CM3_L.lib(net_ndp.o)
    0x0000adcc   0x0000adcc   0x00000240   Code   RO         2935    i.net_ndp_process   Net_CM3_L.lib(net_ndp.o)
    0x0000b00c   0x0000b00c   0x000000d0   Code   RO         2936    i.net_ndp_run       Net_CM3_L.lib(net_ndp.o)
    0x0000b0dc   0x0000b0dc   0x00000034   Code   RO         2585    i.net_path          Net_CM3_L.lib(net_sys.o)
    0x0000b110   0x0000b110   0x00000010   Code   RO         2558    i.net_ping_client_init  Net_CM3_L.lib(net_ping_core.o)
    0x0000b120   0x0000b120   0x00000040   Code   RO         2559    i.net_ping_client_run  Net_CM3_L.lib(net_ping_core.o)
    0x0000b160   0x0000b160   0x0000001c   Code   RO         2586    i.net_rand32        Net_CM3_L.lib(net_sys.o)
    0x0000b17c   0x0000b17c   0x00000044   Code   RO         2534    i.net_sntp_client_init  Net_CM3_L.lib(net_sntp_client_core.o)
    0x0000b1c0   0x0000b1c0   0x00000048   Code   RO         2535    i.net_sntp_client_run  Net_CM3_L.lib(net_sntp_client_core.o)
    0x0000b208   0x0000b208   0x000000ec   Code   RO         2536    i.net_sntp_client_start  Net_CM3_L.lib(net_sntp_client_core.o)
    0x0000b2f4   0x0000b2f4   0x0000002e   Code   RO         3101    i.net_strcasecmp    Net_CM3_L.lib(net_common.o)
    0x0000b322   0x0000b322   0x0000001a   Code   RO         3103    i.net_strcmp        Net_CM3_L.lib(net_common.o)
    0x0000b33c   0x0000b33c   0x00000012   Code   RO         3104    i.net_strcpy        Net_CM3_L.lib(net_common.o)
    0x0000b34e   0x0000b34e   0x0000001c   Code   RO         3106    i.net_strnchr       Net_CM3_L.lib(net_common.o)
    0x0000b36a   0x0000b36a   0x00000002   Code   RO         1545    i.net_sys_error     net_config.o
    0x0000b36c   0x0000b36c   0x0000000c   Code   RO         2587    i.net_sys_lock      Net_CM3_L.lib(net_sys.o)
    0x0000b378   0x0000b378   0x00000014   Code   RO         2590    i.net_sys_tick      Net_CM3_L.lib(net_sys.o)
    0x0000b38c   0x0000b38c   0x0000000c   Code   RO         2591    i.net_sys_unlock    Net_CM3_L.lib(net_sys.o)
    0x0000b398   0x0000b398   0x00000020   Code   RO         2593    i.net_sys_wakeup    Net_CM3_L.lib(net_sys.o)
    0x0000b3b8   0x0000b3b8   0x0000005c   Code   RO         2310    i.net_tcp_abort     Net_CM3_L.lib(net_tcp.o)
    0x0000b414   0x0000b414   0x000000ac   Code   RO         2313    i.net_tcp_close     Net_CM3_L.lib(net_tcp.o)
    0x0000b4c0   0x0000b4c0   0x0000001e   Code   RO         2317    i.net_tcp_get_buf   Net_CM3_L.lib(net_tcp.o)
    0x0000b4de   0x0000b4de   0x00000002   PAD
    0x0000b4e0   0x0000b4e0   0x00000034   Code   RO         2318    i.net_tcp_get_local_port  Net_CM3_L.lib(net_tcp.o)
    0x0000b514   0x0000b514   0x00000028   Code   RO         2319    i.net_tcp_get_mss   Net_CM3_L.lib(net_tcp.o)
    0x0000b53c   0x0000b53c   0x00000054   Code   RO         2321    i.net_tcp_get_peer  Net_CM3_L.lib(net_tcp.o)
    0x0000b590   0x0000b590   0x00000044   Code   RO         2322    i.net_tcp_get_socket  Net_CM3_L.lib(net_tcp.o)
    0x0000b5d4   0x0000b5d4   0x0000002c   Code   RO         2323    i.net_tcp_get_state  Net_CM3_L.lib(net_tcp.o)
    0x0000b600   0x0000b600   0x00000034   Code   RO         2324    i.net_tcp_get_timer  Net_CM3_L.lib(net_tcp.o)
    0x0000b634   0x0000b634   0x0000007c   Code   RO         2325    i.net_tcp_listen    Net_CM3_L.lib(net_tcp.o)
    0x0000b6b0   0x0000b6b0   0x00000512   Code   RO         2327    i.net_tcp_process   Net_CM3_L.lib(net_tcp.o)
    0x0000bbc2   0x0000bbc2   0x00000002   PAD
    0x0000bbc4   0x0000bbc4   0x000000e8   Code   RO         2331    i.net_tcp_send      Net_CM3_L.lib(net_tcp.o)
    0x0000bcac   0x0000bcac   0x000000a4   Code   RO         2333    i.net_tcp_set_option  Net_CM3_L.lib(net_tcp.o)
    0x0000bd50   0x0000bd50   0x00000014   Code   RO         2334    i.net_tcp_socket_init  Net_CM3_L.lib(net_tcp.o)
    0x0000bd64   0x0000bd64   0x0000030c   Code   RO         2335    i.net_tcp_socket_run  Net_CM3_L.lib(net_tcp.o)
    0x0000c070   0x0000c070   0x0000002c   Code   RO         2246    i.net_udp_close     Net_CM3_L.lib(net_udp.o)
    0x0000c09c   0x0000c09c   0x0000001e   Code   RO         2249    i.net_udp_get_buf   Net_CM3_L.lib(net_udp.o)
    0x0000c0ba   0x0000c0ba   0x00000002   PAD
    0x0000c0bc   0x0000c0bc   0x00000044   Code   RO         2252    i.net_udp_get_socket  Net_CM3_L.lib(net_udp.o)
    0x0000c100   0x0000c100   0x00000070   Code   RO         2254    i.net_udp_open      Net_CM3_L.lib(net_udp.o)
    0x0000c170   0x0000c170   0x0000010c   Code   RO         2255    i.net_udp_process   Net_CM3_L.lib(net_udp.o)
    0x0000c27c   0x0000c27c   0x00000178   Code   RO         2257    i.net_udp_send      Net_CM3_L.lib(net_udp.o)
    0x0000c3f4   0x0000c3f4   0x00000014   Code   RO         2259    i.net_udp_socket_init  Net_CM3_L.lib(net_udp.o)
    0x0000c408   0x0000c408   0x00000030   Code   RO         1546    i.netif_create      net_config.o
    0x0000c438   0x0000c438   0x00000008   Code   RO         1548    i.netif_lock        net_config.o
    0x0000c440   0x0000c440   0x00000004   Code   RO         1549    i.netif_unlock      net_config.o
    0x0000c444   0x0000c444   0x00000004   Code   RO         1550    i.netos_delay       net_config.o
    0x0000c448   0x0000c448   0x00000006   Code   RO         1551    i.netos_flag_clear  net_config.o
    0x0000c44e   0x0000c44e   0x00000004   Code   RO         1552    i.netos_flag_set    net_config.o
    0x0000c452   0x0000c452   0x00000008   Code   RO         1553    i.netos_flag_wait   net_config.o
    0x0000c45a   0x0000c45a   0x00000008   Code   RO         1554    i.netos_lock        net_config.o
    0x0000c462   0x0000c462   0x00000002   PAD
    0x0000c464   0x0000c464   0x00000014   Code   RO         1555    i.netos_mutex_create  net_config.o
    0x0000c478   0x0000c478   0x00000014   Code   RO         1557    i.netos_thread_create  net_config.o
    0x0000c48c   0x0000c48c   0x00000004   Code   RO         1560    i.netos_thread_pass  net_config.o
    0x0000c490   0x0000c490   0x00000014   Code   RO         1561    i.netos_timer_create  net_config.o
    0x0000c4a4   0x0000c4a4   0x00000004   Code   RO         1563    i.netos_timer_start  net_config.o
    0x0000c4a8   0x0000c4a8   0x00000004   Code   RO         1564    i.netos_unlock      net_config.o
    0x0000c4ac   0x0000c4ac   0x00000002   Code   RO          895    i.osRtxErrorNotify  rtx_config.o
    0x0000c4ae   0x0000c4ae   0x00000002   Code   RO          896    i.osRtxIdleThread   rtx_config.o
    0x0000c4b0   0x0000c4b0   0x0000003c   Code   RO         1009    i.output_MDIO       emac_lpc17xx.o
    0x0000c4ec   0x0000c4ec   0x0000001c   Code   RO         2562    i.ping_send_req     Net_CM3_L.lib(net_ping_core.o)
    0x0000c508   0x0000c508   0x00000058   Code   RO         2465    i.proc_req_line     Net_CM3_L.lib(net_http_server.o)
    0x0000c560   0x0000c560   0x0000001a   Code   RO         2223    i.que_free_list     Net_CM3_L.lib(net_ip4_frag.o)
    0x0000c57a   0x0000c57a   0x000000a0   Code   RO         2466    i.read_script_line  Net_CM3_L.lib(net_http_server.o)
    0x0000c61a   0x0000c61a   0x00000002   PAD
    0x0000c61c   0x0000c61c   0x00000024   Code   RO          530    i.resetHoraFecha0   rtc.o
    0x0000c640   0x0000c640   0x00000048   Code   RO         2467    i.search_delim      Net_CM3_L.lib(net_http_server.o)
    0x0000c688   0x0000c688   0x00000014   Code   RO          531    i.setFecha          rtc.o
    0x0000c69c   0x0000c69c   0x00000010   Code   RO          532    i.setHora           rtc.o
    0x0000c6ac   0x0000c6ac   0x00000090   Code   RO         2538    i.sntp_listener     Net_CM3_L.lib(net_sntp_client_core.o)
    0x0000c73c   0x0000c73c   0x0000002c   Code   RO         2539    i.sntp_send_message  Net_CM3_L.lib(net_sntp_client_core.o)
    0x0000c768   0x0000c768   0x00000018   Code   RO         2540    i.sntp_stop         Net_CM3_L.lib(net_sntp_client_core.o)
    0x0000c780   0x0000c780   0x0000004c   Code   RO         2594    i.sys_proc_tick     Net_CM3_L.lib(net_sys.o)
    0x0000c7cc   0x0000c7cc   0x000000e4   Code   RO         2337    i.tcp_map_socket    Net_CM3_L.lib(net_tcp.o)
    0x0000c8b0   0x0000c8b0   0x0000005e   Code   RO         2338    i.tcp_parse_opt     Net_CM3_L.lib(net_tcp.o)
    0x0000c90e   0x0000c90e   0x00000002   PAD
    0x0000c910   0x0000c910   0x000000d4   Code   RO         2339    i.tcp_proc_acknr    Net_CM3_L.lib(net_tcp.o)
    0x0000c9e4   0x0000c9e4   0x00000060   Code   RO         2340    i.tcp_proc_dupack   Net_CM3_L.lib(net_tcp.o)
    0x0000ca44   0x0000ca44   0x0000001a   Code   RO         2341    i.tcp_que_free      Net_CM3_L.lib(net_tcp.o)
    0x0000ca5e   0x0000ca5e   0x0000001a   Code   RO         2342    i.tcp_que_init      Net_CM3_L.lib(net_tcp.o)
    0x0000ca78   0x0000ca78   0x00000098   Code   RO         2343    i.tcp_que_resend    Net_CM3_L.lib(net_tcp.o)
    0x0000cb10   0x0000cb10   0x0000007a   Code   RO         2344    i.tcp_send_ctrl     Net_CM3_L.lib(net_tcp.o)
    0x0000cb8a   0x0000cb8a   0x00000060   Code   RO         2345    i.tcp_send_data     Net_CM3_L.lib(net_tcp.o)
    0x0000cbea   0x0000cbea   0x00000076   Code   RO         2346    i.tcp_send_reset    Net_CM3_L.lib(net_tcp.o)
    0x0000cc60   0x0000cc60   0x0000002c   Code   RO         2347    i.tcp_set_cwnd      Net_CM3_L.lib(net_tcp.o)
    0x0000cc8c   0x0000cc8c   0x00000074   Code   RO         2348    i.tcp_transit       Net_CM3_L.lib(net_tcp.o)
    0x0000cd00   0x0000cd00   0x000000e8   Code   RO         2349    i.tcp_write         Net_CM3_L.lib(net_tcp.o)
    0x0000cde8   0x0000cde8   0x00000048   Code   RO          624    i.time_callback     sntp.o
    0x0000ce30   0x0000ce30   0x0000002c   Code   RO         1010    i.turnaround_MDIO   emac_lpc17xx.o
    0x0000ce5c   0x0000ce5c   0x0000002c   Code   RO         2261    i.udp_port_in_use   Net_CM3_L.lib(net_udp.o)
    0x0000ce88   0x0000ce88   0x000000ec   Code   RO          701    i.unix_time_in_seconds  mktime.o
    0x0000cf74   0x0000cf74   0x000000f0   Code   RO         2468    i.utc_to_http       Net_CM3_L.lib(net_http_server.o)
    0x0000d064   0x0000d064   0x00000034   Code   RO          376    i.wr_cmd            lcd.o
    0x0000d098   0x0000d098   0x00000034   Code   RO          377    i.wr_data           lcd.o
    0x0000d0cc   0x0000d0cc   0x00000024   Data   RO          106    .constdata          http_server.o
    0x0000d0f0   0x0000d0f0   0x00000004   Data   RO          315    .constdata          web.o
    0x0000d0f4   0x0000d0f4   0x00007764   Data   RO          316    .constdata          web.o
    0x00014858   0x00014858   0x000000b0   Data   RO          317    .constdata          web.o
    0x00014908   0x00014908   0x0000098c   Data   RO          379    .constdata          lcd.o
    0x00015294   0x00015294   0x00000008   Data   RO          470    .constdata          led.o
    0x0001529c   0x0001529c   0x00000008   Data   RO          625    .constdata          sntp.o
    0x000152a4   0x000152a4   0x00000024   Data   RO          855    .constdata          rtx_lib.o
    0x000152c8   0x000152c8   0x00000024   Data   RO          856    .constdata          rtx_lib.o
    0x000152ec   0x000152ec   0x00000018   Data   RO          857    .constdata          rtx_lib.o
    0x00015304   0x00015304   0x00000004   Data   RO          858    .constdata          rtx_lib.o
    0x00015308   0x00015308   0x00000004   Data   RO          935    .constdata          phy_dp83848c.o
    0x0001530c   0x0001530c   0x00000020   Data   RO          936    .constdata          phy_dp83848c.o
    0x0001532c   0x0001532c   0x00000008   Data   RO         1012    .constdata          emac_lpc17xx.o
    0x00015334   0x00015334   0x00000044   Data   RO         1013    .constdata          emac_lpc17xx.o
    0x00015378   0x00015378   0x00000050   Data   RO         1168    .constdata          ssp_lpc17xx.o
    0x000153c8   0x000153c8   0x00000002   Data   RO         1169    .constdata          ssp_lpc17xx.o
    0x000153ca   0x000153ca   0x00000002   Data   RO         1170    .constdata          ssp_lpc17xx.o
    0x000153cc   0x000153cc   0x0000002c   Data   RO         1171    .constdata          ssp_lpc17xx.o
    0x000153f8   0x000153f8   0x00000088   Data   RO         1582    .constdata          net_config.o
    0x00015480   0x00015480   0x00000020   Data   RO         1583    .constdata          net_config.o
    0x000154a0   0x000154a0   0x00000034   Data   RO         1584    .constdata          net_config.o
    0x000154d4   0x000154d4   0x00000028   Data   RO         1585    .constdata          net_config.o
    0x000154fc   0x000154fc   0x00000014   Data   RO         1586    .constdata          net_config.o
    0x00015510   0x00015510   0x00000024   Data   RO         1587    .constdata          net_config.o
    0x00015534   0x00015534   0x00000010   Data   RO         1588    .constdata          net_config.o
    0x00015544   0x00015544   0x00000010   Data   RO         1589    .constdata          net_config.o
    0x00015554   0x00015554   0x00000008   Data   RO         1590    .constdata          net_config.o
    0x0001555c   0x0001555c   0x0000000c   Data   RO         1591    .constdata          net_config.o
    0x00015568   0x00015568   0x00000018   Data   RO         1592    .constdata          net_config.o
    0x00015580   0x00015580   0x00000034   Data   RO         1593    .constdata          net_config.o
    0x000155b4   0x000155b4   0x00000008   Data   RO         1594    .constdata          net_config.o
    0x000155bc   0x000155bc   0x00000024   Data   RO         1595    .constdata          net_config.o
    0x000155e0   0x000155e0   0x00000020   Data   RO         1596    .constdata          net_config.o
    0x00015600   0x00015600   0x00000010   Data   RO         1598    .constdata          net_config.o
    0x00015610   0x00015610   0x00000010   Data   RO         1599    .constdata          net_config.o
    0x00015620   0x00015620   0x00000010   Data   RO         1600    .constdata          net_config.o
    0x00015630   0x00015630   0x000000fa   Data   RO         2470    .constdata          Net_CM3_L.lib(net_http_server.o)
    0x0001572a   0x0001572a   0x00000012   Data   RO         2564    .constdata          Net_CM3_L.lib(net_ping_core.o)
    0x0001573c   0x0001573c   0x00000010   Data   RO         2651    .constdata          Net_CM3_L.lib(net_addr.o)
    0x0001574c   0x0001574c   0x00000006   Data   RO         2652    .constdata          Net_CM3_L.lib(net_addr.o)
    0x00015752   0x00015752   0x00000004   Data   RO         2988    .constdata          Net_CM3_L.lib(net_ip4.o)
    0x00015756   0x00015756   0x00000020   Data   RO         3034    .constdata          Net_CM3_L.lib(net_ip6.o)
    0x00015776   0x00015776   0x00000010   Data   RO         3035    .constdata          Net_CM3_L.lib(net_ip6.o)
    0x00015786   0x00015786   0x00000002   PAD
    0x00015788   0x00015788   0x00000018   Data   RO         3067    .constdata          Net_CM3_L.lib(net_http_server_err.o)
    0x000157a0   0x000157a0   0x00000004   Data   RO         3127    .constdata          Net_CM3_L.lib(net_version.o)
    0x000157a4   0x000157a4   0x0000000c   Data   RO         3141    .constdata          mc_w.l(localtime.o)
    0x000157b0   0x000157b0   0x00000081   Data   RO         3495    .constdata          mc_w.l(ctype_o.o)
    0x00015831   0x00015831   0x00000003   PAD
    0x00015834   0x00015834   0x00000004   Data   RO         3496    .constdata          mc_w.l(ctype_o.o)
    0x00015838   0x00015838   0x000000da   Data   RO          260    .conststring        http_server_cgi.o
    0x00015912   0x00015912   0x00000002   PAD
    0x00015914   0x00015914   0x00000063   Data   RO         1601    .conststring        net_config.o
    0x00015977   0x00015977   0x00000001   PAD
    0x00015978   0x00015978   0x00000008   Data   RO         1602    .conststring        net_config.o
    0x00015980   0x00015980   0x00000038   Data   RO         1603    .conststring        net_config.o
    0x000159b8   0x000159b8   0x0000003d   Data   RO         1604    .conststring        net_config.o
    0x000159f5   0x000159f5   0x00000003   PAD
    0x000159f8   0x000159f8   0x00000012   Data   RO         1605    .conststring        net_config.o
    0x00015a0a   0x00015a0a   0x00000002   PAD
    0x00015a0c   0x00015a0c   0x00000001   Data   RO         1606    .conststring        net_config.o
    0x00015a0d   0x00015a0d   0x00000003   PAD
    0x00015a10   0x00015a10   0x0000000f   Data   RO         1607    .conststring        net_config.o
    0x00015a1f   0x00015a1f   0x00000001   PAD
    0x00015a20   0x00015a20   0x00000203   Data   RO         3068    .conststring        Net_CM3_L.lib(net_http_server_err.o)
    0x00015c23   0x00015c23   0x00000001   PAD
    0x00015c24   0x00015c24   0x000000a0   Data   RO          863    .rodata             rtx_lib.o
    0x00015cc4   0x00015cc4   0x0000000b   Data   RO         1878    .rodata.str1.4      RTX_CM3.lib(rtx_kernel.o)
    0x00015ccf   0x00015ccf   0x00000001   PAD
    0x00015cd0   0x00015cd0   0x00000040   Data   RO         3532    Region$$Table       anon$$obj.o


    Execution Region RW_IRAM1 (Exec base: 0x10000000, Load base: 0x00015d10, Size: 0x00005c68, Max: 0x00008000, ABSOLUTE, COMPRESSED[0x00000088])

    Exec Addr    Load Addr    Size         Type   Attr      Idx    E Section Name        Object

    0x10000000   COMPRESSED   0x00001000   Data   RW          844    .bss.os             rtx_lib.o
    0x10001000   COMPRESSED   0x00000040   Data   RW          845    .bss.os             rtx_lib.o
    0x10001040   COMPRESSED   0x00000034   Data   RW          846    .bss.os.msgqueue.cb  rtx_lib.o
    0x10001074   COMPRESSED   0x0000001c   Data   RW         1574    .bss.os.mutex.cb    net_config.o
    0x10001090   COMPRESSED   0x0000001c   Data   RW         1575    .bss.os.mutex.cb    net_config.o
    0x100010ac   COMPRESSED   0x00000010   Data   RW         1576    .bss.os.semaphore.cb  net_config.o
    0x100010bc   COMPRESSED   0x000002ec   Data   RW          848    .bss.os.thread.cb   rtx_lib.o
    0x100013a8   COMPRESSED   0x00000044   Data   RW          849    .bss.os.thread.cb   rtx_lib.o
    0x100013ec   COMPRESSED   0x00000044   Data   RW          850    .bss.os.thread.cb   rtx_lib.o
    0x10001430   COMPRESSED   0x00000044   Data   RW         1577    .bss.os.thread.cb   net_config.o
    0x10001474   COMPRESSED   0x00000044   Data   RW         1578    .bss.os.thread.cb   net_config.o
    0x100014b8   COMPRESSED   0x00000100   Data   RW          853    .bss.os.thread.stack  rtx_lib.o
    0x100015b8   COMPRESSED   0x00000400   Data   RW         1579    .bss.os.thread.stack  net_config.o
    0x100019b8   COMPRESSED   0x00000200   Data   RW         1580    .bss.os.thread.stack  net_config.o
    0x10001bb8   COMPRESSED   0x00000020   Data   RW          854    .bss.os.timer.cb    rtx_lib.o
    0x10001bd8   COMPRESSED   0x00000020   Data   RW         1581    .bss.os.timer.cb    net_config.o
    0x10001bf8   COMPRESSED   0x00000082   Data   RW          107    .data               http_server.o
    0x10001c7a   COMPRESSED   0x00000002   PAD
    0x10001c7c   COMPRESSED   0x00000008   Data   RW          261    .data               http_server_cgi.o
    0x10001c84   COMPRESSED   0x00000010   Data   RW          380    .data               lcd.o
    0x10001c94   COMPRESSED   0x00000018   Data   RW         1014    .data               emac_lpc17xx.o
    0x10001cac   COMPRESSED   0x00000008   Data   RW         1320    .data               gpdma_lpc17xx.o
    0x10001cb4   COMPRESSED   0x00000006   Data   RW         1608    .data               net_config.o
    0x10001cba   COMPRESSED   0x00000002   Data   RW         1609    .data               net_config.o
    0x10001cbc   COMPRESSED   0x00000004   Data   RW         2224    .data               Net_CM3_L.lib(net_ip4_frag.o)
    0x10001cc0   COMPRESSED   0x0000000c   Data   RW         2471    .data               Net_CM3_L.lib(net_http_server.o)
    0x10001ccc   COMPRESSED   0x00000002   Data   RW         2881    .data               Net_CM3_L.lib(net_arp.o)
    0x10001cce   COMPRESSED   0x00000002   PAD
    0x10001cd0   COMPRESSED   0x00000008   Data   RW         2989    .data               Net_CM3_L.lib(net_ip4.o)
    0x10001cd8   COMPRESSED   0x00000004   Data   RW         3462    .data               mc_w.l(errno.o)
    0x10001cdc   COMPRESSED   0x000000a4   Data   RW         1879    .data.os            RTX_CM3.lib(rtx_kernel.o)
    0x10001d80        -       0x00000140   Zero   RW          104    .bss                http_server.o
    0x10001ec0        -       0x00000400   Zero   RW          105    .bss                http_server.o
    0x100022c0        -       0x00000038   Zero   RW          259    .bss                http_server_cgi.o
    0x100022f8        -       0x00000300   Zero   RW          378    .bss                lcd.o
    0x100025f8        -       0x0000000c   Zero   RW          934    .bss                phy_dp83848c.o
    0x10002604        -       0x000000a0   Zero   RW         1319    .bss                gpdma_lpc17xx.o
    0x100026a4        -       0x00002ee0   Zero   RW         1565    .bss                net_config.o
    0x10005584        -       0x00000064   Zero   RW         1569    .bss                net_config.o
    0x100055e8        -       0x0000003c   Zero   RW         1571    .bss                net_config.o
    0x10005624        -       0x00000210   Zero   RW         1572    .bss                net_config.o
    0x10005834        -       0x00000150   Zero   RW         1573    .bss                net_config.o
    0x10005984        -       0x00000098   Zero   RW         2174    .bss                Net_CM3_L.lib(net_eth.o)
    0x10005a1c        -       0x00000018   Zero   RW         2262    .bss                Net_CM3_L.lib(net_udp.o)
    0x10005a34        -       0x0000002c   Zero   RW         3140    .bss                mc_w.l(localtime.o)
    0x10005a60        -       0x00000001   Zero   RW         2847    .bss.PendST         RTX_CM3.lib(os_systick.o)
    0x10005a61   COMPRESSED   0x00000007   PAD
    0x10005a68        -       0x00000200   Zero   RW         1484    STACK               startup_lpc17xx.o


    Execution Region RW_IRAM2 (Exec base: 0x2007c000, Load base: 0x00015d98, Size: 0x00005c68, Max: 0x00008000, ABSOLUTE, COMPRESSED[0x00000098])

    Exec Addr    Load Addr    Size         Type   Attr      Idx    E Section Name        Object

    0x2007c000   COMPRESSED   0x00000050   Data   RW          847    .bss.os.msgqueue.mem  rtx_lib.o
    0x2007c050   COMPRESSED   0x00002c00   Data   RW          851    .bss.os.thread.stack  rtx_lib.o
    0x2007ec50   COMPRESSED   0x00000100   Data   RW          852    .bss.os.thread.stack  rtx_lib.o
    0x2007ed50   COMPRESSED   0x00000002   Data   RW          336    .data               adc.o
    0x2007ed52   COMPRESSED   0x00000002   PAD
    0x2007ed54   COMPRESSED   0x00000068   Data   RW          702    .data               mktime.o
    0x2007edbc   COMPRESSED   0x00000004   Data   RW          728    .data               lpc17xx_iap.o
    0x2007edc0   COMPRESSED   0x00000008   Data   RW         1172    .data               ssp_lpc17xx.o
    0x2007edc8   COMPRESSED   0x00000004   Data   RW         1499    .data               system_lpc17xx.o
    0x2007edcc   COMPRESSED   0x00000008   Data   RW         2205    .data               Net_CM3_L.lib(net_loopback.o)
    0x2007edd4   COMPRESSED   0x00000002   Data   RW         2263    .data               Net_CM3_L.lib(net_udp.o)
    0x2007edd6   COMPRESSED   0x00000004   Data   RW         2352    .data               Net_CM3_L.lib(net_tcp.o)
    0x2007edda   COMPRESSED   0x00000002   PAD
    0x2007eddc   COMPRESSED   0x0000000c   Data   RW         2596    .data               Net_CM3_L.lib(net_sys.o)
    0x2007ede8   COMPRESSED   0x00000002   Data   RW         2939    .data               Net_CM3_L.lib(net_ndp.o)
    0x2007edea   COMPRESSED   0x00000002   PAD
    0x2007edec   COMPRESSED   0x00000008   Data   RW         3036    .data               Net_CM3_L.lib(net_ip6.o)
    0x2007edf4   COMPRESSED   0x00000018   Data   RW          860    .data.os.thread.mpi  rtx_lib.o
    0x2007ee0c   COMPRESSED   0x00000018   Data   RW          861    .data.os.thread.mpi  rtx_lib.o
    0x2007ee24   COMPRESSED   0x00000018   Data   RW          862    .data.os.timer.mpi  rtx_lib.o
    0x2007ee3c   COMPRESSED   0x00000004   PAD
    0x2007ee40        -       0x00002a74   Zero   RW         1011    .bss                emac_lpc17xx.o
    0x200818b4        -       0x00000010   Zero   RW         1166    .bss                ssp_lpc17xx.o
    0x200818c4        -       0x0000001c   Zero   RW         1167    .bss                ssp_lpc17xx.o
    0x200818e0        -       0x000000c8   Zero   RW         1566    .bss                net_config.o
    0x200819a8        -       0x00000018   Zero   RW         1567    .bss                net_config.o
    0x200819c0        -       0x000000a0   Zero   RW         1568    .bss                net_config.o
    0x20081a60        -       0x00000028   Zero   RW         1570    .bss                net_config.o
    0x20081a88        -       0x00000098   Zero   RW         2469    .bss                Net_CM3_L.lib(net_http_server.o)
    0x20081b20        -       0x0000002c   Zero   RW         2541    .bss                Net_CM3_L.lib(net_sntp_client_core.o)
    0x20081b4c        -       0x00000028   Zero   RW         2563    .bss                Net_CM3_L.lib(net_ping_core.o)
    0x20081b74        -       0x00000038   Zero   RW         2595    .bss                Net_CM3_L.lib(net_sys.o)
    0x20081bac        -       0x0000005c   Zero   RW         2650    .bss                Net_CM3_L.lib(net_addr.o)
    0x20081c08        -       0x00000010   Zero   RW         2880    .bss                Net_CM3_L.lib(net_arp.o)
    0x20081c18        -       0x0000003a   Zero   RW         2938    .bss                Net_CM3_L.lib(net_ndp.o)
    0x20081c52   COMPRESSED   0x00000002   PAD
    0x20081c54        -       0x00000014   Zero   RW         3083    .bss                Net_CM3_L.lib(net_mem.o)


==============================================================================

Image component sizes


      Code (inc. data)   RO Data    RW Data    ZI Data      Debug   Object Name

        96         22          0          2          0       1165   adc.o
      2654        196         76         24      10868      54005   emac_lpc17xx.o
       862         78          0          8        160       8726   gpdma_lpc17xx.o
       100         20          0          0          0       2367   gpio_lpc17xx.o
      1524        182         36        130       1344      21423   http_server.o
      1612        288        218          8         56       8615   http_server_cgi.o
       764         66       2444         16        768      11122   lcd.o
       194         14          8          0          0       2949   led.o
       246         28          0          4          0       4237   lpc17xx_iap.o
        40          8          0          0          0      26435   main.o
       236         10          0        104          0       1971   mktime.o
       190         34        826       1784      13448      36999   net_config.o
       488         36         36          0         12      11442   phy_dp83848c.o
       104          4          0          0          0        904   pin_lpc17xx.o
       130          0          0          0          0       1881   rgb.o
       346         72          0          0          0      33297   rtc.o
         4          0          0          0          0       1009   rtx_config.o
         0          0        260      17056          0       9262   rtx_lib.o
        88         12          8          0          0       2932   sntp.o
      3106        102        128          8         44      27506   ssp_lpc17xx.o
        40         12        204          0        512       1116   startup_lpc17xx.o
       120         16          0          0          0      27557   switch.o
       416         36          0          4          0       1571   system_lpc17xx.o
        92         10      30744          0          0       1760   web.o

    ----------------------------------------------------------------------
     13466       1246      35064      19152      27216     300251   Object Totals
         0          0         64          0          0          0   (incl. Generated)
        14          0         12          4          4          0   (incl. Padding)

    ----------------------------------------------------------------------

      Code (inc. data)   RO Data    RW Data    ZI Data      Debug   Library Member Name

      1402         78         22          0         92       1616   net_addr.o
      2050        128          0          2         16       1348   net_arp.o
       182          6          0          0          0        436   net_common.o
      2684        188          0          0        152       1372   net_eth.o
      5922       1272        250         12        152       2768   net_http_server.o
         0          0        539          0          0          0   net_http_server_err.o
       372         26          0          0          0        164   net_icmp.o
       480         32          0          0          0        252   net_icmp6.o
      1210         94          4          8          0        968   net_ip4.o
       690         30          0          4          0        476   net_ip4_frag.o
       878         90         48          8          0        728   net_ip6.o
       264         24          0          8          0        244   net_loopback.o
       452         46          0          0         20        556   net_mem.o
      2716        156          0          2         58       1656   net_ndp.o
       108         20         18          0         40        212   net_ping_core.o
       616         44          0          0         44        564   net_sntp_client_core.o
       704         76          0         12         56        808   net_sys.o
      4858        178          0          4          0       2600   net_tcp.o
       962         40          0          2         24        644   net_udp.o
         0          0          4          0          0          0   net_version.o
       148         10          0          0          0        484   irq_cm3.o
       182         48          0          0          1       3108   os_systick.o
        56          4          0          0          0       2838   rtx_delay.o
       674         48         11        164          0      17132   rtx_kernel.o
       264          0          0          0          0       2403   rtx_memory.o
       202          0          0          0          0      16408   rtx_mempool.o
      1368         28          0          0          0      18781   rtx_msgqueue.o
       618         24          0          0          0       9465   rtx_mutex.o
       574         24          0          0          0      10965   rtx_semaphore.o
       372         26          0          0          0       5417   rtx_system.o
      2114        120          0          0          0      32225   rtx_thread.o
       552         40          0          0          0      10252   rtx_timer.o
        56          8          0          0          0         84   __0sscanf.o
        86          0          0          0          0          0   __dczerorl2.o
        28          0          0          0          0         68   _chval.o
       812          4          0          0          0        112   _scanf.o
       332          0          0          0          0         96   _scanf_int.o
        64          0          0          0          0         84   _sgetc.o
       158          0          0          0          0         92   _strtoul.o
        26          0          0          0          0         80   atoi.o
         8          4        133          0          0         68   ctype_o.o
         0          0          0          0          0          0   entry.o
         0          0          0          0          0          0   entry10a.o
         0          0          0          0          0          0   entry11a.o
         8          4          0          0          0          0   entry2.o
         4          0          0          0          0          0   entry5.o
         0          0          0          0          0          0   entry7b.o
         0          0          0          0          0          0   entry8b.o
         8          4          0          0          0          0   entry9a.o
         8          4          0          4          0         68   errno.o
        30          0          0          0          0          0   handlers.o
        36          8          0          0          0         68   init.o
        18          0          0          0          0         76   isspace_o.o
         0          0          0          0          0          0   iusefp.o
        30          0          0          0          0         68   llshl.o
        36          0          0          0          0         68   llsshr.o
        32          0          0          0          0         68   llushr.o
       148         10         12          0         44         76   localtime.o
        26          0          0          0          0         80   memcmp.o
        36          0          0          0          0         68   memcpya.o
        36          0          0          0          0        108   memseta.o
      2276         86          0          0          0        520   printfa.o
        40          8          0          0          0         84   scanf_char.o
        28          0          0          0          0         76   strcmp.o
        18          0          0          0          0         68   strcpy.o
        14          0          0          0          0         68   strlen.o
        30          0          0          0          0         80   strncmp.o
       112          0          0          0          0         88   strtol.o
        44          0          0          0          0         80   uidiv.o
        98          0          0          0          0         92   uldiv.o
        48          0          0          0          0         68   cdrcmple.o
       334          0          0          0          0        148   dadd.o
       222          0          0          0          0        100   ddiv.o
       186          0          0          0          0        176   depilogue.o
        48          0          0          0          0         68   dfixul.o
       228          0          0          0          0         96   dmul.o
        46          0          0          0          0         80   dscalb.o
        38          0          0          0          0         68   f2d.o
       110          0          0          0          0        168   fepilogue.o
        10          0          0          0          0         68   ffltui.o
       100          0          0          0          0         76   fmul.o

    ----------------------------------------------------------------------
     39782       3040       1048        236        708     150594   Library Totals
        52          0          7          6          9          0   (incl. Padding)

    ----------------------------------------------------------------------

      Code (inc. data)   RO Data    RW Data    ZI Data      Debug   Library Name

     26550       2528        885         62        654      17412   Net_CM3_L.lib
      7124        372         11        164          1     129478   RTX_CM3.lib
      4686        140        145          4         44       2588   mc_w.l
      1370          0          0          0          0       1116   mf_w.l

    ----------------------------------------------------------------------
     39782       3040       1048        236        708     150594   Library Totals

    ----------------------------------------------------------------------

==============================================================================


      Code (inc. data)   RO Data    RW Data    ZI Data      Debug   

     53248       4286      36112      19388      27924     429181   Grand Totals
     53248       4286      36112        288      27924     429181   ELF Image Totals (compressed)
     53248       4286      36112        288          0          0   ROM Totals

==============================================================================

    Total RO  Size (Code + RO Data)                89360 (  87.27kB)
    Total RW  Size (RW Data + ZI Data)             47312 (  46.20kB)
    Total ROM Size (Code + RO Data + RW Data)      89648 (  87.55kB)

==============================================================================

